0 verbose cli /usr/bin/node /usr/bin/npm
1 info using npm@10.8.2
2 info using node@v20.20.2
3 silly config load:file:/usr/lib/node_modules/npm/npmrc
4 silly config load:file:/home/user/.npmrc
5 silly config load:file:/usr/etc/npmrc
6 verbose title npm install express sqlite3
7 verbose argv "install" "express" "sqlite3" "--save"
8 verbose logfile logs-max:10 dir:/home/user/.npm/_logs/2026-09-04T01_42_16_788Z-
9 verbose logfile /home/user/.npm/_logs/2026-09-04T01_42_16_788Z-debug-0.log
10 silly packumentCache heap:998768640 maxSize:249692160 maxEntrySize:124846080
11 silly logfile done cleaning log files
12 silly idealTree buildDeps
13 silly fetch manifest express@^4.19.2
14 silly packumentCache full:https://registry.npmjs.org/express cache-miss
15 http fetch GET 200 https://registry.npmjs.org/express 135ms (cache miss)
16 silly packumentCache full:https://registry.npmjs.org/express set size:undefined disposed:false
17 silly fetch manifest sqlite3@^5.1.7
18 silly packumentCache full:https://registry.npmjs.org/sqlite3 cache-miss
19 http fetch GET 200 https://registry.npmjs.org/sqlite3 42ms (cache miss)
20 silly packumentCache full:https://registry.npmjs.org/sqlite3 set size:undefined disposed:false
21 silly placeDep ROOT express@4.22.2 REPLACE for: tesla-platform@2.0.0 want: ^4.19.2
22 silly placeDep ROOT sqlite3@5.1.7 REPLACE for: tesla-platform@2.0.0 want: ^5.1.7
23 silly reify moves {}
24 silly audit bulk request {
24 silly audit   '@gar/promisify': [ '1.1.3' ],
24 silly audit   '@npmcli/fs': [ '1.1.1' ],
24 silly audit   '@npmcli/move-file': [ '1.1.2' ],
24 silly audit   '@tootallnate/once': [ '1.1.2' ],
24 silly audit   abbrev: [ '1.1.1' ],
24 silly audit   accepts: [ '1.3.8' ],
24 silly audit   'agent-base': [ '6.0.2' ],
24 silly audit   debug: [ '4.4.3', '2.6.9' ],
24 silly audit   ms: [ '2.1.3', '2.0.0' ],
24 silly audit   agentkeepalive: [ '4.6.0' ],
24 silly audit   'aggregate-error': [ '3.1.0' ],
24 silly audit   'ansi-regex': [ '5.0.1' ],
24 silly audit   aproba: [ '2.1.0' ],
24 silly audit   'are-we-there-yet': [ '3.0.1' ],
24 silly audit   'array-flatten': [ '1.1.1' ],
24 silly audit   'balanced-match': [ '1.0.2' ],
24 silly audit   'base64-js': [ '1.5.1' ],
24 silly audit   bindings: [ '1.5.0' ],
24 silly audit   bl: [ '4.1.0' ],
24 silly audit   'body-parser': [ '1.20.6' ],
24 silly audit   'brace-expansion': [ '1.1.18' ],
24 silly audit   buffer: [ '5.7.1' ],
24 silly audit   bytes: [ '3.1.2' ],
24 silly audit   cacache: [ '15.3.0' ],
24 silly audit   'call-bind-apply-helpers': [ '1.0.2' ],
24 silly audit   'call-bound': [ '1.0.4' ],
24 silly audit   chownr: [ '2.0.0', '1.1.4' ],
24 silly audit   'clean-stack': [ '2.2.0' ],
24 silly audit   'color-support': [ '1.1.3' ],
24 silly audit   'concat-map': [ '0.0.1' ],
24 silly audit   'console-control-strings': [ '1.1.0' ],
24 silly audit   'content-disposition': [ '0.5.4' ],
24 silly audit   'content-type': [ '1.0.5' ],
24 silly audit   cookie: [ '0.7.2' ],
24 silly audit   'cookie-signature': [ '1.0.7' ],
24 silly audit   'decompress-response': [ '6.0.0' ],
24 silly audit   'deep-extend': [ '0.6.0' ],
24 silly audit   delegates: [ '1.0.0' ],
24 silly audit   depd: [ '2.0.0' ],
24 silly audit   destroy: [ '1.2.0' ],
24 silly audit   'detect-libc': [ '2.1.2' ],
24 silly audit   dotenv: [ '17.4.2' ],
24 silly audit   'dunder-proto': [ '1.0.1' ],
24 silly audit   'ee-first': [ '1.1.1' ],
24 silly audit   'emoji-regex': [ '8.0.0' ],
24 silly audit   encodeurl: [ '2.0.0' ],
24 silly audit   encoding: [ '0.1.13' ],
24 silly audit   'iconv-lite': [ '0.6.3', '0.4.24' ],
24 silly audit   'end-of-stream': [ '1.4.5' ],
24 silly audit   'env-paths': [ '2.2.1' ],
24 silly audit   'err-code': [ '2.0.3' ],
24 silly audit   'es-define-property': [ '1.0.1' ],
24 silly audit   'es-errors': [ '1.3.0' ],
24 silly audit   'es-object-atoms': [ '1.1.2' ],
24 silly audit   'escape-html': [ '1.0.3' ],
24 silly audit   etag: [ '1.8.1' ],
24 silly audit   'expand-template': [ '2.0.3' ],
24 silly audit   'file-uri-to-path': [ '1.0.0' ],
24 silly audit   finalhandler: [ '1.3.2' ],
24 silly audit   forwarded: [ '0.2.0' ],
24 silly audit   fresh: [ '0.5.2' ],
24 silly audit   'fs-constants': [ '1.0.0' ],
24 silly audit   'fs-minipass': [ '2.1.0' ],
24 silly audit   'fs.realpath': [ '1.0.0' ],
24 silly audit   'function-bind': [ '1.1.2' ],
24 silly audit   gauge: [ '4.0.4' ],
24 silly audit   'get-intrinsic': [ '1.3.0' ],
24 silly audit   'get-proto': [ '1.0.1' ],
24 silly audit   'github-from-package': [ '0.0.0' ],
24 silly audit   glob: [ '7.2.3' ],
24 silly audit   gopd: [ '1.2.0' ],
24 silly audit   'graceful-fs': [ '4.2.11' ],
24 silly audit   'has-symbols': [ '1.1.0' ],
24 silly audit   'has-unicode': [ '2.0.1' ],
24 silly audit   hasown: [ '2.0.4' ],
24 silly audit   'http-cache-semantics': [ '4.2.0' ],
24 silly audit   'http-errors': [ '2.0.1' ],
24 silly audit   'http-proxy-agent': [ '4.0.1' ],
24 silly audit   'https-proxy-agent': [ '5.0.1' ],
24 silly audit   'humanize-ms': [ '1.2.1' ],
24 silly audit   ieee754: [ '1.2.1' ],
24 silly audit   imurmurhash: [ '0.1.4' ],
24 silly audit   'indent-string': [ '4.0.0' ],
24 silly audit   'infer-owner': [ '1.0.4' ],
24 silly audit   inflight: [ '1.0.6' ],
24 silly audit   inherits: [ '2.0.4' ],
24 silly audit   ini: [ '1.3.8' ],
24 silly audit   'ip-address': [ '10.7.0' ],
24 silly audit   'ipaddr.js': [ '1.9.1' ],
24 silly audit   'is-fullwidth-code-point': [ '3.0.0' ],
24 silly audit   'is-lambda': [ '1.0.1' ],
24 silly audit   isexe: [ '2.0.0' ],
24 silly audit   'lru-cache': [ '6.0.0' ],
24 silly audit   'make-fetch-happen': [ '9.1.0' ],
24 silly audit   'math-intrinsics': [ '1.1.0' ],
24 silly audit   'media-typer': [ '0.3.0' ],
24 silly audit   'merge-descriptors': [ '1.0.3' ],
24 silly audit   methods: [ '1.1.2' ],
24 silly audit   mime: [ '1.6.0' ],
24 silly audit   'mime-db': [ '1.52.0' ],
24 silly audit   'mime-types': [ '2.1.35' ],
24 silly audit   'mimic-response': [ '3.1.0' ],
24 silly audit   minimatch: [ '3.1.5' ],
24 silly audit   minimist: [ '1.2.8' ],
24 silly audit   minipass: [ '3.3.6', '5.0.0' ],
24 silly audit   'minipass-collect': [ '1.0.2' ],
24 silly audit   'minipass-fetch': [ '1.4.1' ],
24 silly audit   'minipass-flush': [ '1.0.7' ],
24 silly audit   'minipass-pipeline': [ '1.2.4' ],
24 silly audit   'minipass-sized': [ '1.0.3' ],
24 silly audit   minizlib: [ '2.1.2' ],
24 silly audit   mkdirp: [ '1.0.4' ],
24 silly audit   'mkdirp-classic': [ '0.5.3' ],
24 silly audit   'napi-build-utils': [ '2.0.0' ],
24 silly audit   negotiator: [ '0.6.3' ],
24 silly audit   'node-abi': [ '3.96.0' ],
24 silly audit   'node-addon-api': [ '7.1.1' ],
24 silly audit   'node-gyp': [ '8.4.1' ],
24 silly audit   nopt: [ '5.0.0' ],
24 silly audit   npmlog: [ '6.0.2' ],
24 silly audit   'object-inspect': [ '1.13.4' ],
24 silly audit   'on-finished': [ '2.4.1' ],
24 silly audit   once: [ '1.4.0' ],
24 silly audit   'p-map': [ '4.0.0' ],
24 silly audit   parseurl: [ '1.3.3' ],
24 silly audit   'path-is-absolute': [ '1.0.1' ],
24 silly audit   'path-to-regexp': [ '0.1.13' ],
24 silly audit   'prebuild-install': [ '7.1.3' ],
24 silly audit   'promise-inflight': [ '1.0.1' ],
24 silly audit   'promise-retry': [ '2.0.1' ],
24 silly audit   'proxy-addr': [ '2.0.7' ],
24 silly audit   pump: [ '3.0.4' ],
24 silly audit   qs: [ '6.15.3' ],
24 silly audit   'range-parser': [ '1.2.1' ],
24 silly audit   'raw-body': [ '2.5.3' ],
24 silly audit   rc: [ '1.2.8' ],
24 silly audit   'readable-stream': [ '3.6.2' ],
24 silly audit   retry: [ '0.12.0' ],
24 silly audit   rimraf: [ '3.0.2' ],
24 silly audit   'safe-buffer': [ '5.2.1' ],
24 silly audit   'safer-buffer': [ '2.1.2' ],
24 silly audit   semver: [ '7.8.5' ],
24 silly audit   send: [ '0.19.2' ],
24 silly audit   'serve-static': [ '1.16.3' ],
24 silly audit   'set-blocking': [ '2.0.0' ],
24 silly audit   setprototypeof: [ '1.2.0' ],
24 silly audit   'side-channel': [ '1.1.1' ],
24 silly audit   'side-channel-list': [ '1.0.1' ],
24 silly audit   'side-channel-map': [ '1.0.1' ],
24 silly audit   'side-channel-weakmap': [ '1.0.2' ],
24 silly audit   'signal-exit': [ '3.0.7' ],
24 silly audit   'simple-concat': [ '1.0.1' ],
24 silly audit   'simple-get': [ '4.0.1' ],
24 silly audit   'smart-buffer': [ '4.2.0' ],
24 silly audit   socks: [ '2.8.10' ],
24 silly audit   'socks-proxy-agent': [ '6.2.1' ],
24 silly audit   ssri: [ '8.0.1' ],
24 silly audit   statuses: [ '2.0.2' ],
24 silly audit   string_decoder: [ '1.3.0' ],
24 silly audit   'string-width': [ '4.2.3' ],
24 silly audit   'strip-ansi': [ '6.0.1' ],
24 silly audit   'strip-json-comments': [ '2.0.1' ],
24 silly audit   tar: [ '6.2.1' ],
24 silly audit   'tar-fs': [ '2.1.5' ],
24 silly audit   'tar-stream': [ '2.2.0' ],
24 silly audit   toidentifier: [ '1.0.1' ],
24 silly audit   'tunnel-agent': [ '0.6.0' ],
24 silly audit   'type-is': [ '1.6.18' ],
24 silly audit   'unique-filename': [ '1.1.1' ],
24 silly audit   'unique-slug': [ '2.0.2' ],
24 silly audit   unpipe: [ '1.0.0' ],
24 silly audit   'util-deprecate': [ '1.0.2' ],
24 silly audit   'utils-merge': [ '1.0.1' ],
24 silly audit   vary: [ '1.1.2' ],
24 silly audit   which: [ '2.0.2' ],
24 silly audit   'wide-align': [ '1.1.5' ],
24 silly audit   wrappy: [ '1.0.2' ],
24 silly audit   yallist: [ '4.0.0' ],
24 silly audit   express: [ '4.22.2' ],
24 silly audit   sqlite3: [ '5.1.7' ]
24 silly audit }
