0 verbose cli /usr/bin/node /usr/bin/npm
1 info using npm@10.8.2
2 info using node@v20.20.2
3 silly config load:file:/usr/lib/node_modules/npm/npmrc
4 silly config load:file:/home/user/.npmrc
5 silly config load:file:/usr/etc/npmrc
6 verbose title npm init
7 verbose argv "init" "--yes"
8 verbose logfile logs-max:10 dir:/home/user/.npm/_logs/2026-09-03T23_40_22_610Z-
9 verbose logfile /home/user/.npm/_logs/2026-09-03T23_40_22_610Z-debug-0.log
10 silly logfile done cleaning log files
11 silly package data {
11 silly package data   name: 'user',
11 silly package data   version: '1.0.0',
11 silly package data   description: 'A fully operational full-stack web platform inspired by [tesla.com](https://www.tesla.com), combining official Tesla design aesthetics with a robust Python REST API, SQLite database, multi-chain crypto escrow (USDT, USDC, ETH, BTC), live Supercharger locator, Stock Watcher, and Fleet API Vehicle Command proxy.',
11 silly package data   main: 'app.js',
11 silly package data   scripts: { test: 'echo "Error: no test specified" && exit 1' },
11 silly package data   keywords: [],
11 silly package data   author: '',
11 silly package data   license: 'ISC'
11 silly package data }
12 verbose cwd /home/user
13 verbose os Linux 6.1.158+
14 verbose node v20.20.2
15 verbose npm  v10.8.2
16 verbose exit 0
17 info ok
