0 verbose cli /usr/bin/node /usr/bin/npm
1 info using npm@10.8.2
2 info using node@v20.20.2
3 silly config load:file:/usr/lib/node_modules/npm/npmrc
4 silly config load:file:/home/user/.npmrc
5 silly config load:file:/usr/etc/npmrc
6 verbose title npm install express sqlite3 dotenv
7 verbose argv "install" "express" "sqlite3" "dotenv"
8 verbose logfile logs-max:10 dir:/home/user/.npm/_logs/2026-09-03T23_40_23_369Z-
9 verbose logfile /home/user/.npm/_logs/2026-09-03T23_40_23_369Z-debug-0.log
10 silly packumentCache heap:998768640 maxSize:249692160 maxEntrySize:124846080
11 silly logfile done cleaning log files
12 silly idealTree buildDeps
13 silly fetch manifest express@*
14 silly packumentCache full:https://registry.npmjs.org/express cache-miss
15 http fetch GET 200 https://registry.npmjs.org/express 176ms (cache miss)
16 silly packumentCache full:https://registry.npmjs.org/express set size:undefined disposed:false
17 silly fetch manifest sqlite3@*
18 silly packumentCache full:https://registry.npmjs.org/sqlite3 cache-miss
19 http fetch GET 200 https://registry.npmjs.org/sqlite3 50ms (cache miss)
20 silly packumentCache full:https://registry.npmjs.org/sqlite3 set size:undefined disposed:false
21 silly fetch manifest dotenv@*
22 silly packumentCache full:https://registry.npmjs.org/dotenv cache-miss
23 http fetch GET 200 https://registry.npmjs.org/dotenv 48ms (cache miss)
24 silly packumentCache full:https://registry.npmjs.org/dotenv set size:undefined disposed:false
25 silly placeDep ROOT dotenv@17.4.2 OK for: user@1.0.0 want: *
26 silly placeDep ROOT express@5.2.1 OK for: user@1.0.0 want: *
27 silly placeDep ROOT sqlite3@6.0.1 OK for: user@1.0.0 want: *
28 silly fetch manifest qs@^6.14.0
29 silly packumentCache full:https://registry.npmjs.org/qs cache-miss
30 http fetch GET 200 https://registry.npmjs.org/qs 47ms (cache miss)
31 silly packumentCache full:https://registry.npmjs.org/qs set size:undefined disposed:false
32 silly fetch manifest depd@^2.0.0
33 silly packumentCache full:https://registry.npmjs.org/depd cache-miss
34 http fetch GET 200 https://registry.npmjs.org/depd 34ms (cache miss)
35 silly packumentCache full:https://registry.npmjs.org/depd set size:undefined disposed:false
36 silly fetch manifest etag@^1.8.1
37 silly packumentCache full:https://registry.npmjs.org/etag cache-miss
38 http fetch GET 200 https://registry.npmjs.org/etag 34ms (cache miss)
39 silly packumentCache full:https://registry.npmjs.org/etag set size:undefined disposed:false
40 silly fetch manifest once@^1.4.0
41 silly packumentCache full:https://registry.npmjs.org/once cache-miss
42 http fetch GET 200 https://registry.npmjs.org/once 37ms (cache miss)
43 silly packumentCache full:https://registry.npmjs.org/once set size:undefined disposed:false
44 silly fetch manifest send@^1.1.0
45 silly packumentCache full:https://registry.npmjs.org/send cache-miss
46 http fetch GET 200 https://registry.npmjs.org/send 44ms (cache miss)
47 silly packumentCache full:https://registry.npmjs.org/send set size:undefined disposed:false
48 silly fetch manifest vary@^1.1.2
49 silly packumentCache full:https://registry.npmjs.org/vary cache-miss
50 http fetch GET 200 https://registry.npmjs.org/vary 35ms (cache miss)
51 silly packumentCache full:https://registry.npmjs.org/vary set size:undefined disposed:false
52 silly fetch manifest debug@^4.4.0
53 silly packumentCache full:https://registry.npmjs.org/debug cache-miss
54 http fetch GET 200 https://registry.npmjs.org/debug 53ms (cache miss)
55 silly packumentCache full:https://registry.npmjs.org/debug set size:undefined disposed:false
56 silly fetch manifest fresh@^2.0.0
57 silly packumentCache full:https://registry.npmjs.org/fresh cache-miss
58 http fetch GET 200 https://registry.npmjs.org/fresh 42ms (cache miss)
59 silly packumentCache full:https://registry.npmjs.org/fresh set size:undefined disposed:false
60 silly fetch manifest cookie@^0.7.1
61 silly packumentCache full:https://registry.npmjs.org/cookie cache-miss
62 http fetch GET 200 https://registry.npmjs.org/cookie 80ms (cache miss)
63 silly packumentCache full:https://registry.npmjs.org/cookie set size:undefined disposed:false
64 silly fetch manifest router@^2.2.0
65 silly packumentCache full:https://registry.npmjs.org/router cache-miss
66 http fetch GET 200 https://registry.npmjs.org/router 40ms (cache miss)
67 silly packumentCache full:https://registry.npmjs.org/router set size:undefined disposed:false
68 silly fetch manifest accepts@^2.0.0
69 silly packumentCache full:https://registry.npmjs.org/accepts cache-miss
70 http fetch GET 200 https://registry.npmjs.org/accepts 40ms (cache miss)
71 silly packumentCache full:https://registry.npmjs.org/accepts set size:undefined disposed:false
72 silly fetch manifest type-is@^2.0.1
73 silly packumentCache full:https://registry.npmjs.org/type-is cache-miss
74 http fetch GET 200 https://registry.npmjs.org/type-is 36ms (cache miss)
75 silly packumentCache full:https://registry.npmjs.org/type-is set size:undefined disposed:false
76 silly fetch manifest parseurl@^1.3.3
77 silly packumentCache full:https://registry.npmjs.org/parseurl cache-miss
78 http fetch GET 200 https://registry.npmjs.org/parseurl 35ms (cache miss)
79 silly packumentCache full:https://registry.npmjs.org/parseurl set size:undefined disposed:false
80 silly fetch manifest statuses@^2.0.1
81 silly packumentCache full:https://registry.npmjs.org/statuses cache-miss
82 http fetch GET 200 https://registry.npmjs.org/statuses 38ms (cache miss)
83 silly packumentCache full:https://registry.npmjs.org/statuses set size:undefined disposed:false
84 silly fetch manifest encodeurl@^2.0.0
85 silly packumentCache full:https://registry.npmjs.org/encodeurl cache-miss
86 http fetch GET 200 https://registry.npmjs.org/encodeurl 32ms (cache miss)
87 silly packumentCache full:https://registry.npmjs.org/encodeurl set size:undefined disposed:false
88 silly fetch manifest mime-types@^3.0.0
89 silly packumentCache full:https://registry.npmjs.org/mime-types cache-miss
90 http fetch GET 200 https://registry.npmjs.org/mime-types 44ms (cache miss)
91 silly packumentCache full:https://registry.npmjs.org/mime-types set size:undefined disposed:false
92 silly fetch manifest proxy-addr@^2.0.7
93 silly packumentCache full:https://registry.npmjs.org/proxy-addr cache-miss
94 http fetch GET 200 https://registry.npmjs.org/proxy-addr 38ms (cache miss)
95 silly packumentCache full:https://registry.npmjs.org/proxy-addr set size:undefined disposed:false
96 silly fetch manifest body-parser@^2.2.1
97 silly packumentCache full:https://registry.npmjs.org/body-parser cache-miss
98 http fetch GET 200 https://registry.npmjs.org/body-parser 44ms (cache miss)
99 silly packumentCache full:https://registry.npmjs.org/body-parser set size:undefined disposed:false
100 silly fetch manifest escape-html@^1.0.3
101 silly packumentCache full:https://registry.npmjs.org/escape-html cache-miss
102 http fetch GET 200 https://registry.npmjs.org/escape-html 36ms (cache miss)
103 silly packumentCache full:https://registry.npmjs.org/escape-html set size:undefined disposed:false
104 silly fetch manifest http-errors@^2.0.0
105 silly packumentCache full:https://registry.npmjs.org/http-errors cache-miss
106 http fetch GET 200 https://registry.npmjs.org/http-errors 42ms (cache miss)
107 silly packumentCache full:https://registry.npmjs.org/http-errors set size:undefined disposed:false
108 silly fetch manifest on-finished@^2.4.1
109 silly packumentCache full:https://registry.npmjs.org/on-finished cache-miss
110 http fetch GET 200 https://registry.npmjs.org/on-finished 37ms (cache miss)
111 silly packumentCache full:https://registry.npmjs.org/on-finished set size:undefined disposed:false
112 silly fetch manifest content-type@^1.0.5
113 silly packumentCache full:https://registry.npmjs.org/content-type cache-miss
114 http fetch GET 200 https://registry.npmjs.org/content-type 40ms (cache miss)
115 silly packumentCache full:https://registry.npmjs.org/content-type set size:undefined disposed:false
116 silly fetch manifest finalhandler@^2.1.0
117 silly packumentCache full:https://registry.npmjs.org/finalhandler cache-miss
118 http fetch GET 200 https://registry.npmjs.org/finalhandler 37ms (cache miss)
119 silly packumentCache full:https://registry.npmjs.org/finalhandler set size:undefined disposed:false
120 silly fetch manifest range-parser@^1.2.1
121 silly packumentCache full:https://registry.npmjs.org/range-parser cache-miss
122 http fetch GET 200 https://registry.npmjs.org/range-parser 32ms (cache miss)
123 silly packumentCache full:https://registry.npmjs.org/range-parser set size:undefined disposed:false
124 silly fetch manifest serve-static@^2.2.0
125 silly packumentCache full:https://registry.npmjs.org/serve-static cache-miss
126 http fetch GET 200 https://registry.npmjs.org/serve-static 35ms (cache miss)
127 silly packumentCache full:https://registry.npmjs.org/serve-static set size:undefined disposed:false
128 silly fetch manifest cookie-signature@^1.2.1
129 silly packumentCache full:https://registry.npmjs.org/cookie-signature cache-miss
130 http fetch GET 200 https://registry.npmjs.org/cookie-signature 35ms (cache miss)
131 silly packumentCache full:https://registry.npmjs.org/cookie-signature set size:undefined disposed:false
132 silly fetch manifest merge-descriptors@^2.0.0
133 silly packumentCache full:https://registry.npmjs.org/merge-descriptors cache-miss
134 http fetch GET 200 https://registry.npmjs.org/merge-descriptors 31ms (cache miss)
135 silly packumentCache full:https://registry.npmjs.org/merge-descriptors set size:undefined disposed:false
136 silly fetch manifest content-disposition@^1.0.0
137 silly packumentCache full:https://registry.npmjs.org/content-disposition cache-miss
138 http fetch GET 200 https://registry.npmjs.org/content-disposition 32ms (cache miss)
139 silly packumentCache full:https://registry.npmjs.org/content-disposition set size:undefined disposed:false
140 silly fetch manifest bindings@^1.5.0
141 silly packumentCache full:https://registry.npmjs.org/bindings cache-miss
142 http fetch GET 200 https://registry.npmjs.org/bindings 37ms (cache miss)
143 silly packumentCache full:https://registry.npmjs.org/bindings set size:undefined disposed:false
144 silly fetch manifest node-addon-api@^8.0.0
145 silly packumentCache full:https://registry.npmjs.org/node-addon-api cache-miss
146 http fetch GET 200 https://registry.npmjs.org/node-addon-api 52ms (cache miss)
147 silly packumentCache full:https://registry.npmjs.org/node-addon-api set size:undefined disposed:false
148 silly fetch manifest prebuild-install@^7.1.3
149 silly packumentCache full:https://registry.npmjs.org/prebuild-install cache-miss
150 http fetch GET 200 https://registry.npmjs.org/prebuild-install 40ms (cache miss)
151 silly packumentCache full:https://registry.npmjs.org/prebuild-install set size:undefined disposed:false
152 silly fetch manifest tar@^7.5.10
153 silly packumentCache full:https://registry.npmjs.org/tar cache-miss
154 http fetch GET 200 https://registry.npmjs.org/tar 52ms (cache miss)
155 silly packumentCache full:https://registry.npmjs.org/tar set size:undefined disposed:false
156 silly fetch manifest node-gyp@12.x
157 silly packumentCache full:https://registry.npmjs.org/node-gyp cache-miss
158 http fetch GET 200 https://registry.npmjs.org/node-gyp 78ms (cache miss)
159 silly packumentCache full:https://registry.npmjs.org/node-gyp set size:undefined disposed:false
160 silly placeDep ROOT accepts@2.0.0 OK for: express@5.2.1 want: ^2.0.0
161 silly placeDep ROOT body-parser@2.3.0 OK for: express@5.2.1 want: ^2.2.1
162 silly placeDep ROOT content-disposition@1.1.0 OK for: express@5.2.1 want: ^1.0.0
163 silly placeDep ROOT content-type@1.0.5 OK for: express@5.2.1 want: ^1.0.5
164 silly placeDep ROOT cookie@0.7.2 OK for: express@5.2.1 want: ^0.7.1
165 silly placeDep ROOT cookie-signature@1.2.2 OK for: express@5.2.1 want: ^1.2.1
166 silly placeDep ROOT debug@4.4.3 OK for: express@5.2.1 want: ^4.4.0
167 silly placeDep ROOT depd@2.0.0 OK for: express@5.2.1 want: ^2.0.0
168 silly placeDep ROOT encodeurl@2.0.0 OK for: express@5.2.1 want: ^2.0.0
169 silly placeDep ROOT escape-html@1.0.3 OK for: express@5.2.1 want: ^1.0.3
170 silly placeDep ROOT etag@1.8.1 OK for: express@5.2.1 want: ^1.8.1
171 silly placeDep ROOT finalhandler@2.1.1 OK for: express@5.2.1 want: ^2.1.0
172 silly placeDep ROOT fresh@2.0.0 OK for: express@5.2.1 want: ^2.0.0
173 silly placeDep ROOT http-errors@2.0.1 OK for: express@5.2.1 want: ^2.0.0
174 silly placeDep ROOT merge-descriptors@2.0.0 OK for: express@5.2.1 want: ^2.0.0
175 silly placeDep ROOT mime-types@3.0.2 OK for: express@5.2.1 want: ^3.0.0
176 silly placeDep ROOT on-finished@2.4.1 OK for: express@5.2.1 want: ^2.4.1
177 silly placeDep ROOT once@1.4.0 OK for: express@5.2.1 want: ^1.4.0
178 silly placeDep ROOT parseurl@1.3.3 OK for: express@5.2.1 want: ^1.3.3
179 silly placeDep ROOT proxy-addr@2.0.7 OK for: express@5.2.1 want: ^2.0.7
180 silly placeDep ROOT qs@6.16.0 OK for: express@5.2.1 want: ^6.14.0
181 silly placeDep ROOT range-parser@1.3.0 OK for: express@5.2.1 want: ^1.2.1
182 silly placeDep ROOT router@2.2.0 OK for: express@5.2.1 want: ^2.2.0
183 silly placeDep ROOT send@1.2.1 OK for: express@5.2.1 want: ^1.1.0
184 silly placeDep ROOT serve-static@2.2.1 OK for: express@5.2.1 want: ^2.2.0
185 silly placeDep ROOT statuses@2.0.2 OK for: express@5.2.1 want: ^2.0.1
186 silly placeDep ROOT type-is@2.1.0 OK for: express@5.2.1 want: ^2.0.1
187 silly placeDep ROOT vary@1.1.2 OK for: express@5.2.1 want: ^1.1.2
188 silly fetch manifest negotiator@^1.0.0
189 silly packumentCache full:https://registry.npmjs.org/negotiator cache-miss
190 http fetch GET 200 https://registry.npmjs.org/negotiator 37ms (cache miss)
191 silly packumentCache full:https://registry.npmjs.org/negotiator set size:undefined disposed:false
192 silly fetch manifest qs@^6.15.2
193 silly packumentCache full:https://registry.npmjs.org/qs cache-miss
194 http fetch GET 200 https://registry.npmjs.org/qs 6ms (cache hit)
195 silly packumentCache full:https://registry.npmjs.org/qs set size:365613 disposed:false
196 silly fetch manifest bytes@^3.1.2
197 silly packumentCache full:https://registry.npmjs.org/bytes cache-miss
198 http fetch GET 200 https://registry.npmjs.org/bytes 33ms (cache miss)
199 silly packumentCache full:https://registry.npmjs.org/bytes set size:undefined disposed:false
200 silly fetch manifest debug@^4.4.3
201 silly packumentCache full:https://registry.npmjs.org/debug cache-miss
202 http fetch GET 200 https://registry.npmjs.org/debug 3ms (cache hit)
203 silly packumentCache full:https://registry.npmjs.org/debug set size:195840 disposed:false
204 silly fetch manifest type-is@^2.1.0
205 silly packumentCache full:https://registry.npmjs.org/type-is cache-miss
206 http fetch GET 200 https://registry.npmjs.org/type-is 3ms (cache hit)
207 silly packumentCache full:https://registry.npmjs.org/type-is set size:88614 disposed:false
208 silly fetch manifest raw-body@^3.0.2
209 silly packumentCache full:https://registry.npmjs.org/raw-body cache-miss
210 http fetch GET 200 https://registry.npmjs.org/raw-body 38ms (cache miss)
211 silly packumentCache full:https://registry.npmjs.org/raw-body set size:undefined disposed:false
212 silly fetch manifest iconv-lite@^0.7.2
213 silly packumentCache full:https://registry.npmjs.org/iconv-lite cache-miss
214 http fetch GET 200 https://registry.npmjs.org/iconv-lite 41ms (cache miss)
215 silly packumentCache full:https://registry.npmjs.org/iconv-lite set size:undefined disposed:false
216 silly fetch manifest http-errors@^2.0.1
217 silly packumentCache full:https://registry.npmjs.org/http-errors cache-miss
218 http fetch GET 200 https://registry.npmjs.org/http-errors 12ms (cache hit)
219 silly packumentCache full:https://registry.npmjs.org/http-errors set size:71987 disposed:false
220 silly fetch manifest content-type@^2.0.0
221 silly packumentCache full:https://registry.npmjs.org/content-type cache-miss
222 http fetch GET 200 https://registry.npmjs.org/content-type 9ms (cache hit)
223 silly packumentCache full:https://registry.npmjs.org/content-type set size:23936 disposed:false
224 silly fetch manifest ms@^2.1.3
225 silly packumentCache full:https://registry.npmjs.org/ms cache-miss
226 http fetch GET 200 https://registry.npmjs.org/ms 38ms (cache miss)
227 silly packumentCache full:https://registry.npmjs.org/ms set size:undefined disposed:false
228 silly fetch manifest inherits@~2.0.4
229 silly packumentCache full:https://registry.npmjs.org/inherits cache-miss
230 http fetch GET 200 https://registry.npmjs.org/inherits 32ms (cache miss)
231 silly packumentCache full:https://registry.npmjs.org/inherits set size:undefined disposed:false
232 silly fetch manifest setprototypeof@~1.2.0
233 silly packumentCache full:https://registry.npmjs.org/setprototypeof cache-miss
234 http fetch GET 200 https://registry.npmjs.org/setprototypeof 36ms (cache miss)
235 silly packumentCache full:https://registry.npmjs.org/setprototypeof set size:undefined disposed:false
236 silly fetch manifest statuses@~2.0.2
237 silly packumentCache full:https://registry.npmjs.org/statuses cache-miss
238 http fetch GET 200 https://registry.npmjs.org/statuses 3ms (cache hit)
239 silly packumentCache full:https://registry.npmjs.org/statuses set size:37117 disposed:false
240 silly fetch manifest toidentifier@~1.0.1
241 silly packumentCache full:https://registry.npmjs.org/toidentifier cache-miss
242 http fetch GET 200 https://registry.npmjs.org/toidentifier 33ms (cache miss)
243 silly packumentCache full:https://registry.npmjs.org/toidentifier set size:undefined disposed:false
244 silly fetch manifest mime-db@^1.54.0
245 silly packumentCache full:https://registry.npmjs.org/mime-db cache-miss
246 http fetch GET 200 https://registry.npmjs.org/mime-db 38ms (cache miss)
247 silly packumentCache full:https://registry.npmjs.org/mime-db set size:undefined disposed:false
248 silly fetch manifest ee-first@1.1.1
249 silly packumentCache full:https://registry.npmjs.org/ee-first cache-miss
250 http fetch GET 200 https://registry.npmjs.org/ee-first 35ms (cache miss)
251 silly packumentCache full:https://registry.npmjs.org/ee-first set size:undefined disposed:false
252 silly fetch manifest wrappy@1
253 silly packumentCache full:https://registry.npmjs.org/wrappy cache-miss
254 http fetch GET 200 https://registry.npmjs.org/wrappy 34ms (cache miss)
255 silly packumentCache full:https://registry.npmjs.org/wrappy set size:undefined disposed:false
256 silly fetch manifest forwarded@0.2.0
257 silly packumentCache full:https://registry.npmjs.org/forwarded cache-miss
258 http fetch GET 200 https://registry.npmjs.org/forwarded 34ms (cache miss)
259 silly packumentCache full:https://registry.npmjs.org/forwarded set size:undefined disposed:false
260 silly fetch manifest ipaddr.js@1.9.1
261 silly packumentCache full:https://registry.npmjs.org/ipaddr.js cache-miss
262 http fetch GET 200 https://registry.npmjs.org/ipaddr.js 33ms (cache miss)
263 silly packumentCache full:https://registry.npmjs.org/ipaddr.js set size:undefined disposed:false
264 silly fetch manifest side-channel@^1.1.1
265 silly packumentCache full:https://registry.npmjs.org/side-channel cache-miss
266 http fetch GET 200 https://registry.npmjs.org/side-channel 32ms (cache miss)
267 silly packumentCache full:https://registry.npmjs.org/side-channel set size:undefined disposed:false
268 silly fetch manifest es-define-property@^1.0.1
269 silly packumentCache full:https://registry.npmjs.org/es-define-property cache-miss
270 http fetch GET 200 https://registry.npmjs.org/es-define-property 36ms (cache miss)
271 silly packumentCache full:https://registry.npmjs.org/es-define-property set size:undefined disposed:false
272 silly fetch manifest is-promise@^4.0.0
273 silly packumentCache full:https://registry.npmjs.org/is-promise cache-miss
274 http fetch GET 200 https://registry.npmjs.org/is-promise 32ms (cache miss)
275 silly packumentCache full:https://registry.npmjs.org/is-promise set size:undefined disposed:false
276 silly fetch manifest path-to-regexp@^8.0.0
277 silly packumentCache full:https://registry.npmjs.org/path-to-regexp cache-miss
278 http fetch GET 200 https://registry.npmjs.org/path-to-regexp 43ms (cache miss)
279 silly packumentCache full:https://registry.npmjs.org/path-to-regexp set size:undefined disposed:false
280 silly fetch manifest statuses@^2.0.2
281 silly packumentCache full:https://registry.npmjs.org/statuses cache-hit
282 silly fetch manifest media-typer@^1.1.0
283 silly packumentCache full:https://registry.npmjs.org/media-typer cache-miss
284 http fetch GET 200 https://registry.npmjs.org/media-typer 30ms (cache miss)
285 silly packumentCache full:https://registry.npmjs.org/media-typer set size:undefined disposed:false
286 silly placeDep ROOT negotiator@1.1.0 OK for: accepts@2.0.0 want: ^1.0.0
287 silly fetch manifest content-type@^2.1.0
288 silly packumentCache full:https://registry.npmjs.org/content-type cache-hit
289 silly placeDep ROOT bytes@3.1.2 OK for: body-parser@2.3.0 want: ^3.1.2
290 silly placeDep node_modules/body-parser content-type@2.1.0 OK for: body-parser@2.3.0 want: ^2.0.0
291 silly placeDep ROOT iconv-lite@0.7.3 OK for: body-parser@2.3.0 want: ^0.7.2
292 silly placeDep ROOT raw-body@3.0.2 OK for: body-parser@2.3.0 want: ^3.0.2
293 silly fetch manifest safer-buffer@>= 2.1.2 < 3.0.0
294 silly packumentCache full:https://registry.npmjs.org/safer-buffer cache-miss
295 http fetch GET 200 https://registry.npmjs.org/safer-buffer 37ms (cache miss)
296 silly packumentCache full:https://registry.npmjs.org/safer-buffer set size:undefined disposed:false
297 silly fetch manifest unpipe@~1.0.0
298 silly packumentCache full:https://registry.npmjs.org/unpipe cache-miss
299 http fetch GET 200 https://registry.npmjs.org/unpipe 36ms (cache miss)
300 silly packumentCache full:https://registry.npmjs.org/unpipe set size:undefined disposed:false
301 silly placeDep ROOT ms@2.1.3 OK for: debug@4.4.3 want: ^2.1.3
302 silly placeDep ROOT inherits@2.0.4 OK for: http-errors@2.0.1 want: ~2.0.4
303 silly placeDep ROOT setprototypeof@1.2.0 OK for: http-errors@2.0.1 want: ~1.2.0
304 silly placeDep ROOT toidentifier@1.0.1 OK for: http-errors@2.0.1 want: ~1.0.1
305 silly placeDep ROOT safer-buffer@2.1.2 OK for: iconv-lite@0.7.3 want: >= 2.1.2 < 3.0.0
306 silly placeDep ROOT mime-db@1.54.0 OK for: mime-types@3.0.2 want: ^1.54.0
307 silly placeDep node_modules/negotiator content-type@2.1.0 OK for: negotiator@1.1.0 want: ^2.1.0
308 silly placeDep ROOT ee-first@1.1.1 OK for: on-finished@2.4.1 want: 1.1.1
309 silly placeDep ROOT wrappy@1.0.2 OK for: once@1.4.0 want: 1
310 silly placeDep ROOT forwarded@0.2.0 OK for: proxy-addr@2.0.7 want: 0.2.0
311 silly placeDep ROOT ipaddr.js@1.9.1 OK for: proxy-addr@2.0.7 want: 1.9.1
312 silly placeDep ROOT es-define-property@1.0.1 OK for: qs@6.16.0 want: ^1.0.1
313 silly placeDep ROOT side-channel@1.1.1 OK for: qs@6.16.0 want: ^1.1.1
314 silly fetch manifest es-errors@^1.3.0
315 silly packumentCache full:https://registry.npmjs.org/es-errors cache-miss
316 http fetch GET 200 https://registry.npmjs.org/es-errors 34ms (cache miss)
317 silly packumentCache full:https://registry.npmjs.org/es-errors set size:undefined disposed:false
318 silly fetch manifest object-inspect@^1.13.4
319 silly packumentCache full:https://registry.npmjs.org/object-inspect cache-miss
320 http fetch GET 200 https://registry.npmjs.org/object-inspect 41ms (cache miss)
321 silly packumentCache full:https://registry.npmjs.org/object-inspect set size:undefined disposed:false
322 silly fetch manifest side-channel-list@^1.0.1
323 silly packumentCache full:https://registry.npmjs.org/side-channel-list cache-miss
324 http fetch GET 200 https://registry.npmjs.org/side-channel-list 50ms (cache miss)
325 silly packumentCache full:https://registry.npmjs.org/side-channel-list set size:undefined disposed:false
326 silly fetch manifest side-channel-map@^1.0.1
327 silly packumentCache full:https://registry.npmjs.org/side-channel-map cache-miss
328 http fetch GET 200 https://registry.npmjs.org/side-channel-map 41ms (cache miss)
329 silly packumentCache full:https://registry.npmjs.org/side-channel-map set size:undefined disposed:false
330 silly fetch manifest side-channel-weakmap@^1.0.2
331 silly packumentCache full:https://registry.npmjs.org/side-channel-weakmap cache-miss
332 http fetch GET 200 https://registry.npmjs.org/side-channel-weakmap 31ms (cache miss)
333 silly packumentCache full:https://registry.npmjs.org/side-channel-weakmap set size:undefined disposed:false
334 silly placeDep ROOT unpipe@1.0.0 OK for: raw-body@3.0.2 want: ~1.0.0
335 silly placeDep ROOT is-promise@4.0.0 OK for: router@2.2.0 want: ^4.0.0
336 silly placeDep ROOT path-to-regexp@8.4.2 OK for: router@2.2.0 want: ^8.0.0
337 silly placeDep ROOT es-errors@1.3.0 OK for: side-channel@1.1.1 want: ^1.3.0
338 silly placeDep ROOT object-inspect@1.13.4 OK for: side-channel@1.1.1 want: ^1.13.4
339 silly placeDep ROOT side-channel-list@1.0.1 OK for: side-channel@1.1.1 want: ^1.0.1
340 silly placeDep ROOT side-channel-map@1.0.1 OK for: side-channel@1.1.1 want: ^1.0.1
341 silly placeDep ROOT side-channel-weakmap@1.0.2 OK for: side-channel@1.1.1 want: ^1.0.2
342 silly fetch manifest call-bound@^1.0.2
343 silly packumentCache full:https://registry.npmjs.org/call-bound cache-miss
344 http fetch GET 200 https://registry.npmjs.org/call-bound 32ms (cache miss)
345 silly packumentCache full:https://registry.npmjs.org/call-bound set size:undefined disposed:false
346 silly fetch manifest get-intrinsic@^1.2.5
347 silly packumentCache full:https://registry.npmjs.org/get-intrinsic cache-miss
348 http fetch GET 200 https://registry.npmjs.org/get-intrinsic 42ms (cache miss)
349 silly packumentCache full:https://registry.npmjs.org/get-intrinsic set size:undefined disposed:false
350 silly placeDep ROOT call-bound@1.0.4 OK for: side-channel-map@1.0.1 want: ^1.0.2
351 silly placeDep ROOT get-intrinsic@1.3.0 OK for: side-channel-map@1.0.1 want: ^1.2.5
352 silly fetch manifest call-bind-apply-helpers@^1.0.2
353 silly packumentCache full:https://registry.npmjs.org/call-bind-apply-helpers cache-miss
354 http fetch GET 200 https://registry.npmjs.org/call-bind-apply-helpers 34ms (cache miss)
355 silly packumentCache full:https://registry.npmjs.org/call-bind-apply-helpers set size:undefined disposed:false
356 silly fetch manifest get-intrinsic@^1.3.0
357 silly packumentCache full:https://registry.npmjs.org/get-intrinsic cache-miss
358 http fetch GET 200 https://registry.npmjs.org/get-intrinsic 3ms (cache hit)
359 silly packumentCache full:https://registry.npmjs.org/get-intrinsic set size:60985 disposed:false
360 silly fetch manifest gopd@^1.2.0
361 silly packumentCache full:https://registry.npmjs.org/gopd cache-miss
362 http fetch GET 200 https://registry.npmjs.org/gopd 33ms (cache miss)
363 silly packumentCache full:https://registry.npmjs.org/gopd set size:undefined disposed:false
364 silly fetch manifest hasown@^2.0.2
365 silly packumentCache full:https://registry.npmjs.org/hasown cache-miss
366 http fetch GET 200 https://registry.npmjs.org/hasown 31ms (cache miss)
367 silly packumentCache full:https://registry.npmjs.org/hasown set size:undefined disposed:false
368 silly fetch manifest get-proto@^1.0.1
369 silly packumentCache full:https://registry.npmjs.org/get-proto cache-miss
370 http fetch GET 200 https://registry.npmjs.org/get-proto 34ms (cache miss)
371 silly packumentCache full:https://registry.npmjs.org/get-proto set size:undefined disposed:false
372 silly fetch manifest has-symbols@^1.1.0
373 silly packumentCache full:https://registry.npmjs.org/has-symbols cache-miss
374 http fetch GET 200 https://registry.npmjs.org/has-symbols 30ms (cache miss)
375 silly packumentCache full:https://registry.npmjs.org/has-symbols set size:undefined disposed:false
376 silly fetch manifest function-bind@^1.1.2
377 silly packumentCache full:https://registry.npmjs.org/function-bind cache-miss
378 http fetch GET 200 https://registry.npmjs.org/function-bind 33ms (cache miss)
379 silly packumentCache full:https://registry.npmjs.org/function-bind set size:undefined disposed:false
380 silly fetch manifest es-object-atoms@^1.1.1
381 silly packumentCache full:https://registry.npmjs.org/es-object-atoms cache-miss
382 http fetch GET 200 https://registry.npmjs.org/es-object-atoms 36ms (cache miss)
383 silly packumentCache full:https://registry.npmjs.org/es-object-atoms set size:undefined disposed:false
384 silly fetch manifest math-intrinsics@^1.1.0
385 silly packumentCache full:https://registry.npmjs.org/math-intrinsics cache-miss
386 http fetch GET 200 https://registry.npmjs.org/math-intrinsics 35ms (cache miss)
387 silly packumentCache full:https://registry.npmjs.org/math-intrinsics set size:undefined disposed:false
388 silly placeDep ROOT call-bind-apply-helpers@1.0.2 OK for: call-bound@1.0.4 want: ^1.0.2
389 silly placeDep ROOT function-bind@1.1.2 OK for: call-bind-apply-helpers@1.0.2 want: ^1.1.2
390 silly placeDep ROOT es-object-atoms@1.1.2 OK for: get-intrinsic@1.3.0 want: ^1.1.1
391 silly placeDep ROOT get-proto@1.0.1 OK for: get-intrinsic@1.3.0 want: ^1.0.1
392 silly placeDep ROOT gopd@1.2.0 OK for: get-intrinsic@1.3.0 want: ^1.2.0
393 silly placeDep ROOT has-symbols@1.1.0 OK for: get-intrinsic@1.3.0 want: ^1.1.0
394 silly placeDep ROOT hasown@2.0.4 OK for: get-intrinsic@1.3.0 want: ^2.0.2
395 silly placeDep ROOT math-intrinsics@1.1.0 OK for: get-intrinsic@1.3.0 want: ^1.1.0
396 silly fetch manifest dunder-proto@^1.0.1
397 silly packumentCache full:https://registry.npmjs.org/dunder-proto cache-miss
398 http fetch GET 200 https://registry.npmjs.org/dunder-proto 31ms (cache miss)
399 silly packumentCache full:https://registry.npmjs.org/dunder-proto set size:undefined disposed:false
400 silly placeDep ROOT dunder-proto@1.0.1 OK for: get-proto@1.0.1 want: ^1.0.1
401 silly placeDep ROOT bindings@1.5.0 OK for: sqlite3@6.0.1 want: ^1.5.0
402 silly placeDep ROOT node-addon-api@8.9.2 OK for: sqlite3@6.0.1 want: ^8.0.0
403 silly placeDep ROOT node-gyp@12.4.0 OK for: sqlite3@6.0.1 want: 12.x
404 silly placeDep ROOT prebuild-install@7.1.3 OK for: sqlite3@6.0.1 want: ^7.1.3
405 silly placeDep ROOT tar@7.5.22 OK for: sqlite3@6.0.1 want: ^7.5.10
406 silly fetch manifest file-uri-to-path@1.0.0
407 silly packumentCache full:https://registry.npmjs.org/file-uri-to-path cache-miss
408 http fetch GET 200 https://registry.npmjs.org/file-uri-to-path 42ms (cache miss)
409 silly packumentCache full:https://registry.npmjs.org/file-uri-to-path set size:undefined disposed:false
410 silly fetch manifest tar@^7.5.4
411 silly packumentCache full:https://registry.npmjs.org/tar cache-miss
412 http fetch GET 200 https://registry.npmjs.org/tar 4ms (cache hit)
413 silly packumentCache full:https://registry.npmjs.org/tar set size:591769 disposed:false
414 silly fetch manifest nopt@^9.0.0
415 silly packumentCache full:https://registry.npmjs.org/nopt cache-miss
416 http fetch GET 200 https://registry.npmjs.org/nopt 39ms (cache miss)
417 silly packumentCache full:https://registry.npmjs.org/nopt set size:undefined disposed:false
418 silly fetch manifest which@^6.0.0
419 silly packumentCache full:https://registry.npmjs.org/which cache-miss
420 http fetch GET 200 https://registry.npmjs.org/which 34ms (cache miss)
421 silly packumentCache full:https://registry.npmjs.org/which set size:undefined disposed:false
422 silly fetch manifest semver@^7.3.5
423 silly packumentCache full:https://registry.npmjs.org/semver cache-miss
424 http fetch GET 200 https://registry.npmjs.org/semver 40ms (cache miss)
425 silly packumentCache full:https://registry.npmjs.org/semver set size:undefined disposed:false
426 silly fetch manifest undici@^6.25.0
427 silly packumentCache full:https://registry.npmjs.org/undici cache-miss
428 http fetch GET 200 https://registry.npmjs.org/undici 95ms (cache miss)
429 silly packumentCache full:https://registry.npmjs.org/undici set size:undefined disposed:false
430 silly fetch manifest proc-log@^6.0.0
431 silly packumentCache full:https://registry.npmjs.org/proc-log cache-miss
432 http fetch GET 200 https://registry.npmjs.org/proc-log 42ms (cache miss)
433 silly packumentCache full:https://registry.npmjs.org/proc-log set size:undefined disposed:false
434 silly fetch manifest env-paths@^2.2.0
435 silly packumentCache full:https://registry.npmjs.org/env-paths cache-miss
436 http fetch GET 200 https://registry.npmjs.org/env-paths 34ms (cache miss)
437 silly packumentCache full:https://registry.npmjs.org/env-paths set size:undefined disposed:false
438 silly fetch manifest tinyglobby@^0.2.12
439 silly packumentCache full:https://registry.npmjs.org/tinyglobby cache-miss
440 http fetch GET 200 https://registry.npmjs.org/tinyglobby 36ms (cache miss)
441 silly packumentCache full:https://registry.npmjs.org/tinyglobby set size:undefined disposed:false
442 silly fetch manifest graceful-fs@^4.2.6
443 silly packumentCache full:https://registry.npmjs.org/graceful-fs cache-miss
444 http fetch GET 200 https://registry.npmjs.org/graceful-fs 36ms (cache miss)
445 silly packumentCache full:https://registry.npmjs.org/graceful-fs set size:undefined disposed:false
446 silly fetch manifest exponential-backoff@^3.1.1
447 silly packumentCache full:https://registry.npmjs.org/exponential-backoff cache-miss
448 http fetch GET 200 https://registry.npmjs.org/exponential-backoff 34ms (cache miss)
449 silly packumentCache full:https://registry.npmjs.org/exponential-backoff set size:undefined disposed:false
450 silly fetch manifest rc@^1.2.7
451 silly packumentCache full:https://registry.npmjs.org/rc cache-miss
452 http fetch GET 200 https://registry.npmjs.org/rc 34ms (cache miss)
453 silly packumentCache full:https://registry.npmjs.org/rc set size:undefined disposed:false
454 silly fetch manifest pump@^3.0.0
455 silly packumentCache full:https://registry.npmjs.org/pump cache-miss
456 http fetch GET 200 https://registry.npmjs.org/pump 40ms (cache miss)
457 silly packumentCache full:https://registry.npmjs.org/pump set size:undefined disposed:false
458 silly fetch manifest tar-fs@^2.0.0
459 silly packumentCache full:https://registry.npmjs.org/tar-fs cache-miss
460 http fetch GET 200 https://registry.npmjs.org/tar-fs 38ms (cache miss)
461 silly packumentCache full:https://registry.npmjs.org/tar-fs set size:undefined disposed:false
462 silly fetch manifest minimist@^1.2.3
463 silly packumentCache full:https://registry.npmjs.org/minimist cache-miss
464 http fetch GET 200 https://registry.npmjs.org/minimist 33ms (cache miss)
465 silly packumentCache full:https://registry.npmjs.org/minimist set size:undefined disposed:false
466 silly fetch manifest node-abi@^3.3.0
467 silly packumentCache full:https://registry.npmjs.org/node-abi cache-miss
468 http fetch GET 200 https://registry.npmjs.org/node-abi 52ms (cache miss)
469 silly packumentCache full:https://registry.npmjs.org/node-abi set size:undefined disposed:false
470 silly fetch manifest simple-get@^4.0.0
471 silly packumentCache full:https://registry.npmjs.org/simple-get cache-miss
472 http fetch GET 200 https://registry.npmjs.org/simple-get 39ms (cache miss)
473 silly packumentCache full:https://registry.npmjs.org/simple-get set size:undefined disposed:false
474 silly fetch manifest detect-libc@^2.0.0
475 silly packumentCache full:https://registry.npmjs.org/detect-libc cache-miss
476 http fetch GET 200 https://registry.npmjs.org/detect-libc 44ms (cache miss)
477 silly packumentCache full:https://registry.npmjs.org/detect-libc set size:undefined disposed:false
478 silly fetch manifest tunnel-agent@^0.6.0
479 silly packumentCache full:https://registry.npmjs.org/tunnel-agent cache-miss
480 http fetch GET 200 https://registry.npmjs.org/tunnel-agent 50ms (cache miss)
481 silly packumentCache full:https://registry.npmjs.org/tunnel-agent set size:undefined disposed:false
482 silly fetch manifest mkdirp-classic@^0.5.3
483 silly packumentCache full:https://registry.npmjs.org/mkdirp-classic cache-miss
484 http fetch GET 200 https://registry.npmjs.org/mkdirp-classic 32ms (cache miss)
485 silly packumentCache full:https://registry.npmjs.org/mkdirp-classic set size:undefined disposed:false
486 silly fetch manifest expand-template@^2.0.3
487 silly packumentCache full:https://registry.npmjs.org/expand-template cache-miss
488 http fetch GET 200 https://registry.npmjs.org/expand-template 32ms (cache miss)
489 silly packumentCache full:https://registry.npmjs.org/expand-template set size:undefined disposed:false
490 silly fetch manifest napi-build-utils@^2.0.0
491 silly packumentCache full:https://registry.npmjs.org/napi-build-utils cache-miss
492 http fetch GET 200 https://registry.npmjs.org/napi-build-utils 32ms (cache miss)
493 silly packumentCache full:https://registry.npmjs.org/napi-build-utils set size:undefined disposed:false
494 silly fetch manifest github-from-package@0.0.0
495 silly packumentCache full:https://registry.npmjs.org/github-from-package cache-miss
496 http fetch GET 200 https://registry.npmjs.org/github-from-package 32ms (cache miss)
497 silly packumentCache full:https://registry.npmjs.org/github-from-package set size:undefined disposed:false
498 silly fetch manifest chownr@^3.0.0
499 silly packumentCache full:https://registry.npmjs.org/chownr cache-miss
500 http fetch GET 200 https://registry.npmjs.org/chownr 30ms (cache miss)
501 silly packumentCache full:https://registry.npmjs.org/chownr set size:undefined disposed:false
502 silly fetch manifest yallist@^5.0.0
503 silly packumentCache full:https://registry.npmjs.org/yallist cache-miss
504 http fetch GET 200 https://registry.npmjs.org/yallist 29ms (cache miss)
505 silly packumentCache full:https://registry.npmjs.org/yallist set size:undefined disposed:false
506 silly fetch manifest minipass@^7.1.2
507 silly packumentCache full:https://registry.npmjs.org/minipass cache-miss
508 http fetch GET 200 https://registry.npmjs.org/minipass 49ms (cache miss)
509 silly packumentCache full:https://registry.npmjs.org/minipass set size:undefined disposed:false
510 silly fetch manifest minizlib@^3.1.0
511 silly packumentCache full:https://registry.npmjs.org/minizlib cache-miss
512 http fetch GET 200 https://registry.npmjs.org/minizlib 33ms (cache miss)
513 silly packumentCache full:https://registry.npmjs.org/minizlib set size:undefined disposed:false
514 silly fetch manifest @isaacs/fs-minipass@^4.0.0
515 silly packumentCache full:https://registry.npmjs.org/@isaacs%2ffs-minipass cache-miss
516 http fetch GET 200 https://registry.npmjs.org/@isaacs%2ffs-minipass 79ms (cache miss)
517 silly packumentCache full:https://registry.npmjs.org/@isaacs%2ffs-minipass set size:undefined disposed:false
518 silly placeDep ROOT file-uri-to-path@1.0.0 OK for: bindings@1.5.0 want: 1.0.0
519 silly placeDep ROOT env-paths@2.2.1 OK for: node-gyp@12.4.0 want: ^2.2.0
520 silly placeDep ROOT exponential-backoff@3.1.3 OK for: node-gyp@12.4.0 want: ^3.1.1
521 silly placeDep ROOT graceful-fs@4.2.11 OK for: node-gyp@12.4.0 want: ^4.2.6
522 silly placeDep ROOT nopt@9.0.0 OK for: node-gyp@12.4.0 want: ^9.0.0
523 silly placeDep ROOT proc-log@6.1.0 OK for: node-gyp@12.4.0 want: ^6.0.0
524 silly placeDep ROOT semver@7.8.5 OK for: node-gyp@12.4.0 want: ^7.3.5
525 silly placeDep ROOT tinyglobby@0.2.17 OK for: node-gyp@12.4.0 want: ^0.2.12
526 silly placeDep ROOT undici@6.28.0 OK for: node-gyp@12.4.0 want: ^6.25.0
527 silly placeDep ROOT which@6.0.1 OK for: node-gyp@12.4.0 want: ^6.0.0
528 silly fetch manifest abbrev@^4.0.0
529 silly packumentCache full:https://registry.npmjs.org/abbrev cache-miss
530 http fetch GET 200 https://registry.npmjs.org/abbrev 30ms (cache miss)
531 silly packumentCache full:https://registry.npmjs.org/abbrev set size:undefined disposed:false
532 silly fetch manifest fdir@^6.5.0
533 silly packumentCache full:https://registry.npmjs.org/fdir cache-miss
534 http fetch GET 200 https://registry.npmjs.org/fdir 40ms (cache miss)
535 silly packumentCache full:https://registry.npmjs.org/fdir set size:undefined disposed:false
536 silly fetch manifest picomatch@^4.0.4
537 silly packumentCache full:https://registry.npmjs.org/picomatch cache-miss
538 http fetch GET 200 https://registry.npmjs.org/picomatch 34ms (cache miss)
539 silly packumentCache full:https://registry.npmjs.org/picomatch set size:undefined disposed:false
540 silly fetch manifest isexe@^4.0.0
541 silly packumentCache full:https://registry.npmjs.org/isexe cache-miss
542 http fetch GET 200 https://registry.npmjs.org/isexe 31ms (cache miss)
543 silly packumentCache full:https://registry.npmjs.org/isexe set size:undefined disposed:false
544 silly placeDep ROOT abbrev@4.0.0 OK for: nopt@9.0.0 want: ^4.0.0
545 silly placeDep ROOT detect-libc@2.1.2 OK for: prebuild-install@7.1.3 want: ^2.0.0
546 silly placeDep ROOT expand-template@2.0.3 OK for: prebuild-install@7.1.3 want: ^2.0.3
547 silly placeDep ROOT github-from-package@0.0.0 OK for: prebuild-install@7.1.3 want: 0.0.0
548 silly placeDep ROOT minimist@1.2.8 OK for: prebuild-install@7.1.3 want: ^1.2.3
549 silly placeDep ROOT mkdirp-classic@0.5.3 OK for: prebuild-install@7.1.3 want: ^0.5.3
550 silly placeDep ROOT napi-build-utils@2.0.0 OK for: prebuild-install@7.1.3 want: ^2.0.0
551 silly placeDep ROOT node-abi@3.96.0 OK for: prebuild-install@7.1.3 want: ^3.3.0
552 silly placeDep ROOT pump@3.0.4 OK for: prebuild-install@7.1.3 want: ^3.0.0
553 silly placeDep ROOT rc@1.2.8 OK for: prebuild-install@7.1.3 want: ^1.2.7
554 silly placeDep ROOT simple-get@4.0.1 OK for: prebuild-install@7.1.3 want: ^4.0.0
555 silly placeDep ROOT tar-fs@2.1.5 OK for: prebuild-install@7.1.3 want: ^2.0.0
556 silly placeDep ROOT tunnel-agent@0.6.0 OK for: prebuild-install@7.1.3 want: ^0.6.0
557 silly fetch manifest end-of-stream@^1.1.0
558 silly packumentCache full:https://registry.npmjs.org/end-of-stream cache-miss
559 http fetch GET 200 https://registry.npmjs.org/end-of-stream 34ms (cache miss)
560 silly packumentCache full:https://registry.npmjs.org/end-of-stream set size:undefined disposed:false
561 silly fetch manifest ini@~1.3.0
562 silly packumentCache full:https://registry.npmjs.org/ini cache-miss
563 http fetch GET 200 https://registry.npmjs.org/ini 33ms (cache miss)
564 silly packumentCache full:https://registry.npmjs.org/ini set size:undefined disposed:false
565 silly fetch manifest deep-extend@^0.6.0
566 silly packumentCache full:https://registry.npmjs.org/deep-extend cache-miss
567 http fetch GET 200 https://registry.npmjs.org/deep-extend 34ms (cache miss)
568 silly packumentCache full:https://registry.npmjs.org/deep-extend set size:undefined disposed:false
569 silly fetch manifest strip-json-comments@~2.0.1
570 silly packumentCache full:https://registry.npmjs.org/strip-json-comments cache-miss
571 http fetch GET 200 https://registry.npmjs.org/strip-json-comments 36ms (cache miss)
572 silly packumentCache full:https://registry.npmjs.org/strip-json-comments set size:undefined disposed:false
573 silly fetch manifest decompress-response@^6.0.0
574 silly packumentCache full:https://registry.npmjs.org/decompress-response cache-miss
575 http fetch GET 200 https://registry.npmjs.org/decompress-response 36ms (cache miss)
576 silly packumentCache full:https://registry.npmjs.org/decompress-response set size:undefined disposed:false
577 silly fetch manifest simple-concat@^1.0.0
578 silly packumentCache full:https://registry.npmjs.org/simple-concat cache-miss
579 http fetch GET 200 https://registry.npmjs.org/simple-concat 41ms (cache miss)
580 silly packumentCache full:https://registry.npmjs.org/simple-concat set size:undefined disposed:false
581 silly fetch manifest chownr@^1.1.1
582 silly packumentCache full:https://registry.npmjs.org/chownr cache-miss
583 http fetch GET 200 https://registry.npmjs.org/chownr 3ms (cache hit)
584 silly packumentCache full:https://registry.npmjs.org/chownr set size:22157 disposed:false
585 silly fetch manifest tar-stream@^2.1.4
586 silly packumentCache full:https://registry.npmjs.org/tar-stream cache-miss
587 http fetch GET 200 https://registry.npmjs.org/tar-stream 42ms (cache miss)
588 silly packumentCache full:https://registry.npmjs.org/tar-stream set size:undefined disposed:false
589 silly fetch manifest safe-buffer@^5.0.1
590 silly packumentCache full:https://registry.npmjs.org/safe-buffer cache-miss
591 http fetch GET 200 https://registry.npmjs.org/safe-buffer 35ms (cache miss)
592 silly packumentCache full:https://registry.npmjs.org/safe-buffer set size:undefined disposed:false
593 silly placeDep ROOT end-of-stream@1.4.5 OK for: pump@3.0.4 want: ^1.1.0
594 silly placeDep ROOT deep-extend@0.6.0 OK for: rc@1.2.8 want: ^0.6.0
595 silly placeDep ROOT ini@1.3.8 OK for: rc@1.2.8 want: ~1.3.0
596 silly placeDep ROOT strip-json-comments@2.0.1 OK for: rc@1.2.8 want: ~2.0.1
597 silly placeDep ROOT decompress-response@6.0.0 OK for: simple-get@4.0.1 want: ^6.0.0
598 silly placeDep ROOT simple-concat@1.0.1 OK for: simple-get@4.0.1 want: ^1.0.0
599 silly fetch manifest mimic-response@^3.1.0
600 silly packumentCache full:https://registry.npmjs.org/mimic-response cache-miss
601 http fetch GET 200 https://registry.npmjs.org/mimic-response 29ms (cache miss)
602 silly packumentCache full:https://registry.npmjs.org/mimic-response set size:undefined disposed:false
603 silly placeDep ROOT mimic-response@3.1.0 OK for: decompress-response@6.0.0 want: ^3.1.0
604 silly placeDep ROOT @isaacs/fs-minipass@4.0.1 OK for: tar@7.5.22 want: ^4.0.0
605 silly placeDep ROOT chownr@3.0.0 OK for: tar@7.5.22 want: ^3.0.0
606 silly placeDep ROOT minipass@7.1.3 OK for: tar@7.5.22 want: ^7.1.2
607 silly placeDep ROOT minizlib@3.1.0 OK for: tar@7.5.22 want: ^3.1.0
608 silly placeDep ROOT yallist@5.0.0 OK for: tar@7.5.22 want: ^5.0.0
609 silly fetch manifest minipass@^7.0.4
610 silly packumentCache full:https://registry.npmjs.org/minipass cache-miss
611 http fetch GET 200 https://registry.npmjs.org/minipass 4ms (cache hit)
612 silly packumentCache full:https://registry.npmjs.org/minipass set size:276925 disposed:false
613 silly placeDep node_modules/tar-fs chownr@1.1.4 OK for: tar-fs@2.1.5 want: ^1.1.1
614 silly placeDep ROOT tar-stream@2.2.0 OK for: tar-fs@2.1.5 want: ^2.1.4
615 silly fetch manifest bl@^4.0.3
616 silly packumentCache full:https://registry.npmjs.org/bl cache-miss
617 http fetch GET 200 https://registry.npmjs.org/bl 40ms (cache miss)
618 silly packumentCache full:https://registry.npmjs.org/bl set size:undefined disposed:false
619 silly fetch manifest fs-constants@^1.0.0
620 silly packumentCache full:https://registry.npmjs.org/fs-constants cache-miss
621 http fetch GET 200 https://registry.npmjs.org/fs-constants 32ms (cache miss)
622 silly packumentCache full:https://registry.npmjs.org/fs-constants set size:undefined disposed:false
623 silly fetch manifest readable-stream@^3.1.1
624 silly packumentCache full:https://registry.npmjs.org/readable-stream cache-miss
625 http fetch GET 200 https://registry.npmjs.org/readable-stream 42ms (cache miss)
626 silly packumentCache full:https://registry.npmjs.org/readable-stream set size:undefined disposed:false
627 silly placeDep ROOT bl@4.1.0 OK for: tar-stream@2.2.0 want: ^4.0.3
628 silly placeDep ROOT fs-constants@1.0.0 OK for: tar-stream@2.2.0 want: ^1.0.0
629 silly placeDep ROOT readable-stream@3.6.2 OK for: tar-stream@2.2.0 want: ^3.1.1
630 silly fetch manifest buffer@^5.5.0
631 silly packumentCache full:https://registry.npmjs.org/buffer cache-miss
632 http fetch GET 200 https://registry.npmjs.org/buffer 43ms (cache miss)
633 silly packumentCache full:https://registry.npmjs.org/buffer set size:undefined disposed:false
634 silly fetch manifest readable-stream@^3.4.0
635 silly packumentCache full:https://registry.npmjs.org/readable-stream cache-miss
636 http fetch GET 200 https://registry.npmjs.org/readable-stream 5ms (cache hit)
637 silly packumentCache full:https://registry.npmjs.org/readable-stream set size:261096 disposed:false
638 silly fetch manifest string_decoder@^1.1.1
639 silly packumentCache full:https://registry.npmjs.org/string_decoder cache-miss
640 http fetch GET 200 https://registry.npmjs.org/string_decoder 34ms (cache miss)
641 silly packumentCache full:https://registry.npmjs.org/string_decoder set size:undefined disposed:false
642 silly fetch manifest util-deprecate@^1.0.1
643 silly packumentCache full:https://registry.npmjs.org/util-deprecate cache-miss
644 http fetch GET 200 https://registry.npmjs.org/util-deprecate 30ms (cache miss)
645 silly packumentCache full:https://registry.npmjs.org/util-deprecate set size:undefined disposed:false
646 silly placeDep ROOT buffer@5.7.1 OK for: bl@4.1.0 want: ^5.5.0
647 silly fetch manifest base64-js@^1.3.1
648 silly packumentCache full:https://registry.npmjs.org/base64-js cache-miss
649 http fetch GET 200 https://registry.npmjs.org/base64-js 37ms (cache miss)
650 silly packumentCache full:https://registry.npmjs.org/base64-js set size:undefined disposed:false
651 silly fetch manifest ieee754@^1.1.13
652 silly packumentCache full:https://registry.npmjs.org/ieee754 cache-miss
653 http fetch GET 200 https://registry.npmjs.org/ieee754 34ms (cache miss)
654 silly packumentCache full:https://registry.npmjs.org/ieee754 set size:undefined disposed:false
655 silly placeDep ROOT base64-js@1.5.1 OK for: buffer@5.7.1 want: ^1.3.1
656 silly placeDep ROOT ieee754@1.2.1 OK for: buffer@5.7.1 want: ^1.1.13
657 silly placeDep ROOT string_decoder@1.3.0 OK for: readable-stream@3.6.2 want: ^1.1.1
658 silly placeDep ROOT util-deprecate@1.0.2 OK for: readable-stream@3.6.2 want: ^1.0.1
659 silly fetch manifest safe-buffer@~5.2.0
660 silly packumentCache full:https://registry.npmjs.org/safe-buffer cache-miss
661 http fetch GET 200 https://registry.npmjs.org/safe-buffer 2ms (cache hit)
662 silly packumentCache full:https://registry.npmjs.org/safe-buffer set size:41183 disposed:false
663 silly placeDep ROOT safe-buffer@5.2.1 OK for: string_decoder@1.3.0 want: ~5.2.0
664 silly placeDep ROOT fdir@6.5.0 OK for: tinyglobby@0.2.17 want: ^6.5.0
665 silly placeDep ROOT picomatch@4.0.7 OK for: tinyglobby@0.2.17 want: ^4.0.4
666 silly placeDep node_modules/type-is content-type@2.1.0 OK for: type-is@2.1.0 want: ^2.0.0
667 silly placeDep ROOT media-typer@1.1.1 OK for: type-is@2.1.0 want: ^1.1.0
668 silly placeDep ROOT isexe@4.0.0 OK for: which@6.0.1 want: ^4.0.0
669 silly reify moves {}
670 silly audit bulk request {
670 silly audit   dotenv: [ '17.4.2' ],
670 silly audit   express: [ '5.2.1' ],
670 silly audit   sqlite3: [ '6.0.1' ],
670 silly audit   accepts: [ '2.0.0' ],
670 silly audit   'body-parser': [ '2.3.0' ],
670 silly audit   'content-disposition': [ '1.1.0' ],
670 silly audit   'content-type': [ '1.0.5', '2.1.0' ],
670 silly audit   cookie: [ '0.7.2' ],
670 silly audit   'cookie-signature': [ '1.2.2' ],
670 silly audit   debug: [ '4.4.3' ],
670 silly audit   depd: [ '2.0.0' ],
670 silly audit   encodeurl: [ '2.0.0' ],
670 silly audit   'escape-html': [ '1.0.3' ],
670 silly audit   etag: [ '1.8.1' ],
670 silly audit   finalhandler: [ '2.1.1' ],
670 silly audit   fresh: [ '2.0.0' ],
670 silly audit   'http-errors': [ '2.0.1' ],
670 silly audit   'merge-descriptors': [ '2.0.0' ],
670 silly audit   'mime-types': [ '3.0.2' ],
670 silly audit   'on-finished': [ '2.4.1' ],
670 silly audit   once: [ '1.4.0' ],
670 silly audit   parseurl: [ '1.3.3' ],
670 silly audit   'proxy-addr': [ '2.0.7' ],
670 silly audit   qs: [ '6.16.0' ],
670 silly audit   'range-parser': [ '1.3.0' ],
670 silly audit   router: [ '2.2.0' ],
670 silly audit   send: [ '1.2.1' ],
670 silly audit   'serve-static': [ '2.2.1' ],
670 silly audit   statuses: [ '2.0.2' ],
670 silly audit   'type-is': [ '2.1.0' ],
670 silly audit   vary: [ '1.1.2' ],
670 silly audit   negotiator: [ '1.1.0' ],
670 silly audit   bytes: [ '3.1.2' ],
670 silly audit   'iconv-lite': [ '0.7.3' ],
670 silly audit   'raw-body': [ '3.0.2' ],
670 silly audit   ms: [ '2.1.3' ],
670 silly audit   inherits: [ '2.0.4' ],
670 silly audit   setprototypeof: [ '1.2.0' ],
670 silly audit   toidentifier: [ '1.0.1' ],
670 silly audit   'safer-buffer': [ '2.1.2' ],
670 silly audit   'mime-db': [ '1.54.0' ],
670 silly audit   'ee-first': [ '1.1.1' ],
670 silly audit   wrappy: [ '1.0.2' ],
670 silly audit   forwarded: [ '0.2.0' ],
670 silly audit   'ipaddr.js': [ '1.9.1' ],
670 silly audit   'es-define-property': [ '1.0.1' ],
670 silly audit   'side-channel': [ '1.1.1' ],
670 silly audit   unpipe: [ '1.0.0' ],
670 silly audit   'is-promise': [ '4.0.0' ],
670 silly audit   'path-to-regexp': [ '8.4.2' ],
670 silly audit   'es-errors': [ '1.3.0' ],
670 silly audit   'object-inspect': [ '1.13.4' ],
670 silly audit   'side-channel-list': [ '1.0.1' ],
670 silly audit   'side-channel-map': [ '1.0.1' ],
670 silly audit   'side-channel-weakmap': [ '1.0.2' ],
670 silly audit   'call-bound': [ '1.0.4' ],
670 silly audit   'get-intrinsic': [ '1.3.0' ],
670 silly audit   'call-bind-apply-helpers': [ '1.0.2' ],
670 silly audit   'function-bind': [ '1.1.2' ],
670 silly audit   'es-object-atoms': [ '1.1.2' ],
670 silly audit   'get-proto': [ '1.0.1' ],
670 silly audit   gopd: [ '1.2.0' ],
670 silly audit   'has-symbols': [ '1.1.0' ],
670 silly audit   hasown: [ '2.0.4' ],
670 silly audit   'math-intrinsics': [ '1.1.0' ],
670 silly audit   'dunder-proto': [ '1.0.1' ],
670 silly audit   bindings: [ '1.5.0' ],
670 silly audit   'node-addon-api': [ '8.9.2' ],
670 silly audit   'node-gyp': [ '12.4.0' ],
670 silly audit   'prebuild-install': [ '7.1.3' ],
670 silly audit   tar: [ '7.5.22' ],
670 silly audit   'file-uri-to-path': [ '1.0.0' ],
670 silly audit   'env-paths': [ '2.2.1' ],
670 silly audit   'exponential-backoff': [ '3.1.3' ],
670 silly audit   'graceful-fs': [ '4.2.11' ],
670 silly audit   nopt: [ '9.0.0' ],
670 silly audit   'proc-log': [ '6.1.0' ],
670 silly audit   semver: [ '7.8.5' ],
670 silly audit   tinyglobby: [ '0.2.17' ],
670 silly audit   undici: [ '6.28.0' ],
670 silly audit   which: [ '6.0.1' ],
670 silly audit   abbrev: [ '4.0.0' ],
670 silly audit   'detect-libc': [ '2.1.2' ],
670 silly audit   'expand-template': [ '2.0.3' ],
670 silly audit   'github-from-package': [ '0.0.0' ],
670 silly audit   minimist: [ '1.2.8' ],
670 silly audit   'mkdirp-classic': [ '0.5.3' ],
670 silly audit   'napi-build-utils': [ '2.0.0' ],
670 silly audit   'node-abi': [ '3.96.0' ],
670 silly audit   pump: [ '3.0.4' ],
670 silly audit   rc: [ '1.2.8' ],
670 silly audit   'simple-get': [ '4.0.1' ],
670 silly audit   'tar-fs': [ '2.1.5' ],
670 silly audit   'tunnel-agent': [ '0.6.0' ],
670 silly audit   'end-of-stream': [ '1.4.5' ],
670 silly audit   'deep-extend': [ '0.6.0' ],
670 silly audit   ini: [ '1.3.8' ],
670 silly audit   'strip-json-comments': [ '2.0.1' ],
670 silly audit   'decompress-response': [ '6.0.0' ],
670 silly audit   'simple-concat': [ '1.0.1' ],
670 silly audit   'mimic-response': [ '3.1.0' ],
670 silly audit   '@isaacs/fs-minipass': [ '4.0.1' ],
670 silly audit   chownr: [ '3.0.0', '1.1.4' ],
670 silly audit   minipass: [ '7.1.3' ],
670 silly audit   minizlib: [ '3.1.0' ],
670 silly audit   yallist: [ '5.0.0' ],
670 silly audit   'tar-stream': [ '2.2.0' ],
670 silly audit   bl: [ '4.1.0' ],
670 silly audit   'fs-constants': [ '1.0.0' ],
670 silly audit   'readable-stream': [ '3.6.2' ],
670 silly audit   buffer: [ '5.7.1' ],
670 silly audit   'base64-js': [ '1.5.1' ],
670 silly audit   ieee754: [ '1.2.1' ],
670 silly audit   string_decoder: [ '1.3.0' ],
670 silly audit   'util-deprecate': [ '1.0.2' ],
670 silly audit   'safe-buffer': [ '5.2.1' ],
670 silly audit   fdir: [ '6.5.0' ],
670 silly audit   picomatch: [ '4.0.7' ],
670 silly audit   'media-typer': [ '1.1.1' ],
670 silly audit   isexe: [ '4.0.0' ]
670 silly audit }
671 silly tarball no local data for isexe@https://registry.npmjs.org/isexe/-/isexe-4.0.0.tgz. Extracting by manifest.
672 silly tarball no local data for media-typer@https://registry.npmjs.org/media-typer/-/media-typer-1.1.1.tgz. Extracting by manifest.
673 silly tarball no local data for picomatch@https://registry.npmjs.org/picomatch/-/picomatch-4.0.7.tgz. Extracting by manifest.
674 silly tarball no local data for fdir@https://registry.npmjs.org/fdir/-/fdir-6.5.0.tgz. Extracting by manifest.
675 silly tarball no local data for safe-buffer@https://registry.npmjs.org/safe-buffer/-/safe-buffer-5.2.1.tgz. Extracting by manifest.
676 silly tarball no local data for util-deprecate@https://registry.npmjs.org/util-deprecate/-/util-deprecate-1.0.2.tgz. Extracting by manifest.
677 silly tarball no local data for string_decoder@https://registry.npmjs.org/string_decoder/-/string_decoder-1.3.0.tgz. Extracting by manifest.
678 silly tarball no local data for ieee754@https://registry.npmjs.org/ieee754/-/ieee754-1.2.1.tgz. Extracting by manifest.
679 silly tarball no local data for base64-js@https://registry.npmjs.org/base64-js/-/base64-js-1.5.1.tgz. Extracting by manifest.
680 silly tarball no local data for buffer@https://registry.npmjs.org/buffer/-/buffer-5.7.1.tgz. Extracting by manifest.
681 silly tarball no local data for readable-stream@https://registry.npmjs.org/readable-stream/-/readable-stream-3.6.2.tgz. Extracting by manifest.
682 silly tarball no local data for fs-constants@https://registry.npmjs.org/fs-constants/-/fs-constants-1.0.0.tgz. Extracting by manifest.
683 silly tarball no local data for bl@https://registry.npmjs.org/bl/-/bl-4.1.0.tgz. Extracting by manifest.
684 silly tarball no local data for tar-stream@https://registry.npmjs.org/tar-stream/-/tar-stream-2.2.0.tgz. Extracting by manifest.
685 silly tarball no local data for yallist@https://registry.npmjs.org/yallist/-/yallist-5.0.0.tgz. Extracting by manifest.
686 silly tarball no local data for minizlib@https://registry.npmjs.org/minizlib/-/minizlib-3.1.0.tgz. Extracting by manifest.
687 silly tarball no local data for minipass@https://registry.npmjs.org/minipass/-/minipass-7.1.3.tgz. Extracting by manifest.
688 silly tarball no local data for chownr@https://registry.npmjs.org/chownr/-/chownr-3.0.0.tgz. Extracting by manifest.
689 silly tarball no local data for @isaacs/fs-minipass@https://registry.npmjs.org/@isaacs/fs-minipass/-/fs-minipass-4.0.1.tgz. Extracting by manifest.
690 silly tarball no local data for mimic-response@https://registry.npmjs.org/mimic-response/-/mimic-response-3.1.0.tgz. Extracting by manifest.
691 silly tarball no local data for simple-concat@https://registry.npmjs.org/simple-concat/-/simple-concat-1.0.1.tgz. Extracting by manifest.
692 silly tarball no local data for decompress-response@https://registry.npmjs.org/decompress-response/-/decompress-response-6.0.0.tgz. Extracting by manifest.
693 silly tarball no local data for strip-json-comments@https://registry.npmjs.org/strip-json-comments/-/strip-json-comments-2.0.1.tgz. Extracting by manifest.
694 silly tarball no local data for ini@https://registry.npmjs.org/ini/-/ini-1.3.8.tgz. Extracting by manifest.
695 silly tarball no local data for deep-extend@https://registry.npmjs.org/deep-extend/-/deep-extend-0.6.0.tgz. Extracting by manifest.
696 silly tarball no local data for end-of-stream@https://registry.npmjs.org/end-of-stream/-/end-of-stream-1.4.5.tgz. Extracting by manifest.
697 silly tarball no local data for tunnel-agent@https://registry.npmjs.org/tunnel-agent/-/tunnel-agent-0.6.0.tgz. Extracting by manifest.
698 silly tarball no local data for tar-fs@https://registry.npmjs.org/tar-fs/-/tar-fs-2.1.5.tgz. Extracting by manifest.
699 silly tarball no local data for simple-get@https://registry.npmjs.org/simple-get/-/simple-get-4.0.1.tgz. Extracting by manifest.
700 silly tarball no local data for rc@https://registry.npmjs.org/rc/-/rc-1.2.8.tgz. Extracting by manifest.
701 silly tarball no local data for pump@https://registry.npmjs.org/pump/-/pump-3.0.4.tgz. Extracting by manifest.
702 silly tarball no local data for node-abi@https://registry.npmjs.org/node-abi/-/node-abi-3.96.0.tgz. Extracting by manifest.
703 silly tarball no local data for napi-build-utils@https://registry.npmjs.org/napi-build-utils/-/napi-build-utils-2.0.0.tgz. Extracting by manifest.
704 silly tarball no local data for mkdirp-classic@https://registry.npmjs.org/mkdirp-classic/-/mkdirp-classic-0.5.3.tgz. Extracting by manifest.
705 silly tarball no local data for minimist@https://registry.npmjs.org/minimist/-/minimist-1.2.8.tgz. Extracting by manifest.
706 silly tarball no local data for github-from-package@https://registry.npmjs.org/github-from-package/-/github-from-package-0.0.0.tgz. Extracting by manifest.
707 silly tarball no local data for expand-template@https://registry.npmjs.org/expand-template/-/expand-template-2.0.3.tgz. Extracting by manifest.
708 silly tarball no local data for detect-libc@https://registry.npmjs.org/detect-libc/-/detect-libc-2.1.2.tgz. Extracting by manifest.
709 silly tarball no local data for abbrev@https://registry.npmjs.org/abbrev/-/abbrev-4.0.0.tgz. Extracting by manifest.
710 silly tarball no local data for which@https://registry.npmjs.org/which/-/which-6.0.1.tgz. Extracting by manifest.
711 silly tarball no local data for undici@https://registry.npmjs.org/undici/-/undici-6.28.0.tgz. Extracting by manifest.
712 silly tarball no local data for tinyglobby@https://registry.npmjs.org/tinyglobby/-/tinyglobby-0.2.17.tgz. Extracting by manifest.
713 silly tarball no local data for semver@https://registry.npmjs.org/semver/-/semver-7.8.5.tgz. Extracting by manifest.
714 silly tarball no local data for proc-log@https://registry.npmjs.org/proc-log/-/proc-log-6.1.0.tgz. Extracting by manifest.
715 silly tarball no local data for nopt@https://registry.npmjs.org/nopt/-/nopt-9.0.0.tgz. Extracting by manifest.
716 silly tarball no local data for graceful-fs@https://registry.npmjs.org/graceful-fs/-/graceful-fs-4.2.11.tgz. Extracting by manifest.
717 silly tarball no local data for exponential-backoff@https://registry.npmjs.org/exponential-backoff/-/exponential-backoff-3.1.3.tgz. Extracting by manifest.
718 silly tarball no local data for env-paths@https://registry.npmjs.org/env-paths/-/env-paths-2.2.1.tgz. Extracting by manifest.
719 silly tarball no local data for file-uri-to-path@https://registry.npmjs.org/file-uri-to-path/-/file-uri-to-path-1.0.0.tgz. Extracting by manifest.
720 silly tarball no local data for tar@https://registry.npmjs.org/tar/-/tar-7.5.22.tgz. Extracting by manifest.
721 silly tarball no local data for prebuild-install@https://registry.npmjs.org/prebuild-install/-/prebuild-install-7.1.3.tgz. Extracting by manifest.
722 silly tarball no local data for node-gyp@https://registry.npmjs.org/node-gyp/-/node-gyp-12.4.0.tgz. Extracting by manifest.
723 silly tarball no local data for node-addon-api@https://registry.npmjs.org/node-addon-api/-/node-addon-api-8.9.2.tgz. Extracting by manifest.
724 silly tarball no local data for bindings@https://registry.npmjs.org/bindings/-/bindings-1.5.0.tgz. Extracting by manifest.
725 silly tarball no local data for dunder-proto@https://registry.npmjs.org/dunder-proto/-/dunder-proto-1.0.1.tgz. Extracting by manifest.
726 silly tarball no local data for math-intrinsics@https://registry.npmjs.org/math-intrinsics/-/math-intrinsics-1.1.0.tgz. Extracting by manifest.
727 silly tarball no local data for hasown@https://registry.npmjs.org/hasown/-/hasown-2.0.4.tgz. Extracting by manifest.
728 silly tarball no local data for has-symbols@https://registry.npmjs.org/has-symbols/-/has-symbols-1.1.0.tgz. Extracting by manifest.
729 silly tarball no local data for gopd@https://registry.npmjs.org/gopd/-/gopd-1.2.0.tgz. Extracting by manifest.
730 silly tarball no local data for get-proto@https://registry.npmjs.org/get-proto/-/get-proto-1.0.1.tgz. Extracting by manifest.
731 silly tarball no local data for es-object-atoms@https://registry.npmjs.org/es-object-atoms/-/es-object-atoms-1.1.2.tgz. Extracting by manifest.
732 silly tarball no local data for function-bind@https://registry.npmjs.org/function-bind/-/function-bind-1.1.2.tgz. Extracting by manifest.
733 silly tarball no local data for call-bind-apply-helpers@https://registry.npmjs.org/call-bind-apply-helpers/-/call-bind-apply-helpers-1.0.2.tgz. Extracting by manifest.
734 silly tarball no local data for get-intrinsic@https://registry.npmjs.org/get-intrinsic/-/get-intrinsic-1.3.0.tgz. Extracting by manifest.
735 silly tarball no local data for call-bound@https://registry.npmjs.org/call-bound/-/call-bound-1.0.4.tgz. Extracting by manifest.
736 silly tarball no local data for side-channel-weakmap@https://registry.npmjs.org/side-channel-weakmap/-/side-channel-weakmap-1.0.2.tgz. Extracting by manifest.
737 silly tarball no local data for side-channel-map@https://registry.npmjs.org/side-channel-map/-/side-channel-map-1.0.1.tgz. Extracting by manifest.
738 silly tarball no local data for side-channel-list@https://registry.npmjs.org/side-channel-list/-/side-channel-list-1.0.1.tgz. Extracting by manifest.
739 silly tarball no local data for object-inspect@https://registry.npmjs.org/object-inspect/-/object-inspect-1.13.4.tgz. Extracting by manifest.
740 silly tarball no local data for es-errors@https://registry.npmjs.org/es-errors/-/es-errors-1.3.0.tgz. Extracting by manifest.
741 silly tarball no local data for path-to-regexp@https://registry.npmjs.org/path-to-regexp/-/path-to-regexp-8.4.2.tgz. Extracting by manifest.
742 silly tarball no local data for is-promise@https://registry.npmjs.org/is-promise/-/is-promise-4.0.0.tgz. Extracting by manifest.
743 silly tarball no local data for unpipe@https://registry.npmjs.org/unpipe/-/unpipe-1.0.0.tgz. Extracting by manifest.
744 silly tarball no local data for side-channel@https://registry.npmjs.org/side-channel/-/side-channel-1.1.1.tgz. Extracting by manifest.
745 silly tarball no local data for es-define-property@https://registry.npmjs.org/es-define-property/-/es-define-property-1.0.1.tgz. Extracting by manifest.
746 silly tarball no local data for ipaddr.js@https://registry.npmjs.org/ipaddr.js/-/ipaddr.js-1.9.1.tgz. Extracting by manifest.
747 silly tarball no local data for forwarded@https://registry.npmjs.org/forwarded/-/forwarded-0.2.0.tgz. Extracting by manifest.
748 silly tarball no local data for wrappy@https://registry.npmjs.org/wrappy/-/wrappy-1.0.2.tgz. Extracting by manifest.
749 silly tarball no local data for ee-first@https://registry.npmjs.org/ee-first/-/ee-first-1.1.1.tgz. Extracting by manifest.
750 silly tarball no local data for mime-db@https://registry.npmjs.org/mime-db/-/mime-db-1.54.0.tgz. Extracting by manifest.
751 silly tarball no local data for safer-buffer@https://registry.npmjs.org/safer-buffer/-/safer-buffer-2.1.2.tgz. Extracting by manifest.
752 silly tarball no local data for toidentifier@https://registry.npmjs.org/toidentifier/-/toidentifier-1.0.1.tgz. Extracting by manifest.
753 silly tarball no local data for setprototypeof@https://registry.npmjs.org/setprototypeof/-/setprototypeof-1.2.0.tgz. Extracting by manifest.
754 silly tarball no local data for inherits@https://registry.npmjs.org/inherits/-/inherits-2.0.4.tgz. Extracting by manifest.
755 silly tarball no local data for ms@https://registry.npmjs.org/ms/-/ms-2.1.3.tgz. Extracting by manifest.
756 silly tarball no local data for raw-body@https://registry.npmjs.org/raw-body/-/raw-body-3.0.2.tgz. Extracting by manifest.
757 silly tarball no local data for iconv-lite@https://registry.npmjs.org/iconv-lite/-/iconv-lite-0.7.3.tgz. Extracting by manifest.
758 silly tarball no local data for bytes@https://registry.npmjs.org/bytes/-/bytes-3.1.2.tgz. Extracting by manifest.
759 silly tarball no local data for negotiator@https://registry.npmjs.org/negotiator/-/negotiator-1.1.0.tgz. Extracting by manifest.
760 silly tarball no local data for vary@https://registry.npmjs.org/vary/-/vary-1.1.2.tgz. Extracting by manifest.
761 silly tarball no local data for type-is@https://registry.npmjs.org/type-is/-/type-is-2.1.0.tgz. Extracting by manifest.
762 silly tarball no local data for statuses@https://registry.npmjs.org/statuses/-/statuses-2.0.2.tgz. Extracting by manifest.
763 silly tarball no local data for serve-static@https://registry.npmjs.org/serve-static/-/serve-static-2.2.1.tgz. Extracting by manifest.
764 silly tarball no local data for send@https://registry.npmjs.org/send/-/send-1.2.1.tgz. Extracting by manifest.
765 silly tarball no local data for router@https://registry.npmjs.org/router/-/router-2.2.0.tgz. Extracting by manifest.
766 silly tarball no local data for range-parser@https://registry.npmjs.org/range-parser/-/range-parser-1.3.0.tgz. Extracting by manifest.
767 silly tarball no local data for qs@https://registry.npmjs.org/qs/-/qs-6.16.0.tgz. Extracting by manifest.
768 silly tarball no local data for proxy-addr@https://registry.npmjs.org/proxy-addr/-/proxy-addr-2.0.7.tgz. Extracting by manifest.
769 silly tarball no local data for parseurl@https://registry.npmjs.org/parseurl/-/parseurl-1.3.3.tgz. Extracting by manifest.
770 silly tarball no local data for once@https://registry.npmjs.org/once/-/once-1.4.0.tgz. Extracting by manifest.
771 silly tarball no local data for on-finished@https://registry.npmjs.org/on-finished/-/on-finished-2.4.1.tgz. Extracting by manifest.
772 silly tarball no local data for mime-types@https://registry.npmjs.org/mime-types/-/mime-types-3.0.2.tgz. Extracting by manifest.
773 silly tarball no local data for merge-descriptors@https://registry.npmjs.org/merge-descriptors/-/merge-descriptors-2.0.0.tgz. Extracting by manifest.
774 silly tarball no local data for http-errors@https://registry.npmjs.org/http-errors/-/http-errors-2.0.1.tgz. Extracting by manifest.
775 silly tarball no local data for fresh@https://registry.npmjs.org/fresh/-/fresh-2.0.0.tgz. Extracting by manifest.
776 silly tarball no local data for finalhandler@https://registry.npmjs.org/finalhandler/-/finalhandler-2.1.1.tgz. Extracting by manifest.
777 silly tarball no local data for etag@https://registry.npmjs.org/etag/-/etag-1.8.1.tgz. Extracting by manifest.
778 silly tarball no local data for escape-html@https://registry.npmjs.org/escape-html/-/escape-html-1.0.3.tgz. Extracting by manifest.
779 silly tarball no local data for encodeurl@https://registry.npmjs.org/encodeurl/-/encodeurl-2.0.0.tgz. Extracting by manifest.
780 silly tarball no local data for depd@https://registry.npmjs.org/depd/-/depd-2.0.0.tgz. Extracting by manifest.
781 silly tarball no local data for debug@https://registry.npmjs.org/debug/-/debug-4.4.3.tgz. Extracting by manifest.
782 silly tarball no local data for cookie-signature@https://registry.npmjs.org/cookie-signature/-/cookie-signature-1.2.2.tgz. Extracting by manifest.
783 silly tarball no local data for cookie@https://registry.npmjs.org/cookie/-/cookie-0.7.2.tgz. Extracting by manifest.
784 silly tarball no local data for content-type@https://registry.npmjs.org/content-type/-/content-type-1.0.5.tgz. Extracting by manifest.
785 silly tarball no local data for content-disposition@https://registry.npmjs.org/content-disposition/-/content-disposition-1.1.0.tgz. Extracting by manifest.
786 silly tarball no local data for body-parser@https://registry.npmjs.org/body-parser/-/body-parser-2.3.0.tgz. Extracting by manifest.
787 silly tarball no local data for accepts@https://registry.npmjs.org/accepts/-/accepts-2.0.0.tgz. Extracting by manifest.
788 silly tarball no local data for sqlite3@https://registry.npmjs.org/sqlite3/-/sqlite3-6.0.1.tgz. Extracting by manifest.
789 silly tarball no local data for express@https://registry.npmjs.org/express/-/express-5.2.1.tgz. Extracting by manifest.
790 silly tarball no local data for dotenv@https://registry.npmjs.org/dotenv/-/dotenv-17.4.2.tgz. Extracting by manifest.
791 silly tarball no local data for chownr@https://registry.npmjs.org/chownr/-/chownr-1.1.4.tgz. Extracting by manifest.
792 silly tarball no local data for content-type@https://registry.npmjs.org/content-type/-/content-type-2.1.0.tgz. Extracting by manifest.
793 silly tarball no local data for content-type@https://registry.npmjs.org/content-type/-/content-type-2.1.0.tgz. Extracting by manifest.
794 silly tarball no local data for content-type@https://registry.npmjs.org/content-type/-/content-type-2.1.0.tgz. Extracting by manifest.
795 http fetch GET 200 https://registry.npmjs.org/fs-constants/-/fs-constants-1.0.0.tgz 534ms (cache miss)
796 http fetch GET 200 https://registry.npmjs.org/string_decoder/-/string_decoder-1.3.0.tgz 549ms (cache miss)
797 http fetch GET 200 https://registry.npmjs.org/base64-js/-/base64-js-1.5.1.tgz 537ms (cache miss)
798 http fetch GET 200 https://registry.npmjs.org/util-deprecate/-/util-deprecate-1.0.2.tgz 550ms (cache miss)
799 http fetch GET 200 https://registry.npmjs.org/media-typer/-/media-typer-1.1.1.tgz 570ms (cache miss)
800 http fetch GET 200 https://registry.npmjs.org/ieee754/-/ieee754-1.2.1.tgz 646ms (cache miss)
801 http fetch GET 200 https://registry.npmjs.org/mimic-response/-/mimic-response-3.1.0.tgz 664ms (cache miss)
802 http fetch GET 200 https://registry.npmjs.org/safe-buffer/-/safe-buffer-5.2.1.tgz 687ms (cache miss)
803 http fetch GET 200 https://registry.npmjs.org/end-of-stream/-/end-of-stream-1.4.5.tgz 656ms (cache miss)
804 http fetch GET 200 https://registry.npmjs.org/decompress-response/-/decompress-response-6.0.0.tgz 691ms (cache miss)
805 http fetch GET 200 https://registry.npmjs.org/fdir/-/fdir-6.5.0.tgz 716ms (cache miss)
806 http fetch GET 200 https://registry.npmjs.org/tar-stream/-/tar-stream-2.2.0.tgz 697ms (cache miss)
807 http fetch GET 200 https://registry.npmjs.org/simple-concat/-/simple-concat-1.0.1.tgz 692ms (cache miss)
808 http fetch GET 200 https://registry.npmjs.org/strip-json-comments/-/strip-json-comments-2.0.1.tgz 691ms (cache miss)
809 http fetch GET 200 https://registry.npmjs.org/simple-get/-/simple-get-4.0.1.tgz 741ms (cache miss)
810 http fetch GET 200 https://registry.npmjs.org/napi-build-utils/-/napi-build-utils-2.0.0.tgz 748ms (cache miss)
811 http fetch GET 200 https://registry.npmjs.org/pump/-/pump-3.0.4.tgz 750ms (cache miss)
812 http fetch GET 200 https://registry.npmjs.org/chownr/-/chownr-3.0.0.tgz 802ms (cache miss)
813 http fetch GET 200 https://registry.npmjs.org/ini/-/ini-1.3.8.tgz 797ms (cache miss)
814 http fetch GET 200 https://registry.npmjs.org/tunnel-agent/-/tunnel-agent-0.6.0.tgz 790ms (cache miss)
815 http fetch GET 200 https://registry.npmjs.org/mkdirp-classic/-/mkdirp-classic-0.5.3.tgz 785ms (cache miss)
816 http fetch GET 200 https://registry.npmjs.org/deep-extend/-/deep-extend-0.6.0.tgz 812ms (cache miss)
817 http fetch GET 200 https://registry.npmjs.org/github-from-package/-/github-from-package-0.0.0.tgz 800ms (cache miss)
818 http fetch GET 200 https://registry.npmjs.org/expand-template/-/expand-template-2.0.3.tgz 808ms (cache miss)
819 http fetch GET 200 https://registry.npmjs.org/node-abi/-/node-abi-3.96.0.tgz 823ms (cache miss)
820 http fetch GET 200 https://registry.npmjs.org/env-paths/-/env-paths-2.2.1.tgz 809ms (cache miss)
821 http fetch GET 200 https://registry.npmjs.org/abbrev/-/abbrev-4.0.0.tgz 822ms (cache miss)
822 http fetch GET 200 https://registry.npmjs.org/proc-log/-/proc-log-6.1.0.tgz 818ms (cache miss)
823 http fetch GET 200 https://registry.npmjs.org/file-uri-to-path/-/file-uri-to-path-1.0.0.tgz 815ms (cache miss)
824 http fetch GET 200 https://registry.npmjs.org/hasown/-/hasown-2.0.4.tgz 812ms (cache miss)
825 http fetch GET 200 https://registry.npmjs.org/tinyglobby/-/tinyglobby-0.2.17.tgz 826ms (cache miss)
826 http fetch GET 200 https://registry.npmjs.org/which/-/which-6.0.1.tgz 829ms (cache miss)
827 http fetch GET 200 https://registry.npmjs.org/call-bound/-/call-bound-1.0.4.tgz 810ms (cache miss)
828 http fetch GET 200 https://registry.npmjs.org/side-channel-weakmap/-/side-channel-weakmap-1.0.2.tgz 819ms (cache miss)
829 http fetch GET 200 https://registry.npmjs.org/is-promise/-/is-promise-4.0.0.tgz 813ms (cache miss)
830 http fetch GET 200 https://registry.npmjs.org/rc/-/rc-1.2.8.tgz 853ms (cache miss)
831 http fetch GET 200 https://registry.npmjs.org/bindings/-/bindings-1.5.0.tgz 834ms (cache miss)
832 http fetch GET 200 https://registry.npmjs.org/toidentifier/-/toidentifier-1.0.1.tgz 813ms (cache miss)
833 http fetch GET 200 https://registry.npmjs.org/detect-libc/-/detect-libc-2.1.2.tgz 850ms (cache miss)
834 http fetch GET 200 https://registry.npmjs.org/es-object-atoms/-/es-object-atoms-1.1.2.tgz 836ms (cache miss)
835 http fetch GET 200 https://registry.npmjs.org/get-proto/-/get-proto-1.0.1.tgz 838ms (cache miss)
836 http fetch GET 200 https://registry.npmjs.org/dunder-proto/-/dunder-proto-1.0.1.tgz 840ms (cache miss)
837 http fetch GET 200 https://registry.npmjs.org/wrappy/-/wrappy-1.0.2.tgz 821ms (cache miss)
838 http fetch GET 200 https://registry.npmjs.org/inherits/-/inherits-2.0.4.tgz 818ms (cache miss)
839 http fetch GET 200 https://registry.npmjs.org/side-channel-map/-/side-channel-map-1.0.1.tgz 834ms (cache miss)
840 http fetch GET 200 https://registry.npmjs.org/graceful-fs/-/graceful-fs-4.2.11.tgz 852ms (cache miss)
841 http fetch GET 200 https://registry.npmjs.org/path-to-regexp/-/path-to-regexp-8.4.2.tgz 836ms (cache miss)
842 http fetch GET 200 https://registry.npmjs.org/unpipe/-/unpipe-1.0.0.tgz 835ms (cache miss)
843 http fetch GET 200 https://registry.npmjs.org/bl/-/bl-4.1.0.tgz 893ms (cache miss)
844 http fetch GET 200 https://registry.npmjs.org/ipaddr.js/-/ipaddr.js-1.9.1.tgz 835ms (cache miss)
845 http fetch GET 200 https://registry.npmjs.org/forwarded/-/forwarded-0.2.0.tgz 836ms (cache miss)
846 http fetch GET 200 https://registry.npmjs.org/setprototypeof/-/setprototypeof-1.2.0.tgz 832ms (cache miss)
847 http fetch GET 200 https://registry.npmjs.org/es-define-property/-/es-define-property-1.0.1.tgz 839ms (cache miss)
848 http fetch GET 200 https://registry.npmjs.org/buffer/-/buffer-5.7.1.tgz 900ms (cache miss)
849 http fetch GET 200 https://registry.npmjs.org/ms/-/ms-2.1.3.tgz 841ms (cache miss)
850 http fetch GET 200 https://registry.npmjs.org/ee-first/-/ee-first-1.1.1.tgz 844ms (cache miss)
851 http fetch GET 200 https://registry.npmjs.org/raw-body/-/raw-body-3.0.2.tgz 842ms (cache miss)
852 http fetch GET 200 https://registry.npmjs.org/type-is/-/type-is-2.1.0.tgz 837ms (cache miss)
853 http fetch GET 200 https://registry.npmjs.org/negotiator/-/negotiator-1.1.0.tgz 840ms (cache miss)
854 http fetch GET 200 https://registry.npmjs.org/parseurl/-/parseurl-1.3.3.tgz 832ms (cache miss)
855 http fetch GET 200 https://registry.npmjs.org/once/-/once-1.4.0.tgz 833ms (cache miss)
856 http fetch GET 200 https://registry.npmjs.org/mime-db/-/mime-db-1.54.0.tgz 852ms (cache miss)
857 http fetch GET 200 https://registry.npmjs.org/send/-/send-1.2.1.tgz 843ms (cache miss)
858 http fetch GET 200 https://registry.npmjs.org/range-parser/-/range-parser-1.3.0.tgz 842ms (cache miss)
859 http fetch GET 200 https://registry.npmjs.org/etag/-/etag-1.8.1.tgz 829ms (cache miss)
860 http fetch GET 200 https://registry.npmjs.org/cookie-signature/-/cookie-signature-1.2.2.tgz 827ms (cache miss)
861 http fetch GET 200 https://registry.npmjs.org/accepts/-/accepts-2.0.0.tgz 825ms (cache miss)
862 http fetch GET 200 https://registry.npmjs.org/merge-descriptors/-/merge-descriptors-2.0.0.tgz 834ms (cache miss)
863 http fetch GET 200 https://registry.npmjs.org/mime-types/-/mime-types-3.0.2.tgz 836ms (cache miss)
864 http fetch GET 200 https://registry.npmjs.org/yallist/-/yallist-5.0.0.tgz 915ms (cache miss)
865 http fetch GET 200 https://registry.npmjs.org/bytes/-/bytes-3.1.2.tgz 855ms (cache miss)
866 http fetch GET 200 https://registry.npmjs.org/statuses/-/statuses-2.0.2.tgz 851ms (cache miss)
867 http fetch GET 200 https://registry.npmjs.org/vary/-/vary-1.1.2.tgz 853ms (cache miss)
868 http fetch GET 200 https://registry.npmjs.org/escape-html/-/escape-html-1.0.3.tgz 836ms (cache miss)
869 http fetch GET 200 https://registry.npmjs.org/cookie/-/cookie-0.7.2.tgz 833ms (cache miss)
870 http fetch GET 200 https://registry.npmjs.org/finalhandler/-/finalhandler-2.1.1.tgz 838ms (cache miss)
871 http fetch GET 200 https://registry.npmjs.org/on-finished/-/on-finished-2.4.1.tgz 847ms (cache miss)
872 http fetch GET 200 https://registry.npmjs.org/serve-static/-/serve-static-2.2.1.tgz 856ms (cache miss)
873 http fetch GET 200 https://registry.npmjs.org/fresh/-/fresh-2.0.0.tgz 842ms (cache miss)
874 http fetch GET 200 https://registry.npmjs.org/http-errors/-/http-errors-2.0.1.tgz 843ms (cache miss)
875 http fetch GET 200 https://registry.npmjs.org/content-type/-/content-type-1.0.5.tgz 837ms (cache miss)
876 http fetch GET 200 https://registry.npmjs.org/nopt/-/nopt-9.0.0.tgz 894ms (cache miss)
877 http fetch GET 200 https://registry.npmjs.org/gopd/-/gopd-1.2.0.tgz 887ms (cache miss)
878 http fetch GET 200 https://registry.npmjs.org/router/-/router-2.2.0.tgz 859ms (cache miss)
879 http fetch GET 200 https://registry.npmjs.org/encodeurl/-/encodeurl-2.0.0.tgz 844ms (cache miss)
880 http fetch GET 200 https://registry.npmjs.org/depd/-/depd-2.0.0.tgz 844ms (cache miss)
881 http fetch GET 200 https://registry.npmjs.org/content-disposition/-/content-disposition-1.1.0.tgz 841ms (cache miss)
882 http fetch GET 200 https://registry.npmjs.org/content-type/-/content-type-2.1.0.tgz 833ms (cache miss)
883 http fetch GET 200 https://registry.npmjs.org/safer-buffer/-/safer-buffer-2.1.2.tgz 872ms (cache miss)
884 http fetch GET 200 https://registry.npmjs.org/proxy-addr/-/proxy-addr-2.0.7.tgz 862ms (cache miss)
885 http fetch GET 200 https://registry.npmjs.org/side-channel-list/-/side-channel-list-1.0.1.tgz 885ms (cache miss)
886 http fetch GET 200 https://registry.npmjs.org/chownr/-/chownr-1.1.4.tgz 842ms (cache miss)
887 http fetch GET 200 https://registry.npmjs.org/content-type/-/content-type-2.1.0.tgz 841ms (cache miss)
888 http fetch GET 200 https://registry.npmjs.org/content-type/-/content-type-2.1.0.tgz 841ms (cache miss)
889 http fetch GET 200 https://registry.npmjs.org/picomatch/-/picomatch-4.0.7.tgz 958ms (cache miss)
890 http fetch GET 200 https://registry.npmjs.org/call-bind-apply-helpers/-/call-bind-apply-helpers-1.0.2.tgz 893ms (cache miss)
891 http fetch GET 200 https://registry.npmjs.org/body-parser/-/body-parser-2.3.0.tgz 854ms (cache miss)
892 http fetch GET 200 https://registry.npmjs.org/@isaacs/fs-minipass/-/fs-minipass-4.0.1.tgz 941ms (cache miss)
893 http fetch GET 200 https://registry.npmjs.org/has-symbols/-/has-symbols-1.1.0.tgz 906ms (cache miss)
894 http fetch GET 200 https://registry.npmjs.org/side-channel/-/side-channel-1.1.1.tgz 892ms (cache miss)
895 http fetch GET 200 https://registry.npmjs.org/es-errors/-/es-errors-1.3.0.tgz 896ms (cache miss)
896 http fetch GET 200 https://registry.npmjs.org/function-bind/-/function-bind-1.1.2.tgz 914ms (cache miss)
897 http fetch GET 200 https://registry.npmjs.org/get-intrinsic/-/get-intrinsic-1.3.0.tgz 910ms (cache miss)
898 http fetch GET 200 https://registry.npmjs.org/prebuild-install/-/prebuild-install-7.1.3.tgz 921ms (cache miss)
899 warn deprecated prebuild-install@7.1.3: No longer maintained. Please contact the author of the relevant native addon; alternatives are available.
900 http fetch GET 200 https://registry.npmjs.org/debug/-/debug-4.4.3.tgz 876ms (cache miss)
901 http fetch GET 200 https://registry.npmjs.org/express/-/express-5.2.1.tgz 881ms (cache miss)
902 http fetch GET 200 https://registry.npmjs.org/math-intrinsics/-/math-intrinsics-1.1.0.tgz 940ms (cache miss)
903 http fetch GET 200 https://registry.npmjs.org/minizlib/-/minizlib-3.1.0.tgz 979ms (cache miss)
904 http fetch GET 200 https://registry.npmjs.org/dotenv/-/dotenv-17.4.2.tgz 889ms (cache miss)
905 http fetch GET 200 https://registry.npmjs.org/isexe/-/isexe-4.0.0.tgz 1009ms (cache miss)
906 http fetch GET 200 https://registry.npmjs.org/tar-fs/-/tar-fs-2.1.5.tgz 971ms (cache miss)
907 http fetch GET 200 https://registry.npmjs.org/minimist/-/minimist-1.2.8.tgz 966ms (cache miss)
908 http fetch GET 200 https://registry.npmjs.org/readable-stream/-/readable-stream-3.6.2.tgz 1000ms (cache miss)
909 http fetch GET 200 https://registry.npmjs.org/minipass/-/minipass-7.1.3.tgz 1008ms (cache miss)
910 http fetch GET 200 https://registry.npmjs.org/node-addon-api/-/node-addon-api-8.9.2.tgz 977ms (cache miss)
911 http fetch GET 200 https://registry.npmjs.org/exponential-backoff/-/exponential-backoff-3.1.3.tgz 983ms (cache miss)
912 http fetch GET 200 https://registry.npmjs.org/qs/-/qs-6.16.0.tgz 945ms (cache miss)
913 http fetch GET 200 https://registry.npmjs.org/object-inspect/-/object-inspect-1.13.4.tgz 966ms (cache miss)
914 http fetch GET 200 https://registry.npmjs.org/semver/-/semver-7.8.5.tgz 1001ms (cache miss)
915 http fetch GET 200 https://registry.npmjs.org/iconv-lite/-/iconv-lite-0.7.3.tgz 976ms (cache miss)
916 http fetch GET 200 https://registry.npmjs.org/sqlite3/-/sqlite3-6.0.1.tgz 1027ms (cache miss)
917 http fetch GET 200 https://registry.npmjs.org/node-gyp/-/node-gyp-12.4.0.tgz 1092ms (cache miss)
918 http fetch GET 200 https://registry.npmjs.org/undici/-/undici-6.28.0.tgz 1121ms (cache miss)
919 http fetch GET 200 https://registry.npmjs.org/tar/-/tar-7.5.22.tgz 1132ms (cache miss)
920 info run sqlite3@6.0.1 install node_modules/sqlite3 prebuild-install -r napi || node-gyp rebuild
921 info run sqlite3@6.0.1 install { code: 0, signal: null }
922 http fetch POST 200 https://registry.npmjs.org/-/npm/v1/security/advisories/bulk 50354ms
923 silly audit report {}
924 silly ADD node_modules/isexe
925 silly ADD node_modules/media-typer
926 silly ADD node_modules/picomatch
927 silly ADD node_modules/fdir
928 silly ADD node_modules/safe-buffer
929 silly ADD node_modules/util-deprecate
930 silly ADD node_modules/string_decoder
931 silly ADD node_modules/ieee754
932 silly ADD node_modules/base64-js
933 silly ADD node_modules/buffer
934 silly ADD node_modules/readable-stream
935 silly ADD node_modules/fs-constants
936 silly ADD node_modules/bl
937 silly ADD node_modules/tar-stream
938 silly ADD node_modules/yallist
939 silly ADD node_modules/minizlib
940 silly ADD node_modules/minipass
941 silly ADD node_modules/chownr
942 silly ADD node_modules/@isaacs/fs-minipass
943 silly ADD node_modules/mimic-response
944 silly ADD node_modules/simple-concat
945 silly ADD node_modules/decompress-response
946 silly ADD node_modules/strip-json-comments
947 silly ADD node_modules/ini
948 silly ADD node_modules/deep-extend
949 silly ADD node_modules/end-of-stream
950 silly ADD node_modules/tunnel-agent
951 silly ADD node_modules/tar-fs
952 silly ADD node_modules/tar-fs/node_modules/chownr
953 silly ADD node_modules/simple-get
954 silly ADD node_modules/rc
955 silly ADD node_modules/pump
956 silly ADD node_modules/node-abi
957 silly ADD node_modules/napi-build-utils
958 silly ADD node_modules/mkdirp-classic
959 silly ADD node_modules/minimist
960 silly ADD node_modules/github-from-package
961 silly ADD node_modules/expand-template
962 silly ADD node_modules/detect-libc
963 silly ADD node_modules/abbrev
964 silly ADD node_modules/which
965 silly ADD node_modules/undici
966 silly ADD node_modules/tinyglobby
967 silly ADD node_modules/semver
968 silly ADD node_modules/proc-log
969 silly ADD node_modules/nopt
970 silly ADD node_modules/graceful-fs
971 silly ADD node_modules/exponential-backoff
972 silly ADD node_modules/env-paths
973 silly ADD node_modules/file-uri-to-path
974 silly ADD node_modules/tar
975 silly ADD node_modules/prebuild-install
976 silly ADD node_modules/node-gyp
977 silly ADD node_modules/node-addon-api
978 silly ADD node_modules/bindings
979 silly ADD node_modules/dunder-proto
980 silly ADD node_modules/math-intrinsics
981 silly ADD node_modules/hasown
982 silly ADD node_modules/has-symbols
983 silly ADD node_modules/gopd
984 silly ADD node_modules/get-proto
985 silly ADD node_modules/es-object-atoms
986 silly ADD node_modules/function-bind
987 silly ADD node_modules/call-bind-apply-helpers
988 silly ADD node_modules/get-intrinsic
989 silly ADD node_modules/call-bound
990 silly ADD node_modules/side-channel-weakmap
991 silly ADD node_modules/side-channel-map
992 silly ADD node_modules/side-channel-list
993 silly ADD node_modules/object-inspect
994 silly ADD node_modules/es-errors
995 silly ADD node_modules/path-to-regexp
996 silly ADD node_modules/is-promise
997 silly ADD node_modules/unpipe
998 silly ADD node_modules/side-channel
999 silly ADD node_modules/es-define-property
1000 silly ADD node_modules/ipaddr.js
1001 silly ADD node_modules/forwarded
1002 silly ADD node_modules/wrappy
1003 silly ADD node_modules/ee-first
1004 silly ADD node_modules/mime-db
1005 silly ADD node_modules/safer-buffer
1006 silly ADD node_modules/toidentifier
1007 silly ADD node_modules/setprototypeof
1008 silly ADD node_modules/inherits
1009 silly ADD node_modules/ms
1010 silly ADD node_modules/raw-body
1011 silly ADD node_modules/iconv-lite
1012 silly ADD node_modules/bytes
1013 silly ADD node_modules/negotiator
1014 silly ADD node_modules/negotiator/node_modules/content-type
1015 silly ADD node_modules/vary
1016 silly ADD node_modules/type-is
1017 silly ADD node_modules/type-is/node_modules/content-type
1018 silly ADD node_modules/statuses
1019 silly ADD node_modules/serve-static
1020 silly ADD node_modules/send
1021 silly ADD node_modules/router
1022 silly ADD node_modules/range-parser
1023 silly ADD node_modules/qs
1024 silly ADD node_modules/proxy-addr
1025 silly ADD node_modules/parseurl
1026 silly ADD node_modules/once
1027 silly ADD node_modules/on-finished
1028 silly ADD node_modules/mime-types
1029 silly ADD node_modules/merge-descriptors
1030 silly ADD node_modules/http-errors
1031 silly ADD node_modules/fresh
1032 silly ADD node_modules/finalhandler
1033 silly ADD node_modules/etag
1034 silly ADD node_modules/escape-html
1035 silly ADD node_modules/encodeurl
1036 silly ADD node_modules/depd
1037 silly ADD node_modules/debug
1038 silly ADD node_modules/cookie-signature
1039 silly ADD node_modules/cookie
1040 silly ADD node_modules/content-type
1041 silly ADD node_modules/content-disposition
1042 silly ADD node_modules/body-parser
1043 silly ADD node_modules/body-parser/node_modules/content-type
1044 silly ADD node_modules/accepts
1045 silly ADD node_modules/sqlite3
1046 silly ADD node_modules/express
1047 silly ADD node_modules/dotenv
1048 verbose cwd /home/user
1049 verbose os Linux 6.1.158+
1050 verbose node v20.20.2
1051 verbose npm  v10.8.2
1052 verbose exit 0
1053 info ok
