0 verbose cli /usr/bin/node /usr/bin/npm
1 info using npm@10.8.2
2 info using node@v20.20.2
3 silly config load:file:/usr/lib/node_modules/npm/npmrc
4 silly config load:file:/home/user/.npmrc
5 silly config load:file:/usr/etc/npmrc
6 verbose title npm install
7 verbose argv "install"
8 verbose logfile logs-max:10 dir:/home/user/.npm/_logs/2026-09-04T01_41_14_626Z-
9 verbose logfile /home/user/.npm/_logs/2026-09-04T01_41_14_626Z-debug-0.log
10 silly packumentCache heap:998768640 maxSize:249692160 maxEntrySize:124846080
11 silly logfile done cleaning log files
12 silly idealTree buildDeps
13 silly reify moves {}
14 silly audit bulk request {
14 silly audit   '@gar/promisify': [ '1.1.3' ],
14 silly audit   '@npmcli/fs': [ '1.1.1' ],
14 silly audit   '@npmcli/move-file': [ '1.1.2' ],
14 silly audit   '@tootallnate/once': [ '1.1.2' ],
14 silly audit   abbrev: [ '1.1.1' ],
14 silly audit   accepts: [ '1.3.8' ],
14 silly audit   'agent-base': [ '6.0.2' ],
14 silly audit   debug: [ '4.4.3', '2.6.9' ],
14 silly audit   ms: [ '2.1.3', '2.0.0' ],
14 silly audit   agentkeepalive: [ '4.6.0' ],
14 silly audit   'aggregate-error': [ '3.1.0' ],
14 silly audit   'ansi-regex': [ '5.0.1' ],
14 silly audit   aproba: [ '2.1.0' ],
14 silly audit   'are-we-there-yet': [ '3.0.1' ],
14 silly audit   'array-flatten': [ '1.1.1' ],
14 silly audit   'balanced-match': [ '1.0.2' ],
14 silly audit   'base64-js': [ '1.5.1' ],
14 silly audit   bindings: [ '1.5.0' ],
14 silly audit   bl: [ '4.1.0' ],
14 silly audit   'body-parser': [ '1.20.6' ],
14 silly audit   'brace-expansion': [ '1.1.18' ],
14 silly audit   buffer: [ '5.7.1' ],
14 silly audit   bytes: [ '3.1.2' ],
14 silly audit   cacache: [ '15.3.0' ],
14 silly audit   'call-bind-apply-helpers': [ '1.0.2' ],
14 silly audit   'call-bound': [ '1.0.4' ],
14 silly audit   chownr: [ '2.0.0', '1.1.4' ],
14 silly audit   'clean-stack': [ '2.2.0' ],
14 silly audit   'color-support': [ '1.1.3' ],
14 silly audit   'concat-map': [ '0.0.1' ],
14 silly audit   'console-control-strings': [ '1.1.0' ],
14 silly audit   'content-disposition': [ '0.5.4' ],
14 silly audit   'content-type': [ '1.0.5' ],
14 silly audit   cookie: [ '0.7.2' ],
14 silly audit   'cookie-signature': [ '1.0.7' ],
14 silly audit   'decompress-response': [ '6.0.0' ],
14 silly audit   'deep-extend': [ '0.6.0' ],
14 silly audit   delegates: [ '1.0.0' ],
14 silly audit   depd: [ '2.0.0' ],
14 silly audit   destroy: [ '1.2.0' ],
14 silly audit   'detect-libc': [ '2.1.2' ],
14 silly audit   dotenv: [ '17.4.2' ],
14 silly audit   'dunder-proto': [ '1.0.1' ],
14 silly audit   'ee-first': [ '1.1.1' ],
14 silly audit   'emoji-regex': [ '8.0.0' ],
14 silly audit   encodeurl: [ '2.0.0' ],
14 silly audit   encoding: [ '0.1.13' ],
14 silly audit   'iconv-lite': [ '0.6.3', '0.4.24' ],
14 silly audit   'end-of-stream': [ '1.4.5' ],
14 silly audit   'env-paths': [ '2.2.1' ],
14 silly audit   'err-code': [ '2.0.3' ],
14 silly audit   'es-define-property': [ '1.0.1' ],
14 silly audit   'es-errors': [ '1.3.0' ],
14 silly audit   'es-object-atoms': [ '1.1.2' ],
14 silly audit   'escape-html': [ '1.0.3' ],
14 silly audit   etag: [ '1.8.1' ],
14 silly audit   'expand-template': [ '2.0.3' ],
14 silly audit   express: [ '4.22.2' ],
14 silly audit   'file-uri-to-path': [ '1.0.0' ],
14 silly audit   finalhandler: [ '1.3.2' ],
14 silly audit   forwarded: [ '0.2.0' ],
14 silly audit   fresh: [ '0.5.2' ],
14 silly audit   'fs-constants': [ '1.0.0' ],
14 silly audit   'fs-minipass': [ '2.1.0' ],
14 silly audit   'fs.realpath': [ '1.0.0' ],
14 silly audit   'function-bind': [ '1.1.2' ],
14 silly audit   gauge: [ '4.0.4' ],
14 silly audit   'get-intrinsic': [ '1.3.0' ],
14 silly audit   'get-proto': [ '1.0.1' ],
14 silly audit   'github-from-package': [ '0.0.0' ],
14 silly audit   glob: [ '7.2.3' ],
14 silly audit   gopd: [ '1.2.0' ],
14 silly audit   'graceful-fs': [ '4.2.11' ],
14 silly audit   'has-symbols': [ '1.1.0' ],
14 silly audit   'has-unicode': [ '2.0.1' ],
14 silly audit   hasown: [ '2.0.4' ],
14 silly audit   'http-cache-semantics': [ '4.2.0' ],
14 silly audit   'http-errors': [ '2.0.1' ],
14 silly audit   'http-proxy-agent': [ '4.0.1' ],
14 silly audit   'https-proxy-agent': [ '5.0.1' ],
14 silly audit   'humanize-ms': [ '1.2.1' ],
14 silly audit   ieee754: [ '1.2.1' ],
14 silly audit   imurmurhash: [ '0.1.4' ],
14 silly audit   'indent-string': [ '4.0.0' ],
14 silly audit   'infer-owner': [ '1.0.4' ],
14 silly audit   inflight: [ '1.0.6' ],
14 silly audit   inherits: [ '2.0.4' ],
14 silly audit   ini: [ '1.3.8' ],
14 silly audit   'ip-address': [ '10.7.0' ],
14 silly audit   'ipaddr.js': [ '1.9.1' ],
14 silly audit   'is-fullwidth-code-point': [ '3.0.0' ],
14 silly audit   'is-lambda': [ '1.0.1' ],
14 silly audit   isexe: [ '2.0.0' ],
14 silly audit   'lru-cache': [ '6.0.0' ],
14 silly audit   'make-fetch-happen': [ '9.1.0' ],
14 silly audit   'math-intrinsics': [ '1.1.0' ],
14 silly audit   'media-typer': [ '0.3.0' ],
14 silly audit   'merge-descriptors': [ '1.0.3' ],
14 silly audit   methods: [ '1.1.2' ],
14 silly audit   mime: [ '1.6.0' ],
14 silly audit   'mime-db': [ '1.52.0' ],
14 silly audit   'mime-types': [ '2.1.35' ],
14 silly audit   'mimic-response': [ '3.1.0' ],
14 silly audit   minimatch: [ '3.1.5' ],
14 silly audit   minimist: [ '1.2.8' ],
14 silly audit   minipass: [ '3.3.6', '5.0.0' ],
14 silly audit   'minipass-collect': [ '1.0.2' ],
14 silly audit   'minipass-fetch': [ '1.4.1' ],
14 silly audit   'minipass-flush': [ '1.0.7' ],
14 silly audit   'minipass-pipeline': [ '1.2.4' ],
14 silly audit   'minipass-sized': [ '1.0.3' ],
14 silly audit   minizlib: [ '2.1.2' ],
14 silly audit   mkdirp: [ '1.0.4' ],
14 silly audit   'mkdirp-classic': [ '0.5.3' ],
14 silly audit   'napi-build-utils': [ '2.0.0' ],
14 silly audit   negotiator: [ '0.6.3' ],
14 silly audit   'node-abi': [ '3.96.0' ],
14 silly audit   'node-addon-api': [ '7.1.1' ],
14 silly audit   'node-gyp': [ '8.4.1' ],
14 silly audit   nopt: [ '5.0.0' ],
14 silly audit   npmlog: [ '6.0.2' ],
14 silly audit   'object-inspect': [ '1.13.4' ],
14 silly audit   'on-finished': [ '2.4.1' ],
14 silly audit   once: [ '1.4.0' ],
14 silly audit   'p-map': [ '4.0.0' ],
14 silly audit   parseurl: [ '1.3.3' ],
14 silly audit   'path-is-absolute': [ '1.0.1' ],
14 silly audit   'path-to-regexp': [ '0.1.13' ],
14 silly audit   'prebuild-install': [ '7.1.3' ],
14 silly audit   'promise-inflight': [ '1.0.1' ],
14 silly audit   'promise-retry': [ '2.0.1' ],
14 silly audit   'proxy-addr': [ '2.0.7' ],
14 silly audit   pump: [ '3.0.4' ],
14 silly audit   qs: [ '6.15.3' ],
14 silly audit   'range-parser': [ '1.2.1' ],
14 silly audit   'raw-body': [ '2.5.3' ],
14 silly audit   rc: [ '1.2.8' ],
14 silly audit   'readable-stream': [ '3.6.2' ],
14 silly audit   retry: [ '0.12.0' ],
14 silly audit   rimraf: [ '3.0.2' ],
14 silly audit   'safe-buffer': [ '5.2.1' ],
14 silly audit   'safer-buffer': [ '2.1.2' ],
14 silly audit   semver: [ '7.8.5' ],
14 silly audit   send: [ '0.19.2' ],
14 silly audit   'serve-static': [ '1.16.3' ],
14 silly audit   'set-blocking': [ '2.0.0' ],
14 silly audit   setprototypeof: [ '1.2.0' ],
14 silly audit   'side-channel': [ '1.1.1' ],
14 silly audit   'side-channel-list': [ '1.0.1' ],
14 silly audit   'side-channel-map': [ '1.0.1' ],
14 silly audit   'side-channel-weakmap': [ '1.0.2' ],
14 silly audit   'signal-exit': [ '3.0.7' ],
14 silly audit   'simple-concat': [ '1.0.1' ],
14 silly audit   'simple-get': [ '4.0.1' ],
14 silly audit   'smart-buffer': [ '4.2.0' ],
14 silly audit   socks: [ '2.8.10' ],
14 silly audit   'socks-proxy-agent': [ '6.2.1' ],
14 silly audit   sqlite3: [ '5.1.7' ],
14 silly audit   ssri: [ '8.0.1' ],
14 silly audit   statuses: [ '2.0.2' ],
14 silly audit   string_decoder: [ '1.3.0' ],
14 silly audit   'string-width': [ '4.2.3' ],
14 silly audit   'strip-ansi': [ '6.0.1' ],
14 silly audit   'strip-json-comments': [ '2.0.1' ],
14 silly audit   tar: [ '6.2.1' ],
14 silly audit   'tar-fs': [ '2.1.5' ],
14 silly audit   'tar-stream': [ '2.2.0' ],
14 silly audit   toidentifier: [ '1.0.1' ],
14 silly audit   'tunnel-agent': [ '0.6.0' ],
14 silly audit   'type-is': [ '1.6.18' ],
14 silly audit   'unique-filename': [ '1.1.1' ],
14 silly audit   'unique-slug': [ '2.0.2' ],
14 silly audit   unpipe: [ '1.0.0' ],
14 silly audit   'util-deprecate': [ '1.0.2' ],
14 silly audit   'utils-merge': [ '1.0.1' ],
14 silly audit   vary: [ '1.1.2' ],
14 silly audit   which: [ '2.0.2' ],
14 silly audit   'wide-align': [ '1.1.5' ],
14 silly audit   wrappy: [ '1.0.2' ],
14 silly audit   yallist: [ '4.0.0' ]
14 silly audit }
15 silly tarball no local data for yallist@https://registry.npmjs.org/yallist/-/yallist-4.0.0.tgz. Extracting by manifest.
16 silly tarball no local data for wrappy@https://registry.npmjs.org/wrappy/-/wrappy-1.0.2.tgz. Extracting by manifest.
17 silly tarball no local data for wide-align@https://registry.npmjs.org/wide-align/-/wide-align-1.1.5.tgz. Extracting by manifest.
18 silly tarball no local data for which@https://registry.npmjs.org/which/-/which-2.0.2.tgz. Extracting by manifest.
19 silly tarball no local data for vary@https://registry.npmjs.org/vary/-/vary-1.1.2.tgz. Extracting by manifest.
20 silly tarball no local data for utils-merge@https://registry.npmjs.org/utils-merge/-/utils-merge-1.0.1.tgz. Extracting by manifest.
21 silly tarball no local data for util-deprecate@https://registry.npmjs.org/util-deprecate/-/util-deprecate-1.0.2.tgz. Extracting by manifest.
22 silly tarball no local data for unpipe@https://registry.npmjs.org/unpipe/-/unpipe-1.0.0.tgz. Extracting by manifest.
23 silly tarball no local data for unique-slug@https://registry.npmjs.org/unique-slug/-/unique-slug-2.0.2.tgz. Extracting by manifest.
24 silly tarball no local data for unique-filename@https://registry.npmjs.org/unique-filename/-/unique-filename-1.1.1.tgz. Extracting by manifest.
25 silly tarball no local data for type-is@https://registry.npmjs.org/type-is/-/type-is-1.6.18.tgz. Extracting by manifest.
26 silly tarball no local data for tunnel-agent@https://registry.npmjs.org/tunnel-agent/-/tunnel-agent-0.6.0.tgz. Extracting by manifest.
27 silly tarball no local data for toidentifier@https://registry.npmjs.org/toidentifier/-/toidentifier-1.0.1.tgz. Extracting by manifest.
28 silly tarball no local data for tar-stream@https://registry.npmjs.org/tar-stream/-/tar-stream-2.2.0.tgz. Extracting by manifest.
29 silly tarball no local data for tar@https://registry.npmjs.org/tar/-/tar-6.2.1.tgz. Extracting by manifest.
30 silly tarball no local data for strip-json-comments@https://registry.npmjs.org/strip-json-comments/-/strip-json-comments-2.0.1.tgz. Extracting by manifest.
31 silly tarball no local data for strip-ansi@https://registry.npmjs.org/strip-ansi/-/strip-ansi-6.0.1.tgz. Extracting by manifest.
32 silly tarball no local data for string-width@https://registry.npmjs.org/string-width/-/string-width-4.2.3.tgz. Extracting by manifest.
33 silly tarball no local data for string_decoder@https://registry.npmjs.org/string_decoder/-/string_decoder-1.3.0.tgz. Extracting by manifest.
34 silly tarball no local data for statuses@https://registry.npmjs.org/statuses/-/statuses-2.0.2.tgz. Extracting by manifest.
35 silly tarball no local data for tar-fs@https://registry.npmjs.org/tar-fs/-/tar-fs-2.1.5.tgz. Extracting by manifest.
36 silly tarball no local data for ssri@https://registry.npmjs.org/ssri/-/ssri-8.0.1.tgz. Extracting by manifest.
37 silly tarball no local data for socks-proxy-agent@https://registry.npmjs.org/socks-proxy-agent/-/socks-proxy-agent-6.2.1.tgz. Extracting by manifest.
38 silly tarball no local data for sqlite3@https://registry.npmjs.org/sqlite3/-/sqlite3-5.1.7.tgz. Extracting by manifest.
39 silly tarball no local data for socks@https://registry.npmjs.org/socks/-/socks-2.8.10.tgz. Extracting by manifest.
40 silly tarball no local data for smart-buffer@https://registry.npmjs.org/smart-buffer/-/smart-buffer-4.2.0.tgz. Extracting by manifest.
41 silly tarball no local data for simple-get@https://registry.npmjs.org/simple-get/-/simple-get-4.0.1.tgz. Extracting by manifest.
42 silly tarball no local data for simple-concat@https://registry.npmjs.org/simple-concat/-/simple-concat-1.0.1.tgz. Extracting by manifest.
43 silly tarball no local data for signal-exit@https://registry.npmjs.org/signal-exit/-/signal-exit-3.0.7.tgz. Extracting by manifest.
44 silly tarball no local data for side-channel-weakmap@https://registry.npmjs.org/side-channel-weakmap/-/side-channel-weakmap-1.0.2.tgz. Extracting by manifest.
45 silly tarball no local data for side-channel-map@https://registry.npmjs.org/side-channel-map/-/side-channel-map-1.0.1.tgz. Extracting by manifest.
46 silly tarball no local data for side-channel-list@https://registry.npmjs.org/side-channel-list/-/side-channel-list-1.0.1.tgz. Extracting by manifest.
47 silly tarball no local data for side-channel@https://registry.npmjs.org/side-channel/-/side-channel-1.1.1.tgz. Extracting by manifest.
48 silly tarball no local data for setprototypeof@https://registry.npmjs.org/setprototypeof/-/setprototypeof-1.2.0.tgz. Extracting by manifest.
49 silly tarball no local data for set-blocking@https://registry.npmjs.org/set-blocking/-/set-blocking-2.0.0.tgz. Extracting by manifest.
50 silly tarball no local data for serve-static@https://registry.npmjs.org/serve-static/-/serve-static-1.16.3.tgz. Extracting by manifest.
51 silly tarball no local data for send@https://registry.npmjs.org/send/-/send-0.19.2.tgz. Extracting by manifest.
52 silly tarball no local data for semver@https://registry.npmjs.org/semver/-/semver-7.8.5.tgz. Extracting by manifest.
53 silly tarball no local data for safer-buffer@https://registry.npmjs.org/safer-buffer/-/safer-buffer-2.1.2.tgz. Extracting by manifest.
54 silly tarball no local data for rimraf@https://registry.npmjs.org/rimraf/-/rimraf-3.0.2.tgz. Extracting by manifest.
55 silly tarball no local data for retry@https://registry.npmjs.org/retry/-/retry-0.12.0.tgz. Extracting by manifest.
56 silly tarball no local data for safe-buffer@https://registry.npmjs.org/safe-buffer/-/safe-buffer-5.2.1.tgz. Extracting by manifest.
57 silly tarball no local data for readable-stream@https://registry.npmjs.org/readable-stream/-/readable-stream-3.6.2.tgz. Extracting by manifest.
58 silly tarball no local data for rc@https://registry.npmjs.org/rc/-/rc-1.2.8.tgz. Extracting by manifest.
59 silly tarball no local data for raw-body@https://registry.npmjs.org/raw-body/-/raw-body-2.5.3.tgz. Extracting by manifest.
60 silly tarball no local data for range-parser@https://registry.npmjs.org/range-parser/-/range-parser-1.2.1.tgz. Extracting by manifest.
61 silly tarball no local data for qs@https://registry.npmjs.org/qs/-/qs-6.15.3.tgz. Extracting by manifest.
62 silly tarball no local data for pump@https://registry.npmjs.org/pump/-/pump-3.0.4.tgz. Extracting by manifest.
63 silly tarball no local data for proxy-addr@https://registry.npmjs.org/proxy-addr/-/proxy-addr-2.0.7.tgz. Extracting by manifest.
64 silly tarball no local data for promise-retry@https://registry.npmjs.org/promise-retry/-/promise-retry-2.0.1.tgz. Extracting by manifest.
65 silly tarball no local data for promise-inflight@https://registry.npmjs.org/promise-inflight/-/promise-inflight-1.0.1.tgz. Extracting by manifest.
66 silly tarball no local data for prebuild-install@https://registry.npmjs.org/prebuild-install/-/prebuild-install-7.1.3.tgz. Extracting by manifest.
67 silly tarball no local data for path-to-regexp@https://registry.npmjs.org/path-to-regexp/-/path-to-regexp-0.1.13.tgz. Extracting by manifest.
68 silly tarball no local data for path-is-absolute@https://registry.npmjs.org/path-is-absolute/-/path-is-absolute-1.0.1.tgz. Extracting by manifest.
69 silly tarball no local data for p-map@https://registry.npmjs.org/p-map/-/p-map-4.0.0.tgz. Extracting by manifest.
70 silly tarball no local data for once@https://registry.npmjs.org/once/-/once-1.4.0.tgz. Extracting by manifest.
71 silly tarball no local data for on-finished@https://registry.npmjs.org/on-finished/-/on-finished-2.4.1.tgz. Extracting by manifest.
72 silly tarball no local data for object-inspect@https://registry.npmjs.org/object-inspect/-/object-inspect-1.13.4.tgz. Extracting by manifest.
73 silly tarball no local data for npmlog@https://registry.npmjs.org/npmlog/-/npmlog-6.0.2.tgz. Extracting by manifest.
74 silly tarball no local data for nopt@https://registry.npmjs.org/nopt/-/nopt-5.0.0.tgz. Extracting by manifest.
75 silly tarball no local data for node-gyp@https://registry.npmjs.org/node-gyp/-/node-gyp-8.4.1.tgz. Extracting by manifest.
76 silly tarball no local data for node-addon-api@https://registry.npmjs.org/node-addon-api/-/node-addon-api-7.1.1.tgz. Extracting by manifest.
77 silly tarball no local data for node-abi@https://registry.npmjs.org/node-abi/-/node-abi-3.96.0.tgz. Extracting by manifest.
78 silly tarball no local data for negotiator@https://registry.npmjs.org/negotiator/-/negotiator-0.6.3.tgz. Extracting by manifest.
79 silly tarball no local data for napi-build-utils@https://registry.npmjs.org/napi-build-utils/-/napi-build-utils-2.0.0.tgz. Extracting by manifest.
80 silly tarball no local data for ms@https://registry.npmjs.org/ms/-/ms-2.0.0.tgz. Extracting by manifest.
81 silly tarball no local data for mkdirp-classic@https://registry.npmjs.org/mkdirp-classic/-/mkdirp-classic-0.5.3.tgz. Extracting by manifest.
82 silly tarball no local data for mkdirp@https://registry.npmjs.org/mkdirp/-/mkdirp-1.0.4.tgz. Extracting by manifest.
83 silly tarball no local data for minizlib@https://registry.npmjs.org/minizlib/-/minizlib-2.1.2.tgz. Extracting by manifest.
84 silly tarball no local data for minipass-sized@https://registry.npmjs.org/minipass-sized/-/minipass-sized-1.0.3.tgz. Extracting by manifest.
85 silly tarball no local data for minipass-pipeline@https://registry.npmjs.org/minipass-pipeline/-/minipass-pipeline-1.2.4.tgz. Extracting by manifest.
86 silly tarball no local data for minipass-flush@https://registry.npmjs.org/minipass-flush/-/minipass-flush-1.0.7.tgz. Extracting by manifest.
87 silly tarball no local data for minipass-fetch@https://registry.npmjs.org/minipass-fetch/-/minipass-fetch-1.4.1.tgz. Extracting by manifest.
88 silly tarball no local data for minipass-collect@https://registry.npmjs.org/minipass-collect/-/minipass-collect-1.0.2.tgz. Extracting by manifest.
89 silly tarball no local data for minipass@https://registry.npmjs.org/minipass/-/minipass-3.3.6.tgz. Extracting by manifest.
90 silly tarball no local data for minimist@https://registry.npmjs.org/minimist/-/minimist-1.2.8.tgz. Extracting by manifest.
91 silly tarball no local data for minimatch@https://registry.npmjs.org/minimatch/-/minimatch-3.1.5.tgz. Extracting by manifest.
92 silly tarball no local data for mimic-response@https://registry.npmjs.org/mimic-response/-/mimic-response-3.1.0.tgz. Extracting by manifest.
93 silly tarball no local data for mime-types@https://registry.npmjs.org/mime-types/-/mime-types-2.1.35.tgz. Extracting by manifest.
94 silly tarball no local data for mime-db@https://registry.npmjs.org/mime-db/-/mime-db-1.52.0.tgz. Extracting by manifest.
95 silly tarball no local data for mime@https://registry.npmjs.org/mime/-/mime-1.6.0.tgz. Extracting by manifest.
96 silly tarball no local data for methods@https://registry.npmjs.org/methods/-/methods-1.1.2.tgz. Extracting by manifest.
97 silly tarball no local data for merge-descriptors@https://registry.npmjs.org/merge-descriptors/-/merge-descriptors-1.0.3.tgz. Extracting by manifest.
98 silly tarball no local data for media-typer@https://registry.npmjs.org/media-typer/-/media-typer-0.3.0.tgz. Extracting by manifest.
99 silly tarball no local data for math-intrinsics@https://registry.npmjs.org/math-intrinsics/-/math-intrinsics-1.1.0.tgz. Extracting by manifest.
100 silly tarball no local data for make-fetch-happen@https://registry.npmjs.org/make-fetch-happen/-/make-fetch-happen-9.1.0.tgz. Extracting by manifest.
101 silly tarball no local data for lru-cache@https://registry.npmjs.org/lru-cache/-/lru-cache-6.0.0.tgz. Extracting by manifest.
102 silly tarball no local data for isexe@https://registry.npmjs.org/isexe/-/isexe-2.0.0.tgz. Extracting by manifest.
103 silly tarball no local data for is-lambda@https://registry.npmjs.org/is-lambda/-/is-lambda-1.0.1.tgz. Extracting by manifest.
104 silly tarball no local data for is-fullwidth-code-point@https://registry.npmjs.org/is-fullwidth-code-point/-/is-fullwidth-code-point-3.0.0.tgz. Extracting by manifest.
105 silly tarball no local data for ipaddr.js@https://registry.npmjs.org/ipaddr.js/-/ipaddr.js-1.9.1.tgz. Extracting by manifest.
106 silly tarball no local data for ip-address@https://registry.npmjs.org/ip-address/-/ip-address-10.7.0.tgz. Extracting by manifest.
107 silly tarball no local data for ini@https://registry.npmjs.org/ini/-/ini-1.3.8.tgz. Extracting by manifest.
108 silly tarball no local data for inherits@https://registry.npmjs.org/inherits/-/inherits-2.0.4.tgz. Extracting by manifest.
109 silly tarball no local data for inflight@https://registry.npmjs.org/inflight/-/inflight-1.0.6.tgz. Extracting by manifest.
110 silly tarball no local data for infer-owner@https://registry.npmjs.org/infer-owner/-/infer-owner-1.0.4.tgz. Extracting by manifest.
111 silly tarball no local data for indent-string@https://registry.npmjs.org/indent-string/-/indent-string-4.0.0.tgz. Extracting by manifest.
112 silly tarball no local data for imurmurhash@https://registry.npmjs.org/imurmurhash/-/imurmurhash-0.1.4.tgz. Extracting by manifest.
113 silly tarball no local data for ieee754@https://registry.npmjs.org/ieee754/-/ieee754-1.2.1.tgz. Extracting by manifest.
114 silly tarball no local data for iconv-lite@https://registry.npmjs.org/iconv-lite/-/iconv-lite-0.4.24.tgz. Extracting by manifest.
115 silly tarball no local data for humanize-ms@https://registry.npmjs.org/humanize-ms/-/humanize-ms-1.2.1.tgz. Extracting by manifest.
116 silly tarball no local data for https-proxy-agent@https://registry.npmjs.org/https-proxy-agent/-/https-proxy-agent-5.0.1.tgz. Extracting by manifest.
117 silly tarball no local data for http-proxy-agent@https://registry.npmjs.org/http-proxy-agent/-/http-proxy-agent-4.0.1.tgz. Extracting by manifest.
118 silly tarball no local data for http-errors@https://registry.npmjs.org/http-errors/-/http-errors-2.0.1.tgz. Extracting by manifest.
119 silly tarball no local data for http-cache-semantics@https://registry.npmjs.org/http-cache-semantics/-/http-cache-semantics-4.2.0.tgz. Extracting by manifest.
120 silly tarball no local data for hasown@https://registry.npmjs.org/hasown/-/hasown-2.0.4.tgz. Extracting by manifest.
121 silly tarball no local data for has-unicode@https://registry.npmjs.org/has-unicode/-/has-unicode-2.0.1.tgz. Extracting by manifest.
122 silly tarball no local data for has-symbols@https://registry.npmjs.org/has-symbols/-/has-symbols-1.1.0.tgz. Extracting by manifest.
123 silly tarball no local data for graceful-fs@https://registry.npmjs.org/graceful-fs/-/graceful-fs-4.2.11.tgz. Extracting by manifest.
124 silly tarball no local data for gopd@https://registry.npmjs.org/gopd/-/gopd-1.2.0.tgz. Extracting by manifest.
125 silly tarball no local data for glob@https://registry.npmjs.org/glob/-/glob-7.2.3.tgz. Extracting by manifest.
126 silly tarball no local data for github-from-package@https://registry.npmjs.org/github-from-package/-/github-from-package-0.0.0.tgz. Extracting by manifest.
127 silly tarball no local data for get-proto@https://registry.npmjs.org/get-proto/-/get-proto-1.0.1.tgz. Extracting by manifest.
128 silly tarball no local data for get-intrinsic@https://registry.npmjs.org/get-intrinsic/-/get-intrinsic-1.3.0.tgz. Extracting by manifest.
129 silly tarball no local data for gauge@https://registry.npmjs.org/gauge/-/gauge-4.0.4.tgz. Extracting by manifest.
130 silly tarball no local data for function-bind@https://registry.npmjs.org/function-bind/-/function-bind-1.1.2.tgz. Extracting by manifest.
131 silly tarball no local data for fs.realpath@https://registry.npmjs.org/fs.realpath/-/fs.realpath-1.0.0.tgz. Extracting by manifest.
132 silly tarball no local data for fs-minipass@https://registry.npmjs.org/fs-minipass/-/fs-minipass-2.1.0.tgz. Extracting by manifest.
133 silly tarball no local data for fs-constants@https://registry.npmjs.org/fs-constants/-/fs-constants-1.0.0.tgz. Extracting by manifest.
134 silly tarball no local data for fresh@https://registry.npmjs.org/fresh/-/fresh-0.5.2.tgz. Extracting by manifest.
135 silly tarball no local data for forwarded@https://registry.npmjs.org/forwarded/-/forwarded-0.2.0.tgz. Extracting by manifest.
136 silly tarball no local data for finalhandler@https://registry.npmjs.org/finalhandler/-/finalhandler-1.3.2.tgz. Extracting by manifest.
137 silly tarball no local data for file-uri-to-path@https://registry.npmjs.org/file-uri-to-path/-/file-uri-to-path-1.0.0.tgz. Extracting by manifest.
138 silly tarball no local data for express@https://registry.npmjs.org/express/-/express-4.22.2.tgz. Extracting by manifest.
139 silly tarball no local data for expand-template@https://registry.npmjs.org/expand-template/-/expand-template-2.0.3.tgz. Extracting by manifest.
140 silly tarball no local data for etag@https://registry.npmjs.org/etag/-/etag-1.8.1.tgz. Extracting by manifest.
141 silly tarball no local data for escape-html@https://registry.npmjs.org/escape-html/-/escape-html-1.0.3.tgz. Extracting by manifest.
142 silly tarball no local data for es-object-atoms@https://registry.npmjs.org/es-object-atoms/-/es-object-atoms-1.1.2.tgz. Extracting by manifest.
143 silly tarball no local data for es-errors@https://registry.npmjs.org/es-errors/-/es-errors-1.3.0.tgz. Extracting by manifest.
144 silly tarball no local data for es-define-property@https://registry.npmjs.org/es-define-property/-/es-define-property-1.0.1.tgz. Extracting by manifest.
145 silly tarball no local data for err-code@https://registry.npmjs.org/err-code/-/err-code-2.0.3.tgz. Extracting by manifest.
146 silly tarball no local data for env-paths@https://registry.npmjs.org/env-paths/-/env-paths-2.2.1.tgz. Extracting by manifest.
147 silly tarball no local data for end-of-stream@https://registry.npmjs.org/end-of-stream/-/end-of-stream-1.4.5.tgz. Extracting by manifest.
148 silly tarball no local data for encoding@https://registry.npmjs.org/encoding/-/encoding-0.1.13.tgz. Extracting by manifest.
149 silly tarball no local data for encodeurl@https://registry.npmjs.org/encodeurl/-/encodeurl-2.0.0.tgz. Extracting by manifest.
150 silly tarball no local data for emoji-regex@https://registry.npmjs.org/emoji-regex/-/emoji-regex-8.0.0.tgz. Extracting by manifest.
151 silly tarball no local data for ee-first@https://registry.npmjs.org/ee-first/-/ee-first-1.1.1.tgz. Extracting by manifest.
152 silly tarball no local data for dunder-proto@https://registry.npmjs.org/dunder-proto/-/dunder-proto-1.0.1.tgz. Extracting by manifest.
153 silly tarball no local data for dotenv@https://registry.npmjs.org/dotenv/-/dotenv-17.4.2.tgz. Extracting by manifest.
154 silly tarball no local data for detect-libc@https://registry.npmjs.org/detect-libc/-/detect-libc-2.1.2.tgz. Extracting by manifest.
155 silly tarball no local data for destroy@https://registry.npmjs.org/destroy/-/destroy-1.2.0.tgz. Extracting by manifest.
156 silly tarball no local data for depd@https://registry.npmjs.org/depd/-/depd-2.0.0.tgz. Extracting by manifest.
157 silly tarball no local data for delegates@https://registry.npmjs.org/delegates/-/delegates-1.0.0.tgz. Extracting by manifest.
158 silly tarball no local data for deep-extend@https://registry.npmjs.org/deep-extend/-/deep-extend-0.6.0.tgz. Extracting by manifest.
159 silly tarball no local data for decompress-response@https://registry.npmjs.org/decompress-response/-/decompress-response-6.0.0.tgz. Extracting by manifest.
160 silly tarball no local data for debug@https://registry.npmjs.org/debug/-/debug-2.6.9.tgz. Extracting by manifest.
161 silly tarball no local data for cookie-signature@https://registry.npmjs.org/cookie-signature/-/cookie-signature-1.0.7.tgz. Extracting by manifest.
162 silly tarball no local data for cookie@https://registry.npmjs.org/cookie/-/cookie-0.7.2.tgz. Extracting by manifest.
163 silly tarball no local data for content-type@https://registry.npmjs.org/content-type/-/content-type-1.0.5.tgz. Extracting by manifest.
164 silly tarball no local data for content-disposition@https://registry.npmjs.org/content-disposition/-/content-disposition-0.5.4.tgz. Extracting by manifest.
165 silly tarball no local data for console-control-strings@https://registry.npmjs.org/console-control-strings/-/console-control-strings-1.1.0.tgz. Extracting by manifest.
166 silly tarball no local data for concat-map@https://registry.npmjs.org/concat-map/-/concat-map-0.0.1.tgz. Extracting by manifest.
167 silly tarball no local data for color-support@https://registry.npmjs.org/color-support/-/color-support-1.1.3.tgz. Extracting by manifest.
168 silly tarball no local data for clean-stack@https://registry.npmjs.org/clean-stack/-/clean-stack-2.2.0.tgz. Extracting by manifest.
169 silly tarball no local data for chownr@https://registry.npmjs.org/chownr/-/chownr-2.0.0.tgz. Extracting by manifest.
170 silly tarball no local data for call-bound@https://registry.npmjs.org/call-bound/-/call-bound-1.0.4.tgz. Extracting by manifest.
171 silly tarball no local data for call-bind-apply-helpers@https://registry.npmjs.org/call-bind-apply-helpers/-/call-bind-apply-helpers-1.0.2.tgz. Extracting by manifest.
172 silly tarball no local data for cacache@https://registry.npmjs.org/cacache/-/cacache-15.3.0.tgz. Extracting by manifest.
173 silly tarball no local data for bytes@https://registry.npmjs.org/bytes/-/bytes-3.1.2.tgz. Extracting by manifest.
174 silly tarball no local data for buffer@https://registry.npmjs.org/buffer/-/buffer-5.7.1.tgz. Extracting by manifest.
175 silly tarball no local data for brace-expansion@https://registry.npmjs.org/brace-expansion/-/brace-expansion-1.1.18.tgz. Extracting by manifest.
176 silly tarball no local data for body-parser@https://registry.npmjs.org/body-parser/-/body-parser-1.20.6.tgz. Extracting by manifest.
177 silly tarball no local data for bl@https://registry.npmjs.org/bl/-/bl-4.1.0.tgz. Extracting by manifest.
178 silly tarball no local data for bindings@https://registry.npmjs.org/bindings/-/bindings-1.5.0.tgz. Extracting by manifest.
179 silly tarball no local data for base64-js@https://registry.npmjs.org/base64-js/-/base64-js-1.5.1.tgz. Extracting by manifest.
180 silly tarball no local data for balanced-match@https://registry.npmjs.org/balanced-match/-/balanced-match-1.0.2.tgz. Extracting by manifest.
181 silly tarball no local data for array-flatten@https://registry.npmjs.org/array-flatten/-/array-flatten-1.1.1.tgz. Extracting by manifest.
182 silly tarball no local data for are-we-there-yet@https://registry.npmjs.org/are-we-there-yet/-/are-we-there-yet-3.0.1.tgz. Extracting by manifest.
183 silly tarball no local data for aproba@https://registry.npmjs.org/aproba/-/aproba-2.1.0.tgz. Extracting by manifest.
184 silly tarball no local data for ansi-regex@https://registry.npmjs.org/ansi-regex/-/ansi-regex-5.0.1.tgz. Extracting by manifest.
185 silly tarball no local data for aggregate-error@https://registry.npmjs.org/aggregate-error/-/aggregate-error-3.1.0.tgz. Extracting by manifest.
186 silly tarball no local data for agentkeepalive@https://registry.npmjs.org/agentkeepalive/-/agentkeepalive-4.6.0.tgz. Extracting by manifest.
187 silly tarball no local data for agent-base@https://registry.npmjs.org/agent-base/-/agent-base-6.0.2.tgz. Extracting by manifest.
188 silly tarball no local data for accepts@https://registry.npmjs.org/accepts/-/accepts-1.3.8.tgz. Extracting by manifest.
189 silly tarball no local data for abbrev@https://registry.npmjs.org/abbrev/-/abbrev-1.1.1.tgz. Extracting by manifest.
190 silly tarball no local data for @tootallnate/once@https://registry.npmjs.org/@tootallnate/once/-/once-1.1.2.tgz. Extracting by manifest.
191 silly tarball no local data for @npmcli/move-file@https://registry.npmjs.org/@npmcli/move-file/-/move-file-1.1.2.tgz. Extracting by manifest.
192 silly tarball no local data for @npmcli/fs@https://registry.npmjs.org/@npmcli/fs/-/fs-1.1.1.tgz. Extracting by manifest.
193 silly tarball no local data for @gar/promisify@https://registry.npmjs.org/@gar/promisify/-/promisify-1.1.3.tgz. Extracting by manifest.
194 silly tarball no local data for chownr@https://registry.npmjs.org/chownr/-/chownr-1.1.4.tgz. Extracting by manifest.
195 silly tarball no local data for minipass@https://registry.npmjs.org/minipass/-/minipass-5.0.0.tgz. Extracting by manifest.
196 silly tarball no local data for ms@https://registry.npmjs.org/ms/-/ms-2.1.3.tgz. Extracting by manifest.
197 silly tarball no local data for debug@https://registry.npmjs.org/debug/-/debug-4.4.3.tgz. Extracting by manifest.
198 silly tarball no local data for ms@https://registry.npmjs.org/ms/-/ms-2.1.3.tgz. Extracting by manifest.
199 silly tarball no local data for ms@https://registry.npmjs.org/ms/-/ms-2.1.3.tgz. Extracting by manifest.
200 silly tarball no local data for debug@https://registry.npmjs.org/debug/-/debug-4.4.3.tgz. Extracting by manifest.
201 silly tarball no local data for debug@https://registry.npmjs.org/debug/-/debug-4.4.3.tgz. Extracting by manifest.
202 silly tarball no local data for ms@https://registry.npmjs.org/ms/-/ms-2.1.3.tgz. Extracting by manifest.
203 silly tarball no local data for iconv-lite@https://registry.npmjs.org/iconv-lite/-/iconv-lite-0.6.3.tgz. Extracting by manifest.
204 silly tarball no local data for ms@https://registry.npmjs.org/ms/-/ms-2.1.3.tgz. Extracting by manifest.
205 silly tarball no local data for debug@https://registry.npmjs.org/debug/-/debug-4.4.3.tgz. Extracting by manifest.
206 silly tarball no local data for parseurl@https://registry.npmjs.org/parseurl/-/parseurl-1.3.3.tgz. Extracting by manifest.
207 http fetch GET 200 https://registry.npmjs.org/npm 363ms
208 http fetch GET 200 https://registry.npmjs.org/tar-stream/-/tar-stream-2.2.0.tgz 342ms (cache miss)
209 http fetch GET 200 https://registry.npmjs.org/type-is/-/type-is-1.6.18.tgz 470ms (cache miss)
210 http fetch GET 200 https://registry.npmjs.org/vary/-/vary-1.1.2.tgz 515ms (cache miss)
211 http fetch GET 200 https://registry.npmjs.org/util-deprecate/-/util-deprecate-1.0.2.tgz 516ms (cache miss)
212 http fetch GET 200 https://registry.npmjs.org/which/-/which-2.0.2.tgz 529ms (cache miss)
213 http fetch GET 200 https://registry.npmjs.org/yallist/-/yallist-4.0.0.tgz 532ms (cache miss)
214 http fetch GET 200 https://registry.npmjs.org/unpipe/-/unpipe-1.0.0.tgz 528ms (cache miss)
215 http fetch GET 200 https://registry.npmjs.org/strip-json-comments/-/strip-json-comments-2.0.1.tgz 525ms (cache miss)
216 http fetch GET 200 https://registry.npmjs.org/wide-align/-/wide-align-1.1.5.tgz 552ms (cache miss)
217 http fetch GET 200 https://registry.npmjs.org/utils-merge/-/utils-merge-1.0.1.tgz 560ms (cache miss)
218 http fetch GET 200 https://registry.npmjs.org/toidentifier/-/toidentifier-1.0.1.tgz 557ms (cache miss)
219 http fetch GET 200 https://registry.npmjs.org/wrappy/-/wrappy-1.0.2.tgz 562ms (cache miss)
220 http fetch GET 200 https://registry.npmjs.org/strip-ansi/-/strip-ansi-6.0.1.tgz 588ms (cache miss)
221 http fetch GET 200 https://registry.npmjs.org/unique-slug/-/unique-slug-2.0.2.tgz 592ms (cache miss)
222 http fetch GET 200 https://registry.npmjs.org/string-width/-/string-width-4.2.3.tgz 592ms (cache miss)
223 http fetch GET 200 https://registry.npmjs.org/tunnel-agent/-/tunnel-agent-0.6.0.tgz 607ms (cache miss)
224 http fetch GET 200 https://registry.npmjs.org/simple-concat/-/simple-concat-1.0.1.tgz 623ms (cache miss)
225 http fetch GET 200 https://registry.npmjs.org/string_decoder/-/string_decoder-1.3.0.tgz 645ms (cache miss)
226 http fetch GET 200 https://registry.npmjs.org/signal-exit/-/signal-exit-3.0.7.tgz 638ms (cache miss)
227 http fetch GET 200 https://registry.npmjs.org/set-blocking/-/set-blocking-2.0.0.tgz 636ms (cache miss)
228 http fetch GET 200 https://registry.npmjs.org/statuses/-/statuses-2.0.2.tgz 678ms (cache miss)
229 http fetch GET 200 https://registry.npmjs.org/simple-get/-/simple-get-4.0.1.tgz 672ms (cache miss)
230 http fetch GET 200 https://registry.npmjs.org/setprototypeof/-/setprototypeof-1.2.0.tgz 696ms (cache miss)
231 http fetch GET 200 https://registry.npmjs.org/tar/-/tar-6.2.1.tgz 733ms (cache miss)
232 http fetch GET 200 https://registry.npmjs.org/ssri/-/ssri-8.0.1.tgz 742ms (cache miss)
233 http fetch GET 200 https://registry.npmjs.org/side-channel-weakmap/-/side-channel-weakmap-1.0.2.tgz 739ms (cache miss)
234 http fetch GET 200 https://registry.npmjs.org/socks-proxy-agent/-/socks-proxy-agent-6.2.1.tgz 763ms (cache miss)
235 warn deprecated tar@6.2.1: Old versions of tar are not supported, and contain widely publicized security vulnerabilities, which have been fixed in the current version. Please update. Support for old versions may be purchased (at exorbitant rates) by contacting i@izs.me
236 http fetch GET 200 https://registry.npmjs.org/raw-body/-/raw-body-2.5.3.tgz 750ms (cache miss)
237 http fetch GET 200 https://registry.npmjs.org/promise-inflight/-/promise-inflight-1.0.1.tgz 748ms (cache miss)
238 http fetch GET 200 https://registry.npmjs.org/side-channel-map/-/side-channel-map-1.0.1.tgz 779ms (cache miss)
239 http fetch GET 200 https://registry.npmjs.org/rimraf/-/rimraf-3.0.2.tgz 771ms (cache miss)
240 warn deprecated rimraf@3.0.2: Rimraf versions prior to v4 are no longer supported
241 http fetch GET 200 https://registry.npmjs.org/range-parser/-/range-parser-1.2.1.tgz 771ms (cache miss)
242 http fetch GET 200 https://registry.npmjs.org/p-map/-/p-map-4.0.0.tgz 764ms (cache miss)
243 http fetch GET 200 https://registry.npmjs.org/prebuild-install/-/prebuild-install-7.1.3.tgz 769ms (cache miss)
244 http fetch GET 200 https://registry.npmjs.org/npmlog/-/npmlog-6.0.2.tgz 762ms (cache miss)
245 warn deprecated npmlog@6.0.2: This package is no longer supported.
246 http fetch GET 200 https://registry.npmjs.org/smart-buffer/-/smart-buffer-4.2.0.tgz 799ms (cache miss)
247 http fetch GET 200 https://registry.npmjs.org/path-to-regexp/-/path-to-regexp-0.1.13.tgz 779ms (cache miss)
248 http fetch GET 200 https://registry.npmjs.org/path-is-absolute/-/path-is-absolute-1.0.1.tgz 779ms (cache miss)
249 http fetch GET 200 https://registry.npmjs.org/side-channel-list/-/side-channel-list-1.0.1.tgz 816ms (cache miss)
250 http fetch GET 200 https://registry.npmjs.org/pump/-/pump-3.0.4.tgz 805ms (cache miss)
251 warn deprecated prebuild-install@7.1.3: No longer maintained. Please contact the author of the relevant native addon; alternatives are available.
252 http fetch GET 200 https://registry.npmjs.org/once/-/once-1.4.0.tgz 798ms (cache miss)
253 http fetch GET 200 https://registry.npmjs.org/ms/-/ms-2.0.0.tgz 794ms (cache miss)
254 http fetch GET 200 https://registry.npmjs.org/mkdirp-classic/-/mkdirp-classic-0.5.3.tgz 795ms (cache miss)
255 http fetch GET 200 https://registry.npmjs.org/safe-buffer/-/safe-buffer-5.2.1.tgz 829ms (cache miss)
256 http fetch GET 200 https://registry.npmjs.org/proxy-addr/-/proxy-addr-2.0.7.tgz 826ms (cache miss)
257 http fetch GET 200 https://registry.npmjs.org/promise-retry/-/promise-retry-2.0.1.tgz 825ms (cache miss)
258 http fetch GET 200 https://registry.npmjs.org/negotiator/-/negotiator-0.6.3.tgz 816ms (cache miss)
259 http fetch GET 200 https://registry.npmjs.org/mkdirp/-/mkdirp-1.0.4.tgz 814ms (cache miss)
260 http fetch GET 200 https://registry.npmjs.org/napi-build-utils/-/napi-build-utils-2.0.0.tgz 815ms (cache miss)
261 http fetch GET 200 https://registry.npmjs.org/serve-static/-/serve-static-1.16.3.tgz 852ms (cache miss)
262 http fetch GET 200 https://registry.npmjs.org/rc/-/rc-1.2.8.tgz 845ms (cache miss)
263 http fetch GET 200 https://registry.npmjs.org/on-finished/-/on-finished-2.4.1.tgz 835ms (cache miss)
264 http fetch GET 200 https://registry.npmjs.org/node-abi/-/node-abi-3.96.0.tgz 833ms (cache miss)
265 http fetch GET 200 https://registry.npmjs.org/minipass-pipeline/-/minipass-pipeline-1.2.4.tgz 827ms (cache miss)
266 http fetch GET 200 https://registry.npmjs.org/mimic-response/-/mimic-response-3.1.0.tgz 826ms (cache miss)
267 http fetch GET 200 https://registry.npmjs.org/math-intrinsics/-/math-intrinsics-1.1.0.tgz 808ms (cache miss)
268 http fetch GET 200 https://registry.npmjs.org/imurmurhash/-/imurmurhash-0.1.4.tgz 803ms (cache miss)
269 http fetch GET 200 https://registry.npmjs.org/send/-/send-0.19.2.tgz 866ms (cache miss)
270 http fetch GET 200 https://registry.npmjs.org/side-channel/-/side-channel-1.1.1.tgz 872ms (cache miss)
271 http fetch GET 200 https://registry.npmjs.org/safer-buffer/-/safer-buffer-2.1.2.tgz 866ms (cache miss)
272 http fetch GET 200 https://registry.npmjs.org/minipass-collect/-/minipass-collect-1.0.2.tgz 844ms (cache miss)
273 http fetch GET 200 https://registry.npmjs.org/minipass-flush/-/minipass-flush-1.0.7.tgz 845ms (cache miss)
274 http fetch GET 200 https://registry.npmjs.org/minipass/-/minipass-3.3.6.tgz 844ms (cache miss)
275 http fetch GET 200 https://registry.npmjs.org/is-fullwidth-code-point/-/is-fullwidth-code-point-3.0.0.tgz 822ms (cache miss)
276 http fetch GET 200 https://registry.npmjs.org/is-lambda/-/is-lambda-1.0.1.tgz 824ms (cache miss)
277 http fetch GET 200 https://registry.npmjs.org/methods/-/methods-1.1.2.tgz 872ms (cache miss)
278 http fetch GET 200 https://registry.npmjs.org/minipass-fetch/-/minipass-fetch-1.4.1.tgz 901ms (cache miss)
279 http fetch GET 200 https://registry.npmjs.org/merge-descriptors/-/merge-descriptors-1.0.3.tgz 896ms (cache miss)
280 http fetch GET 200 https://registry.npmjs.org/lru-cache/-/lru-cache-6.0.0.tgz 880ms (cache miss)
281 http fetch GET 200 https://registry.npmjs.org/ieee754/-/ieee754-1.2.1.tgz 876ms (cache miss)
282 http fetch GET 200 https://registry.npmjs.org/mime-types/-/mime-types-2.1.35.tgz 916ms (cache miss)
283 http fetch GET 200 https://registry.npmjs.org/isexe/-/isexe-2.0.0.tgz 896ms (cache miss)
284 http fetch GET 200 https://registry.npmjs.org/ini/-/ini-1.3.8.tgz 894ms (cache miss)
285 http fetch GET 200 https://registry.npmjs.org/inflight/-/inflight-1.0.6.tgz 893ms (cache miss)
286 warn deprecated inflight@1.0.6: This module is not supported, and leaks memory. Do not use it. Check out lru-cache if you want a good and tested way to coalesce async requests by a key value, which is much more comprehensive and powerful.
287 http fetch GET 200 https://registry.npmjs.org/inherits/-/inherits-2.0.4.tgz 895ms (cache miss)
288 http fetch GET 200 https://registry.npmjs.org/minizlib/-/minizlib-2.1.2.tgz 936ms (cache miss)
289 http fetch GET 200 https://registry.npmjs.org/media-typer/-/media-typer-0.3.0.tgz 914ms (cache miss)
290 http fetch GET 200 https://registry.npmjs.org/ipaddr.js/-/ipaddr.js-1.9.1.tgz 912ms (cache miss)
291 http fetch GET 200 https://registry.npmjs.org/infer-owner/-/infer-owner-1.0.4.tgz 910ms (cache miss)
292 http fetch GET 200 https://registry.npmjs.org/fs-constants/-/fs-constants-1.0.0.tgz 899ms (cache miss)
293 http fetch GET 200 https://registry.npmjs.org/forwarded/-/forwarded-0.2.0.tgz 899ms (cache miss)
294 http fetch GET 200 https://registry.npmjs.org/nopt/-/nopt-5.0.0.tgz 955ms (cache miss)
295 http fetch GET 200 https://registry.npmjs.org/minimatch/-/minimatch-3.1.5.tgz 946ms (cache miss)
296 http fetch GET 200 https://registry.npmjs.org/humanize-ms/-/humanize-ms-1.2.1.tgz 920ms (cache miss)
297 http fetch GET 200 https://registry.npmjs.org/http-proxy-agent/-/http-proxy-agent-4.0.1.tgz 920ms (cache miss)
298 http fetch GET 200 https://registry.npmjs.org/unique-filename/-/unique-filename-1.1.1.tgz 998ms (cache miss)
299 http fetch GET 200 https://registry.npmjs.org/indent-string/-/indent-string-4.0.0.tgz 932ms (cache miss)
300 http fetch GET 200 https://registry.npmjs.org/graceful-fs/-/graceful-fs-4.2.11.tgz 927ms (cache miss)
301 http fetch GET 200 https://registry.npmjs.org/http-cache-semantics/-/http-cache-semantics-4.2.0.tgz 930ms (cache miss)
302 http fetch GET 200 https://registry.npmjs.org/gopd/-/gopd-1.2.0.tgz 927ms (cache miss)
303 http fetch GET 200 https://registry.npmjs.org/has-unicode/-/has-unicode-2.0.1.tgz 937ms (cache miss)
304 http fetch GET 200 https://registry.npmjs.org/fs-minipass/-/fs-minipass-2.1.0.tgz 930ms (cache miss)
305 http fetch GET 200 https://registry.npmjs.org/fresh/-/fresh-0.5.2.tgz 929ms (cache miss)
306 http fetch GET 200 https://registry.npmjs.org/finalhandler/-/finalhandler-1.3.2.tgz 929ms (cache miss)
307 http fetch GET 200 https://registry.npmjs.org/expand-template/-/expand-template-2.0.3.tgz 928ms (cache miss)
308 http fetch GET 200 https://registry.npmjs.org/etag/-/etag-1.8.1.tgz 928ms (cache miss)
309 http fetch GET 200 https://registry.npmjs.org/https-proxy-agent/-/https-proxy-agent-5.0.1.tgz 945ms (cache miss)
310 http fetch GET 200 https://registry.npmjs.org/glob/-/glob-7.2.3.tgz 941ms (cache miss)
311 warn deprecated glob@7.2.3: Old versions of glob are not supported, and contain widely publicized security vulnerabilities, which have been fixed in the current version. Please update. Support for old versions may be purchased (at exorbitant rates) by contacting i@izs.me
312 http fetch GET 200 https://registry.npmjs.org/get-intrinsic/-/get-intrinsic-1.3.0.tgz 940ms (cache miss)
313 http fetch GET 200 https://registry.npmjs.org/get-proto/-/get-proto-1.0.1.tgz 940ms (cache miss)
314 http fetch GET 200 https://registry.npmjs.org/function-bind/-/function-bind-1.1.2.tgz 940ms (cache miss)
315 http fetch GET 200 https://registry.npmjs.org/emoji-regex/-/emoji-regex-8.0.0.tgz 931ms (cache miss)
316 http fetch GET 200 https://registry.npmjs.org/retry/-/retry-0.12.0.tgz 999ms (cache miss)
317 http fetch GET 200 https://registry.npmjs.org/http-errors/-/http-errors-2.0.1.tgz 951ms (cache miss)
318 http fetch GET 200 https://registry.npmjs.org/github-from-package/-/github-from-package-0.0.0.tgz 947ms (cache miss)
319 http fetch GET 200 https://registry.npmjs.org/fs.realpath/-/fs.realpath-1.0.0.tgz 945ms (cache miss)
320 http fetch GET 200 https://registry.npmjs.org/encoding/-/encoding-0.1.13.tgz 937ms (cache miss)
321 http fetch GET 200 https://registry.npmjs.org/hasown/-/hasown-2.0.4.tgz 954ms (cache miss)
322 http fetch GET 200 https://registry.npmjs.org/escape-html/-/escape-html-1.0.3.tgz 943ms (cache miss)
323 http fetch GET 200 https://registry.npmjs.org/ee-first/-/ee-first-1.1.1.tgz 939ms (cache miss)
324 http fetch GET 200 https://registry.npmjs.org/es-define-property/-/es-define-property-1.0.1.tgz 946ms (cache miss)
325 http fetch GET 200 https://registry.npmjs.org/err-code/-/err-code-2.0.3.tgz 946ms (cache miss)
326 http fetch GET 200 https://registry.npmjs.org/end-of-stream/-/end-of-stream-1.4.5.tgz 946ms (cache miss)
327 http fetch GET 200 https://registry.npmjs.org/env-paths/-/env-paths-2.2.1.tgz 946ms (cache miss)
328 http fetch GET 200 https://registry.npmjs.org/detect-libc/-/detect-libc-2.1.2.tgz 941ms (cache miss)
329 http fetch GET 200 https://registry.npmjs.org/concat-map/-/concat-map-0.0.1.tgz 935ms (cache miss)
330 http fetch GET 200 https://registry.npmjs.org/encodeurl/-/encodeurl-2.0.0.tgz 949ms (cache miss)
331 http fetch GET 200 https://registry.npmjs.org/mime-db/-/mime-db-1.52.0.tgz 995ms (cache miss)
332 http fetch GET 200 https://registry.npmjs.org/has-symbols/-/has-symbols-1.1.0.tgz 968ms (cache miss)
333 http fetch GET 200 https://registry.npmjs.org/dunder-proto/-/dunder-proto-1.0.1.tgz 953ms (cache miss)
334 http fetch GET 200 https://registry.npmjs.org/gauge/-/gauge-4.0.4.tgz 965ms (cache miss)
335 http fetch GET 200 https://registry.npmjs.org/delegates/-/delegates-1.0.0.tgz 951ms (cache miss)
336 http fetch GET 200 https://registry.npmjs.org/content-disposition/-/content-disposition-0.5.4.tgz 946ms (cache miss)
337 http fetch GET 200 https://registry.npmjs.org/destroy/-/destroy-1.2.0.tgz 955ms (cache miss)
338 http fetch GET 200 https://registry.npmjs.org/decompress-response/-/decompress-response-6.0.0.tgz 955ms (cache miss)
339 http fetch GET 200 https://registry.npmjs.org/cookie-signature/-/cookie-signature-1.0.7.tgz 954ms (cache miss)
340 http fetch GET 200 https://registry.npmjs.org/content-type/-/content-type-1.0.5.tgz 952ms (cache miss)
341 http fetch GET 200 https://registry.npmjs.org/call-bound/-/call-bound-1.0.4.tgz 949ms (cache miss)
342 http fetch GET 200 https://registry.npmjs.org/chownr/-/chownr-2.0.0.tgz 950ms (cache miss)
343 http fetch GET 200 https://registry.npmjs.org/file-uri-to-path/-/file-uri-to-path-1.0.0.tgz 967ms (cache miss)
344 http fetch GET 200 https://registry.npmjs.org/depd/-/depd-2.0.0.tgz 960ms (cache miss)
345 warn deprecated gauge@4.0.4: This package is no longer supported.
346 http fetch GET 200 https://registry.npmjs.org/deep-extend/-/deep-extend-0.6.0.tgz 960ms (cache miss)
347 http fetch GET 200 https://registry.npmjs.org/buffer/-/buffer-5.7.1.tgz 951ms (cache miss)
348 http fetch GET 200 https://registry.npmjs.org/bytes/-/bytes-3.1.2.tgz 952ms (cache miss)
349 http fetch GET 200 https://registry.npmjs.org/balanced-match/-/balanced-match-1.0.2.tgz 950ms (cache miss)
350 http fetch GET 200 https://registry.npmjs.org/ansi-regex/-/ansi-regex-5.0.1.tgz 945ms (cache miss)
351 http fetch GET 200 https://registry.npmjs.org/console-control-strings/-/console-control-strings-1.1.0.tgz 960ms (cache miss)
352 http fetch GET 200 https://registry.npmjs.org/color-support/-/color-support-1.1.3.tgz 959ms (cache miss)
353 http fetch GET 200 https://registry.npmjs.org/clean-stack/-/clean-stack-2.2.0.tgz 959ms (cache miss)
354 http fetch GET 200 https://registry.npmjs.org/brace-expansion/-/brace-expansion-1.1.18.tgz 957ms (cache miss)
355 http fetch GET 200 https://registry.npmjs.org/bl/-/bl-4.1.0.tgz 956ms (cache miss)
356 http fetch GET 200 https://registry.npmjs.org/@npmcli/move-file/-/move-file-1.1.2.tgz 947ms (cache miss)
357 warn deprecated @npmcli/move-file@1.1.2: This functionality has been moved to @npmcli/fs
358 http fetch GET 200 https://registry.npmjs.org/bindings/-/bindings-1.5.0.tgz 958ms (cache miss)
359 http fetch GET 200 https://registry.npmjs.org/@gar/promisify/-/promisify-1.1.3.tgz 949ms (cache miss)
360 http fetch GET 200 https://registry.npmjs.org/cookie/-/cookie-0.7.2.tgz 969ms (cache miss)
361 http fetch GET 200 https://registry.npmjs.org/array-flatten/-/array-flatten-1.1.1.tgz 957ms (cache miss)
362 http fetch GET 200 https://registry.npmjs.org/abbrev/-/abbrev-1.1.1.tgz 953ms (cache miss)
363 http fetch GET 200 https://registry.npmjs.org/aggregate-error/-/aggregate-error-3.1.0.tgz 955ms (cache miss)
364 http fetch GET 200 https://registry.npmjs.org/@tootallnate/once/-/once-1.1.2.tgz 953ms (cache miss)
365 http fetch GET 200 https://registry.npmjs.org/es-object-atoms/-/es-object-atoms-1.1.2.tgz 981ms (cache miss)
366 http fetch GET 200 https://registry.npmjs.org/es-errors/-/es-errors-1.3.0.tgz 981ms (cache miss)
367 http fetch GET 200 https://registry.npmjs.org/base64-js/-/base64-js-1.5.1.tgz 964ms (cache miss)
368 http fetch GET 200 https://registry.npmjs.org/agentkeepalive/-/agentkeepalive-4.6.0.tgz 958ms (cache miss)
369 http fetch GET 200 https://registry.npmjs.org/are-we-there-yet/-/are-we-there-yet-3.0.1.tgz 959ms (cache miss)
370 warn deprecated are-we-there-yet@3.0.1: This package is no longer supported.
371 http fetch GET 200 https://registry.npmjs.org/agent-base/-/agent-base-6.0.2.tgz 958ms (cache miss)
372 http fetch GET 200 https://registry.npmjs.org/debug/-/debug-4.4.3.tgz 947ms (cache miss)
373 http fetch GET 200 https://registry.npmjs.org/aproba/-/aproba-2.1.0.tgz 962ms (cache miss)
374 http fetch GET 200 https://registry.npmjs.org/chownr/-/chownr-1.1.4.tgz 954ms (cache miss)
375 http fetch GET 200 https://registry.npmjs.org/tar-fs/-/tar-fs-2.1.5.tgz 1063ms (cache miss)
376 http fetch GET 200 https://registry.npmjs.org/mime/-/mime-1.6.0.tgz 1024ms (cache miss)
377 http fetch GET 200 https://registry.npmjs.org/body-parser/-/body-parser-1.20.6.tgz 970ms (cache miss)
378 http fetch GET 200 https://registry.npmjs.org/accepts/-/accepts-1.3.8.tgz 962ms (cache miss)
379 http fetch GET 200 https://registry.npmjs.org/ms/-/ms-2.1.3.tgz 954ms (cache miss)
380 http fetch GET 200 https://registry.npmjs.org/minipass/-/minipass-5.0.0.tgz 955ms (cache miss)
381 http fetch GET 200 https://registry.npmjs.org/call-bind-apply-helpers/-/call-bind-apply-helpers-1.0.2.tgz 978ms (cache miss)
382 http fetch GET 200 https://registry.npmjs.org/ms/-/ms-2.1.3.tgz 961ms (cache miss)
383 http fetch GET 200 https://registry.npmjs.org/ms/-/ms-2.1.3.tgz 960ms (cache miss)
384 http fetch GET 200 https://registry.npmjs.org/ms/-/ms-2.1.3.tgz 957ms (cache miss)
385 http fetch GET 200 https://registry.npmjs.org/ms/-/ms-2.1.3.tgz 958ms (cache miss)
386 http fetch GET 200 https://registry.npmjs.org/debug/-/debug-4.4.3.tgz 961ms (cache miss)
387 http fetch GET 200 https://registry.npmjs.org/debug/-/debug-4.4.3.tgz 960ms (cache miss)
388 http fetch GET 200 https://registry.npmjs.org/parseurl/-/parseurl-1.3.3.tgz 959ms (cache miss)
389 http fetch GET 200 https://registry.npmjs.org/minipass-sized/-/minipass-sized-1.0.3.tgz 1042ms (cache miss)
390 http fetch GET 200 https://registry.npmjs.org/make-fetch-happen/-/make-fetch-happen-9.1.0.tgz 1021ms (cache miss)
391 http fetch GET 200 https://registry.npmjs.org/dotenv/-/dotenv-17.4.2.tgz 996ms (cache miss)
392 http fetch GET 200 https://registry.npmjs.org/debug/-/debug-2.6.9.tgz 994ms (cache miss)
393 http fetch GET 200 https://registry.npmjs.org/debug/-/debug-4.4.3.tgz 969ms (cache miss)
394 http fetch GET 200 https://registry.npmjs.org/minimist/-/minimist-1.2.8.tgz 1046ms (cache miss)
395 http fetch GET 200 https://registry.npmjs.org/readable-stream/-/readable-stream-3.6.2.tgz 1073ms (cache miss)
396 http fetch GET 200 https://registry.npmjs.org/semver/-/semver-7.8.5.tgz 1079ms (cache miss)
397 http fetch GET 200 https://registry.npmjs.org/@npmcli/fs/-/fs-1.1.1.tgz 986ms (cache miss)
398 http fetch GET 200 https://registry.npmjs.org/express/-/express-4.22.2.tgz 1017ms (cache miss)
399 http fetch GET 200 https://registry.npmjs.org/object-inspect/-/object-inspect-1.13.4.tgz 1068ms (cache miss)
400 http fetch GET 200 https://registry.npmjs.org/node-addon-api/-/node-addon-api-7.1.1.tgz 1068ms (cache miss)
401 http fetch GET 200 https://registry.npmjs.org/cacache/-/cacache-15.3.0.tgz 1004ms (cache miss)
402 http fetch GET 200 https://registry.npmjs.org/qs/-/qs-6.15.3.tgz 1083ms (cache miss)
403 http fetch GET 200 https://registry.npmjs.org/socks/-/socks-2.8.10.tgz 1099ms (cache miss)
404 http fetch GET 200 https://registry.npmjs.org/iconv-lite/-/iconv-lite-0.4.24.tgz 1042ms (cache miss)
405 http fetch GET 200 https://registry.npmjs.org/ip-address/-/ip-address-10.7.0.tgz 1047ms (cache miss)
406 http fetch GET 200 https://registry.npmjs.org/iconv-lite/-/iconv-lite-0.6.3.tgz 998ms (cache miss)
407 http fetch GET 200 https://registry.npmjs.org/sqlite3/-/sqlite3-5.1.7.tgz 1146ms (cache miss)
408 http fetch GET 200 https://registry.npmjs.org/node-gyp/-/node-gyp-8.4.1.tgz 1124ms (cache miss)
409 info run sqlite3@5.1.7 install node_modules/sqlite3 prebuild-install -r napi || node-gyp rebuild
410 info run sqlite3@5.1.7 install { code: 0, signal: null }
411 http fetch POST 200 https://registry.npmjs.org/-/npm/v1/security/advisories/bulk 124887ms
412 silly audit report {
412 silly audit report   '@tootallnate/once': [
412 silly audit report     {
412 silly audit report       id: 1119438,
412 silly audit report       url: 'https://github.com/advisories/GHSA-vpq2-c234-7xj6',
412 silly audit report       title: '@tootallnate/once vulnerable to Incorrect Control Flow Scoping',
412 silly audit report       severity: 'low',
412 silly audit report       vulnerable_versions: '<2.0.1',
412 silly audit report       cwe: [Array],
412 silly audit report       cvss: [Object]
412 silly audit report     }
412 silly audit report   ],
412 silly audit report   qs: [
412 silly audit report     {
412 silly audit report       id: 1158506,
412 silly audit report       url: 'https://github.com/advisories/GHSA-x5fp-wj9c-mxmx',
412 silly audit report       title: 'qs array-limit bypass via bracket-key comma parsing',
412 silly audit report       severity: 'moderate',
412 silly audit report       vulnerable_versions: '>=6.14.2 <=6.15.3',
412 silly audit report       cwe: [Array],
412 silly audit report       cvss: [Object]
412 silly audit report     },
412 silly audit report     {
412 silly audit report       id: 1158507,
412 silly audit report       url: 'https://github.com/advisories/GHSA-4mjr-xmp4-gh2g',
412 silly audit report       title: 'qs: Denial of Service via Attacker Controlled isBuffer',
412 silly audit report       severity: 'moderate',
412 silly audit report       vulnerable_versions: '>=2.2.5 <6.16.0',
412 silly audit report       cwe: [Array],
412 silly audit report       cvss: [Object]
412 silly audit report     }
412 silly audit report   ],
412 silly audit report   tar: [
412 silly audit report     {
412 silly audit report       id: 1112659,
412 silly audit report       url: 'https://github.com/advisories/GHSA-34x7-hfp2-rc4v',
412 silly audit report       title: 'node-tar Vulnerable to Arbitrary File Creation/Overwrite via Hardlink Path Traversal',
412 silly audit report       severity: 'high',
412 silly audit report       vulnerable_versions: '<7.5.7',
412 silly audit report       cwe: [Array],
412 silly audit report       cvss: [Object]
412 silly audit report     },
412 silly audit report     {
412 silly audit report       id: 1113300,
412 silly audit report       url: 'https://github.com/advisories/GHSA-8qq5-rm4j-mr97',
412 silly audit report       title: 'node-tar is Vulnerable to Arbitrary File Overwrite and Symlink Poisoning via Insufficient Path Sanitization',
412 silly audit report       severity: 'high',
412 silly audit report       vulnerable_versions: '<=7.5.2',
412 silly audit report       cwe: [Array],
412 silly audit report       cvss: [Object]
412 silly audit report     },
412 silly audit report     {
412 silly audit report       id: 1113375,
412 silly audit report       url: 'https://github.com/advisories/GHSA-83g3-92jg-28cx',
412 silly audit report       title: 'Arbitrary File Read/Write via Hardlink Target Escape Through Symlink Chain in node-tar Extraction',
412 silly audit report       severity: 'high',
412 silly audit report       vulnerable_versions: '<7.5.8',
412 silly audit report       cwe: [Array],
412 silly audit report       cvss: [Object]
412 silly audit report     },
412 silly audit report     {
412 silly audit report       id: 1114200,
412 silly audit report       url: 'https://github.com/advisories/GHSA-qffp-2rhf-9h96',
412 silly audit report       title: 'tar has Hardlink Path Traversal via Drive-Relative Linkpath',
412 silly audit report       severity: 'high',
412 silly audit report       vulnerable_versions: '<=7.5.9',
412 silly audit report       cwe: [Array],
412 silly audit report       cvss: [Object]
412 silly audit report     },
412 silly audit report     {
412 silly audit report       id: 1114302,
412 silly audit report       url: 'https://github.com/advisories/GHSA-9ppj-qmqm-q256',
412 silly audit report       title: 'node-tar Symlink Path Traversal via Drive-Relative Linkpath',
412 silly audit report       severity: 'high',
412 silly audit report       vulnerable_versions: '<=7.5.10',
412 silly audit report       cwe: [Array],
412 silly audit report       cvss: [Object]
412 silly audit report     },
412 silly audit report     {
412 silly audit report       id: 1120782,
412 silly audit report       url: 'https://github.com/advisories/GHSA-vmf3-w455-68vh',
412 silly audit report       title: 'node-tar applies PAX size override to intermediary GNU long-name/long-link headers, causing tar parser interpretation differential (file smuggling)',
412 silly audit report       severity: 'moderate',
412 silly audit report       vulnerable_versions: '<=7.5.15',
412 silly audit report       cwe: [Array],
412 silly audit report       cvss: [Object]
412 silly audit report     },
412 silly audit report     {
412 silly audit report       id: 1114680,
412 silly audit report       url: 'https://github.com/advisories/GHSA-r6q2-hw4h-h46w',
412 silly audit report       title: 'Race Condition in node-tar Path Reservations via Unicode Ligature Collisions on macOS APFS',
412 silly audit report       severity: 'high',
412 silly audit report       vulnerable_versions: '<=7.5.3',
412 silly audit report       cwe: [Array],
412 silly audit report       cvss: [Object]
412 silly audit report     },
412 silly audit report     {
412 silly audit report       id: 1123939,
412 silly audit report       url: 'https://github.com/advisories/GHSA-w8wr-v893-vjvp',
412 silly audit report       title: 'node-tar: Process crash via PAX numeric path type confusion',
412 silly audit report       severity: 'moderate',
412 silly audit report       vulnerable_versions: '<=7.5.17',
412 silly audit report       cwe: [Array],
412 silly audit report       cvss: [Object]
412 silly audit report     },
412 silly audit report     {
412 silly audit report       id: 1123940,
412 silly audit report       url: 'https://github.com/advisories/GHSA-23hp-3jrh-7fpw',
412 silly audit report       title: 'node-tar: Decompression/parse DoS via unlimited input',
412 silly audit report       severity: 'critical',
412 silly audit report       vulnerable_versions: '<=7.5.18',
412 silly audit report       cwe: [Array],
412 silly audit report       cvss: [Object]
412 silly audit report     },
412 silly audit report     {
412 silly audit report       id: 1123941,
412 silly audit report       url: 'https://github.com/advisories/GHSA-8x88-c5mf-7j5w',
412 silly audit report       title: 'node-tar: Negative tar entry size causes infinite loop in archive replace',
412 silly audit report       severity: 'high',
412 silly audit report       vulnerable_versions: '<=7.5.17',
412 silly audit report       cwe: [Array],
412 silly audit report       cvss: [Object]
412 silly audit report     },
412 silly audit report     {
412 silly audit report       id: 1123942,
412 silly audit report       url: 'https://github.com/advisories/GHSA-gvwx-54wh-qm9j',
412 silly audit report       title: 'node-tar: Uncaught Exception DoS via NUL byte in PAX path/linkpath records',
412 silly audit report       severity: 'moderate',
412 silly audit report       vulnerable_versions: '<=7.5.16',
412 silly audit report       cwe: [Array],
412 silly audit report       cvss: [Object]
412 silly audit report     },
412 silly audit report     {
412 silly audit report       id: 1145647,
412 silly audit report       url: 'https://github.com/advisories/GHSA-r292-9mhp-454m',
412 silly audit report       title: 'node-tar: Uncontrolled recursion in mapHas/filesFilter allows uncatchable stack-overflow DoS via crafted long-path tar with member selection',
412 silly audit report       severity: 'high',
412 silly audit report       vulnerable_versions: '<=7.5.20',
412 silly audit report       cwe: [Array],
412 silly audit report       cvss: [Object]
412 silly audit report     }
412 silly audit report   ]
412 silly audit report }
413 silly packumentCache corgi:https://registry.npmjs.org/@tootallnate%2fonce cache-miss
414 silly packumentCache corgi:https://registry.npmjs.org/qs cache-miss
415 silly packumentCache corgi:https://registry.npmjs.org/tar cache-miss
416 http fetch GET 200 https://registry.npmjs.org/tar 40ms (cache miss)
417 silly packumentCache corgi:https://registry.npmjs.org/tar set size:undefined disposed:false
418 http fetch GET 200 https://registry.npmjs.org/@tootallnate%2fonce 91ms (cache miss)
419 silly packumentCache corgi:https://registry.npmjs.org/@tootallnate%2fonce set size:undefined disposed:false
420 http fetch GET 200 https://registry.npmjs.org/qs 92ms (cache miss)
421 silly packumentCache corgi:https://registry.npmjs.org/qs set size:undefined disposed:false
422 silly packumentCache corgi:https://registry.npmjs.org/http-proxy-agent cache-miss
423 http fetch GET 200 https://registry.npmjs.org/http-proxy-agent 85ms (cache miss)
424 silly packumentCache corgi:https://registry.npmjs.org/http-proxy-agent set size:undefined disposed:false
425 silly packumentCache corgi:https://registry.npmjs.org/body-parser cache-miss
426 silly packumentCache corgi:https://registry.npmjs.org/express cache-miss
427 http fetch GET 200 https://registry.npmjs.org/body-parser 49ms (cache miss)
428 silly packumentCache corgi:https://registry.npmjs.org/body-parser set size:undefined disposed:false
429 http fetch GET 200 https://registry.npmjs.org/express 93ms (cache miss)
430 silly packumentCache corgi:https://registry.npmjs.org/express set size:undefined disposed:false
431 silly packumentCache corgi:https://registry.npmjs.org/cacache cache-miss
432 silly packumentCache corgi:https://registry.npmjs.org/node-gyp cache-miss
433 silly packumentCache corgi:https://registry.npmjs.org/sqlite3 cache-miss
434 http fetch GET 200 https://registry.npmjs.org/sqlite3 35ms (cache miss)
435 silly packumentCache corgi:https://registry.npmjs.org/sqlite3 set size:undefined disposed:false
436 http fetch GET 200 https://registry.npmjs.org/cacache 55ms (cache miss)
437 silly packumentCache corgi:https://registry.npmjs.org/cacache set size:undefined disposed:false
438 http fetch GET 200 https://registry.npmjs.org/node-gyp 61ms (cache miss)
439 silly packumentCache corgi:https://registry.npmjs.org/node-gyp set size:undefined disposed:false
440 silly packumentCache corgi:https://registry.npmjs.org/make-fetch-happen cache-miss
441 http fetch GET 200 https://registry.npmjs.org/make-fetch-happen 42ms (cache miss)
442 silly packumentCache corgi:https://registry.npmjs.org/make-fetch-happen set size:undefined disposed:false
443 silly ADD node_modules/yallist
444 silly ADD node_modules/wrappy
445 silly ADD node_modules/wide-align
446 silly ADD node_modules/which
447 silly ADD node_modules/vary
448 silly ADD node_modules/utils-merge
449 silly ADD node_modules/util-deprecate
450 silly ADD node_modules/unpipe
451 silly ADD node_modules/unique-slug
452 silly ADD node_modules/unique-filename
453 silly ADD node_modules/type-is
454 silly ADD node_modules/tunnel-agent
455 silly ADD node_modules/toidentifier
456 silly ADD node_modules/tar-stream
457 silly ADD node_modules/tar-fs
458 silly ADD node_modules/tar-fs/node_modules/chownr
459 silly ADD node_modules/tar
460 silly ADD node_modules/tar/node_modules/minipass
461 silly ADD node_modules/strip-json-comments
462 silly ADD node_modules/strip-ansi
463 silly ADD node_modules/string-width
464 silly ADD node_modules/string_decoder
465 silly ADD node_modules/statuses
466 silly ADD node_modules/ssri
467 silly ADD node_modules/sqlite3
468 silly ADD node_modules/socks-proxy-agent
469 silly ADD node_modules/socks-proxy-agent/node_modules/ms
470 silly ADD node_modules/socks-proxy-agent/node_modules/debug
471 silly ADD node_modules/socks
472 silly ADD node_modules/smart-buffer
473 silly ADD node_modules/simple-get
474 silly ADD node_modules/simple-concat
475 silly ADD node_modules/signal-exit
476 silly ADD node_modules/side-channel-weakmap
477 silly ADD node_modules/side-channel-map
478 silly ADD node_modules/side-channel-list
479 silly ADD node_modules/side-channel
480 silly ADD node_modules/setprototypeof
481 silly ADD node_modules/set-blocking
482 silly ADD node_modules/serve-static
483 silly ADD node_modules/send
484 silly ADD node_modules/send/node_modules/ms
485 silly ADD node_modules/semver
486 silly ADD node_modules/safer-buffer
487 silly ADD node_modules/safe-buffer
488 silly ADD node_modules/rimraf
489 silly ADD node_modules/retry
490 silly ADD node_modules/readable-stream
491 silly ADD node_modules/rc
492 silly ADD node_modules/raw-body
493 silly ADD node_modules/range-parser
494 silly ADD node_modules/qs
495 silly ADD node_modules/pump
496 silly ADD node_modules/proxy-addr
497 silly ADD node_modules/promise-retry
498 silly ADD node_modules/promise-inflight
499 silly ADD node_modules/prebuild-install
500 silly ADD node_modules/path-to-regexp
501 silly ADD node_modules/path-is-absolute
502 silly ADD node_modules/parseurl
503 silly ADD node_modules/p-map
504 silly ADD node_modules/once
505 silly ADD node_modules/on-finished
506 silly ADD node_modules/object-inspect
507 silly ADD node_modules/npmlog
508 silly ADD node_modules/nopt
509 silly ADD node_modules/node-gyp
510 silly ADD node_modules/node-addon-api
511 silly ADD node_modules/node-abi
512 silly ADD node_modules/negotiator
513 silly ADD node_modules/napi-build-utils
514 silly ADD node_modules/ms
515 silly ADD node_modules/mkdirp-classic
516 silly ADD node_modules/mkdirp
517 silly ADD node_modules/minizlib
518 silly ADD node_modules/minipass-sized
519 silly ADD node_modules/minipass-pipeline
520 silly ADD node_modules/minipass-flush
521 silly ADD node_modules/minipass-fetch
522 silly ADD node_modules/minipass-collect
523 silly ADD node_modules/minipass
524 silly ADD node_modules/minimist
525 silly ADD node_modules/minimatch
526 silly ADD node_modules/mimic-response
527 silly ADD node_modules/mime-types
528 silly ADD node_modules/mime-db
529 silly ADD node_modules/mime
530 silly ADD node_modules/methods
531 silly ADD node_modules/merge-descriptors
532 silly ADD node_modules/media-typer
533 silly ADD node_modules/math-intrinsics
534 silly ADD node_modules/make-fetch-happen
535 silly ADD node_modules/lru-cache
536 silly ADD node_modules/isexe
537 silly ADD node_modules/is-lambda
538 silly ADD node_modules/is-fullwidth-code-point
539 silly ADD node_modules/ipaddr.js
540 silly ADD node_modules/ip-address
541 silly ADD node_modules/ini
542 silly ADD node_modules/inherits
543 silly ADD node_modules/inflight
544 silly ADD node_modules/infer-owner
545 silly ADD node_modules/indent-string
546 silly ADD node_modules/imurmurhash
547 silly ADD node_modules/ieee754
548 silly ADD node_modules/iconv-lite
549 silly ADD node_modules/humanize-ms
550 silly ADD node_modules/https-proxy-agent
551 silly ADD node_modules/https-proxy-agent/node_modules/ms
552 silly ADD node_modules/https-proxy-agent/node_modules/debug
553 silly ADD node_modules/http-proxy-agent
554 silly ADD node_modules/http-proxy-agent/node_modules/ms
555 silly ADD node_modules/http-proxy-agent/node_modules/debug
556 silly ADD node_modules/http-errors
557 silly ADD node_modules/http-cache-semantics
558 silly ADD node_modules/hasown
559 silly ADD node_modules/has-unicode
560 silly ADD node_modules/has-symbols
561 silly ADD node_modules/graceful-fs
562 silly ADD node_modules/gopd
563 silly ADD node_modules/glob
564 silly ADD node_modules/github-from-package
565 silly ADD node_modules/get-proto
566 silly ADD node_modules/get-intrinsic
567 silly ADD node_modules/gauge
568 silly ADD node_modules/function-bind
569 silly ADD node_modules/fs.realpath
570 silly ADD node_modules/fs-minipass
571 silly ADD node_modules/fs-constants
572 silly ADD node_modules/fresh
573 silly ADD node_modules/forwarded
574 silly ADD node_modules/finalhandler
575 silly ADD node_modules/file-uri-to-path
576 silly ADD node_modules/express
577 silly ADD node_modules/expand-template
578 silly ADD node_modules/etag
579 silly ADD node_modules/escape-html
580 silly ADD node_modules/es-object-atoms
581 silly ADD node_modules/es-errors
582 silly ADD node_modules/es-define-property
583 silly ADD node_modules/err-code
584 silly ADD node_modules/env-paths
585 silly ADD node_modules/end-of-stream
586 silly ADD node_modules/encoding
587 silly ADD node_modules/encoding/node_modules/iconv-lite
588 silly ADD node_modules/encodeurl
589 silly ADD node_modules/emoji-regex
590 silly ADD node_modules/ee-first
591 silly ADD node_modules/dunder-proto
592 silly ADD node_modules/dotenv
593 silly ADD node_modules/detect-libc
594 silly ADD node_modules/destroy
595 silly ADD node_modules/depd
596 silly ADD node_modules/delegates
597 silly ADD node_modules/deep-extend
598 silly ADD node_modules/decompress-response
599 silly ADD node_modules/debug
600 silly ADD node_modules/cookie-signature
601 silly ADD node_modules/cookie
602 silly ADD node_modules/content-type
603 silly ADD node_modules/content-disposition
604 silly ADD node_modules/console-control-strings
605 silly ADD node_modules/concat-map
606 silly ADD node_modules/color-support
607 silly ADD node_modules/clean-stack
608 silly ADD node_modules/chownr
609 silly ADD node_modules/call-bound
610 silly ADD node_modules/call-bind-apply-helpers
611 silly ADD node_modules/cacache
612 silly ADD node_modules/bytes
613 silly ADD node_modules/buffer
614 silly ADD node_modules/brace-expansion
615 silly ADD node_modules/body-parser
616 silly ADD node_modules/bl
617 silly ADD node_modules/bindings
618 silly ADD node_modules/base64-js
619 silly ADD node_modules/balanced-match
620 silly ADD node_modules/array-flatten
621 silly ADD node_modules/are-we-there-yet
622 silly ADD node_modules/aproba
623 silly ADD node_modules/ansi-regex
624 silly ADD node_modules/aggregate-error
625 silly ADD node_modules/agentkeepalive
626 silly ADD node_modules/agent-base
627 silly ADD node_modules/agent-base/node_modules/ms
628 silly ADD node_modules/agent-base/node_modules/debug
629 silly ADD node_modules/accepts
630 silly ADD node_modules/abbrev
631 silly ADD node_modules/@tootallnate/once
632 silly ADD node_modules/@npmcli/move-file
633 silly ADD node_modules/@npmcli/fs
634 silly ADD node_modules/@gar/promisify
635 verbose cwd /home/user
636 verbose os Linux 6.1.158+
637 verbose node v20.20.2
638 verbose npm  v10.8.2
639 notice
639 notice New major version of npm available! 10.8.2 -> 12.0.2
639 notice Changelog: https://github.com/npm/cli/releases/tag/v12.0.2
639 notice To update run: npm install -g npm@12.0.2
639 notice  { force: true, [Symbol(proc-log.meta)]: true }
640 verbose exit 0
641 info ok
642 error A complete log of this run can be found in: /home/user/.npm/_logs/2026-09-04T01_41_14_626Z-debug-0.log
